run_dir=results/N7_reg1.0_h3584 device=cuda N=7 hidden_dim=3584 reg_weight=1.0 alpha=2.0 epochs=100
epoch  0 (init)            | first 10 eigs = [0.0000, 0.9938, 0.9939, 0.9940, 0.9941, 0.9941, 0.9941, 0.9942, 0.9942, 0.9943]
epoch   1/100 | loss 3.0902 ce 2.3251 reg 7.6514e-01 | test_acc 0.0992 | lam_1 -0.0000 lam_N 0.9908 lam_N+1 0.9911 gap 0.0003 | t_epoch  10.7s eta 17m37s (total ~17m48s)
epoch   2/100 | loss 2.3091 ce 2.3039 reg 5.1994e-03 | test_acc 0.1020 | lam_1 0.0000 lam_N 0.9901 lam_N+1 0.9904 gap 0.0002 | t_epoch  10.3s eta 17m07s (total ~17m28s)
epoch   3/100 | loss 2.3087 ce 2.3032 reg 5.5807e-03 | test_acc 0.1074 | lam_1 0.0000 lam_N 0.9881 lam_N+1 0.9885 gap 0.0003 | t_epoch  10.2s eta 16m48s (total ~17m19s)
epoch   4/100 | loss 2.2953 ce 2.2870 reg 8.3790e-03 | test_acc 0.1513 | lam_1 0.0000 lam_N 0.9823 lam_N+1 0.9829 gap 0.0005 | t_epoch  10.3s eta 16m35s (total ~17m17s)
epoch   5/100 | loss 2.2386 ce 2.1946 reg 4.4005e-02 | test_acc 0.1721 | lam_1 0.0000 lam_N 0.9776 lam_N+1 0.9813 gap 0.0037 | t_epoch  10.2s eta 16m22s (total ~17m13s)
epoch   6/100 | loss 2.1967 ce 2.1317 reg 6.4928e-02 | test_acc 0.1779 | lam_1 0.0000 lam_N 0.9692 lam_N+1 0.9769 gap 0.0077 | t_epoch  10.3s eta 16m10s (total ~17m12s)
epoch   7/100 | loss 2.1715 ce 2.0957 reg 7.5805e-02 | test_acc 0.1934 | lam_1 -0.0000 lam_N 0.9649 lam_N+1 0.9800 gap 0.0152 | t_epoch  10.2s eta 15m59s (total ~17m11s)
epoch   8/100 | loss 2.1419 ce 2.0590 reg 8.2881e-02 | test_acc 0.1909 | lam_1 -0.0000 lam_N 0.9582 lam_N+1 0.9846 gap 0.0264 | t_epoch  10.3s eta 15m48s (total ~17m11s)
epoch   9/100 | loss 2.1185 ce 2.0296 reg 8.8893e-02 | test_acc 0.1749 | lam_1 -0.0000 lam_N 0.9490 lam_N+1 0.9872 gap 0.0381 | t_epoch  10.3s eta 15m38s (total ~17m10s)
epoch  10/100 | loss 2.1288 ce 2.0381 reg 9.0755e-02 | test_acc 0.1867 | lam_1 0.0000 lam_N 0.9413 lam_N+1 0.9830 gap 0.0417 | t_epoch  10.4s eta 15m28s (total ~17m11s)
epoch  11/100 | loss 2.1003 ce 2.0095 reg 9.0736e-02 | test_acc 0.1795 | lam_1 0.0000 lam_N 0.9358 lam_N+1 0.9834 gap 0.0476 | t_epoch  10.2s eta 15m17s (total ~17m10s)
epoch  12/100 | loss 2.0698 ce 1.9721 reg 9.7626e-02 | test_acc 0.1920 | lam_1 -0.0000 lam_N 0.9274 lam_N+1 0.9852 gap 0.0578 | t_epoch  10.3s eta 15m06s (total ~17m10s)
epoch  13/100 | loss 2.0595 ce 1.9629 reg 9.6565e-02 | test_acc 0.1989 | lam_1 -0.0000 lam_N 0.9211 lam_N+1 0.9898 gap 0.0686 | t_epoch  10.3s eta 14m56s (total ~17m10s)
epoch  14/100 | loss 2.0419 ce 1.9403 reg 1.0166e-01 | test_acc 0.1826 | lam_1 0.0000 lam_N 0.9095 lam_N+1 0.9887 gap 0.0793 | t_epoch  10.2s eta 14m45s (total ~17m09s)
epoch  15/100 | loss 2.0297 ce 1.9280 reg 1.0167e-01 | test_acc 0.2001 | lam_1 0.0000 lam_N 0.9026 lam_N+1 0.9865 gap 0.0839 | t_epoch  10.2s eta 14m34s (total ~17m09s)
epoch  16/100 | loss 2.0200 ce 1.9170 reg 1.0301e-01 | test_acc 0.1953 | lam_1 -0.0000 lam_N 0.8939 lam_N+1 0.9873 gap 0.0934 | t_epoch  10.3s eta 14m24s (total ~17m08s)
epoch  17/100 | loss 2.0069 ce 1.9009 reg 1.0602e-01 | test_acc 0.2181 | lam_1 -0.0000 lam_N 0.8911 lam_N+1 0.9884 gap 0.0973 | t_epoch  10.3s eta 14m14s (total ~17m09s)
epoch  18/100 | loss 2.0001 ce 1.8874 reg 1.1268e-01 | test_acc 0.2624 | lam_1 0.0000 lam_N 0.9060 lam_N+1 0.9871 gap 0.0811 | t_epoch  10.3s eta 14m03s (total ~17m09s)
epoch  19/100 | loss 1.9721 ce 1.8380 reg 1.3409e-01 | test_acc 0.2692 | lam_1 0.0000 lam_N 0.9291 lam_N+1 0.9825 gap 0.0534 | t_epoch  10.3s eta 13m53s (total ~17m09s)
epoch  20/100 | loss 1.9570 ce 1.8123 reg 1.4472e-01 | test_acc 0.2743 | lam_1 0.0000 lam_N 0.9318 lam_N+1 0.9776 gap 0.0458 | t_epoch  10.3s eta 13m43s (total ~17m09s)
epoch  21/100 | loss 1.9429 ce 1.7925 reg 1.5041e-01 | test_acc 0.2873 | lam_1 -0.0000 lam_N 0.9322 lam_N+1 0.9756 gap 0.0434 | t_epoch  10.3s eta 13m32s (total ~17m08s)
epoch  22/100 | loss 1.9301 ce 1.7755 reg 1.5465e-01 | test_acc 0.2885 | lam_1 -0.0000 lam_N 0.9295 lam_N+1 0.9759 gap 0.0465 | t_epoch  10.3s eta 13m22s (total ~17m09s)
epoch  23/100 | loss 1.9124 ce 1.7543 reg 1.5806e-01 | test_acc 0.2797 | lam_1 0.0000 lam_N 0.9212 lam_N+1 0.9764 gap 0.0552 | t_epoch  10.3s eta 13m12s (total ~17m09s)
epoch  24/100 | loss 1.9040 ce 1.7454 reg 1.5857e-01 | test_acc 0.2990 | lam_1 -0.0000 lam_N 0.9137 lam_N+1 0.9774 gap 0.0636 | t_epoch  10.3s eta 13m02s (total ~17m09s)
epoch  25/100 | loss 1.8904 ce 1.7297 reg 1.6072e-01 | test_acc 0.2915 | lam_1 0.0000 lam_N 0.9052 lam_N+1 0.9790 gap 0.0738 | t_epoch  10.3s eta 12m51s (total ~17m09s)
epoch  26/100 | loss 1.8783 ce 1.7155 reg 1.6278e-01 | test_acc 0.2909 | lam_1 0.0000 lam_N 0.8938 lam_N+1 0.9781 gap 0.0843 | t_epoch  10.3s eta 12m41s (total ~17m08s)
epoch  27/100 | loss 1.8725 ce 1.7097 reg 1.6289e-01 | test_acc 0.2971 | lam_1 -0.0000 lam_N 0.8818 lam_N+1 0.9761 gap 0.0944 | t_epoch  10.2s eta 12m30s (total ~17m08s)
epoch  28/100 | loss 1.8591 ce 1.6939 reg 1.6522e-01 | test_acc 0.3074 | lam_1 -0.0000 lam_N 0.8718 lam_N+1 0.9737 gap 0.1019 | t_epoch  10.3s eta 12m20s (total ~17m08s)
epoch  29/100 | loss 1.8477 ce 1.6788 reg 1.6889e-01 | test_acc 0.3170 | lam_1 0.0000 lam_N 0.8642 lam_N+1 0.9723 gap 0.1081 | t_epoch  10.4s eta 12m10s (total ~17m09s)
epoch  30/100 | loss 1.8573 ce 1.6907 reg 1.6661e-01 | test_acc 0.3211 | lam_1 0.0000 lam_N 0.8556 lam_N+1 0.9714 gap 0.1158 | t_epoch  10.2s eta 12m00s (total ~17m09s)
epoch  31/100 | loss 1.8456 ce 1.6733 reg 1.7228e-01 | test_acc 0.3443 | lam_1 -0.0000 lam_N 0.8532 lam_N+1 0.9705 gap 0.1173 | t_epoch  10.3s eta 11m50s (total ~17m09s)
epoch  32/100 | loss 1.8335 ce 1.6526 reg 1.8084e-01 | test_acc 0.3735 | lam_1 0.0000 lam_N 0.8514 lam_N+1 0.9690 gap 0.1176 | t_epoch  10.3s eta 11m39s (total ~17m09s)
epoch  33/100 | loss 1.8126 ce 1.6209 reg 1.9165e-01 | test_acc 0.3803 | lam_1 -0.0000 lam_N 0.8522 lam_N+1 0.9673 gap 0.1152 | t_epoch  10.3s eta 11m29s (total ~17m08s)
epoch  34/100 | loss 1.8021 ce 1.6047 reg 1.9739e-01 | test_acc 0.3849 | lam_1 -0.0000 lam_N 0.8518 lam_N+1 0.9642 gap 0.1124 | t_epoch  10.3s eta 11m19s (total ~17m08s)
epoch  35/100 | loss 1.7889 ce 1.5861 reg 2.0275e-01 | test_acc 0.3860 | lam_1 -0.0000 lam_N 0.8418 lam_N+1 0.9607 gap 0.1189 | t_epoch  10.3s eta 11m08s (total ~17m08s)
epoch  36/100 | loss 1.7826 ce 1.5768 reg 2.0575e-01 | test_acc 0.4069 | lam_1 -0.0000 lam_N 0.8339 lam_N+1 0.9565 gap 0.1227 | t_epoch  10.3s eta 10m58s (total ~17m08s)
epoch  37/100 | loss 1.7682 ce 1.5548 reg 2.1336e-01 | test_acc 0.4159 | lam_1 -0.0000 lam_N 0.8190 lam_N+1 0.9527 gap 0.1338 | t_epoch  10.2s eta 10m48s (total ~17m08s)
epoch  38/100 | loss 1.7802 ce 1.5653 reg 2.1490e-01 | test_acc 0.3294 | lam_1 -0.0000 lam_N 0.8111 lam_N+1 0.9483 gap 0.1373 | t_epoch  10.3s eta 10m37s (total ~17m08s)
epoch  39/100 | loss 1.7754 ce 1.5598 reg 2.1568e-01 | test_acc 0.4387 | lam_1 -0.0000 lam_N 0.7998 lam_N+1 0.9449 gap 0.1450 | t_epoch  10.3s eta 10m27s (total ~17m08s)
epoch  40/100 | loss 1.7531 ce 1.5249 reg 2.2817e-01 | test_acc 0.4365 | lam_1 0.0000 lam_N 0.7889 lam_N+1 0.9398 gap 0.1510 | t_epoch  10.4s eta 10m17s (total ~17m09s)
epoch  41/100 | loss 1.7376 ce 1.5011 reg 2.3641e-01 | test_acc 0.4548 | lam_1 -0.0000 lam_N 0.7779 lam_N+1 0.9369 gap 0.1590 | t_epoch  10.3s eta 10m07s (total ~17m09s)
epoch  42/100 | loss 1.7241 ce 1.4791 reg 2.4504e-01 | test_acc 0.4593 | lam_1 -0.0000 lam_N 0.7710 lam_N+1 0.9338 gap 0.1628 | t_epoch  10.3s eta 9m56s (total ~17m09s)
epoch  43/100 | loss 1.7105 ce 1.4575 reg 2.5301e-01 | test_acc 0.5126 | lam_1 -0.0000 lam_N 0.7622 lam_N+1 0.9291 gap 0.1669 | t_epoch  10.2s eta 9m46s (total ~17m09s)
epoch  44/100 | loss 1.6910 ce 1.4231 reg 2.6788e-01 | test_acc 0.5616 | lam_1 0.0000 lam_N 0.7584 lam_N+1 0.9259 gap 0.1675 | t_epoch  10.2s eta 9m36s (total ~17m08s)
epoch  45/100 | loss 1.6713 ce 1.3860 reg 2.8529e-01 | test_acc 0.5885 | lam_1 0.0000 lam_N 0.7512 lam_N+1 0.9245 gap 0.1733 | t_epoch  10.3s eta 9m25s (total ~17m09s)
epoch  46/100 | loss 1.6487 ce 1.3418 reg 3.0686e-01 | test_acc 0.6114 | lam_1 0.0000 lam_N 0.7462 lam_N+1 0.9244 gap 0.1782 | t_epoch  10.3s eta 9m15s (total ~17m09s)
epoch  47/100 | loss 1.6306 ce 1.3092 reg 3.2139e-01 | test_acc 0.6273 | lam_1 -0.0000 lam_N 0.7406 lam_N+1 0.9217 gap 0.1810 | t_epoch  10.3s eta 9m05s (total ~17m09s)
epoch  48/100 | loss 1.6108 ce 1.2783 reg 3.3247e-01 | test_acc 0.6450 | lam_1 -0.0000 lam_N 0.7281 lam_N+1 0.9201 gap 0.1920 | t_epoch  10.3s eta 8m55s (total ~17m09s)
epoch  49/100 | loss 1.5919 ce 1.2497 reg 3.4212e-01 | test_acc 0.6408 | lam_1 0.0000 lam_N 0.7159 lam_N+1 0.9168 gap 0.2009 | t_epoch  10.3s eta 8m44s (total ~17m08s)
epoch  50/100 | loss 1.5729 ce 1.2168 reg 3.5613e-01 | test_acc 0.6567 | lam_1 0.0000 lam_N 0.7086 lam_N+1 0.9138 gap 0.2052 | t_epoch  10.2s eta 8m34s (total ~17m08s)
epoch  51/100 | loss 1.5537 ce 1.1848 reg 3.6888e-01 | test_acc 0.6937 | lam_1 0.0000 lam_N 0.6940 lam_N+1 0.9084 gap 0.2145 | t_epoch  10.2s eta 8m24s (total ~17m08s)
epoch  52/100 | loss 1.5375 ce 1.1584 reg 3.7905e-01 | test_acc 0.6982 | lam_1 -0.0000 lam_N 0.6845 lam_N+1 0.9043 gap 0.2198 | t_epoch  10.3s eta 8m13s (total ~17m08s)
epoch  53/100 | loss 1.5244 ce 1.1369 reg 3.8747e-01 | test_acc 0.6951 | lam_1 0.0000 lam_N 0.6717 lam_N+1 0.8991 gap 0.2275 | t_epoch  10.2s eta 8m03s (total ~17m08s)
epoch  54/100 | loss 1.5063 ce 1.1107 reg 3.9556e-01 | test_acc 0.7116 | lam_1 0.0000 lam_N 0.6504 lam_N+1 0.8936 gap 0.2432 | t_epoch  10.3s eta 7m53s (total ~17m08s)
epoch  55/100 | loss 1.4979 ce 1.0990 reg 3.9887e-01 | test_acc 0.7221 | lam_1 -0.0000 lam_N 0.6435 lam_N+1 0.8905 gap 0.2470 | t_epoch  10.3s eta 7m42s (total ~17m08s)
epoch  56/100 | loss 1.4904 ce 1.0879 reg 4.0257e-01 | test_acc 0.7161 | lam_1 -0.0000 lam_N 0.6316 lam_N+1 0.8865 gap 0.2549 | t_epoch  10.2s eta 7m32s (total ~17m08s)
epoch  57/100 | loss 1.4799 ce 1.0728 reg 4.0705e-01 | test_acc 0.7350 | lam_1 -0.0000 lam_N 0.6223 lam_N+1 0.8840 gap 0.2618 | t_epoch  10.3s eta 7m22s (total ~17m08s)
epoch  58/100 | loss 1.4727 ce 1.0616 reg 4.1107e-01 | test_acc 0.7430 | lam_1 0.0000 lam_N 0.6164 lam_N+1 0.8816 gap 0.2651 | t_epoch  10.4s eta 7m12s (total ~17m08s)
epoch  59/100 | loss 1.4598 ce 1.0422 reg 4.1761e-01 | test_acc 0.7499 | lam_1 0.0000 lam_N 0.6085 lam_N+1 0.8787 gap 0.2702 | t_epoch  10.3s eta 7m01s (total ~17m08s)
epoch  60/100 | loss 1.4565 ce 1.0366 reg 4.1990e-01 | test_acc 0.7742 | lam_1 -0.0000 lam_N 0.6007 lam_N+1 0.8767 gap 0.2760 | t_epoch  10.3s eta 6m51s (total ~17m08s)
epoch  61/100 | loss 1.4474 ce 1.0244 reg 4.2301e-01 | test_acc 0.7854 | lam_1 0.0000 lam_N 0.5940 lam_N+1 0.8757 gap 0.2816 | t_epoch  10.4s eta 6m41s (total ~17m08s)
epoch  62/100 | loss 1.4408 ce 1.0106 reg 4.3018e-01 | test_acc 0.7968 | lam_1 -0.0000 lam_N 0.5841 lam_N+1 0.8757 gap 0.2916 | t_epoch  10.3s eta 6m30s (total ~17m08s)
epoch  63/100 | loss 1.4299 ce 0.9926 reg 4.3736e-01 | test_acc 0.7932 | lam_1 0.0000 lam_N 0.5831 lam_N+1 0.8714 gap 0.2883 | t_epoch  10.3s eta 6m20s (total ~17m08s)
epoch  64/100 | loss 1.4243 ce 0.9842 reg 4.4015e-01 | test_acc 0.8033 | lam_1 0.0000 lam_N 0.5713 lam_N+1 0.8706 gap 0.2993 | t_epoch  10.4s eta 6m10s (total ~17m09s)
epoch  65/100 | loss 1.4183 ce 0.9716 reg 4.4672e-01 | test_acc 0.8106 | lam_1 -0.0000 lam_N 0.5663 lam_N+1 0.8670 gap 0.3007 | t_epoch  10.2s eta 6m00s (total ~17m08s)
epoch  66/100 | loss 1.4095 ce 0.9583 reg 4.5113e-01 | test_acc 0.8034 | lam_1 -0.0000 lam_N 0.5676 lam_N+1 0.8659 gap 0.2983 | t_epoch  10.2s eta 5m49s (total ~17m08s)
epoch  67/100 | loss 1.4017 ce 0.9457 reg 4.5601e-01 | test_acc 0.8069 | lam_1 -0.0000 lam_N 0.5556 lam_N+1 0.8632 gap 0.3076 | t_epoch  10.3s eta 5m39s (total ~17m08s)
epoch  68/100 | loss 1.3980 ce 0.9403 reg 4.5772e-01 | test_acc 0.8093 | lam_1 0.0000 lam_N 0.5570 lam_N+1 0.8620 gap 0.3050 | t_epoch  10.2s eta 5m29s (total ~17m08s)
epoch  69/100 | loss 1.3903 ce 0.9281 reg 4.6219e-01 | test_acc 0.8213 | lam_1 0.0000 lam_N 0.5430 lam_N+1 0.8591 gap 0.3161 | t_epoch  10.4s eta 5m18s (total ~17m09s)
epoch  70/100 | loss 1.3878 ce 0.9243 reg 4.6352e-01 | test_acc 0.8187 | lam_1 0.0000 lam_N 0.5404 lam_N+1 0.8586 gap 0.3182 | t_epoch  10.3s eta 5m08s (total ~17m08s)
epoch  71/100 | loss 1.3790 ce 0.9120 reg 4.6701e-01 | test_acc 0.8186 | lam_1 -0.0000 lam_N 0.5397 lam_N+1 0.8557 gap 0.3160 | t_epoch  10.3s eta 4m58s (total ~17m08s)
epoch  72/100 | loss 1.3782 ce 0.9098 reg 4.6836e-01 | test_acc 0.8233 | lam_1 0.0000 lam_N 0.5332 lam_N+1 0.8541 gap 0.3209 | t_epoch  10.3s eta 4m48s (total ~17m08s)
epoch  73/100 | loss 1.3733 ce 0.9024 reg 4.7092e-01 | test_acc 0.8286 | lam_1 -0.0000 lam_N 0.5252 lam_N+1 0.8513 gap 0.3261 | t_epoch  10.3s eta 4m37s (total ~17m08s)
epoch  74/100 | loss 1.3676 ce 0.8955 reg 4.7209e-01 | test_acc 0.8218 | lam_1 -0.0000 lam_N 0.5174 lam_N+1 0.8496 gap 0.3321 | t_epoch  10.3s eta 4m27s (total ~17m08s)
epoch  75/100 | loss 1.3662 ce 0.8924 reg 4.7377e-01 | test_acc 0.8245 | lam_1 -0.0000 lam_N 0.5102 lam_N+1 0.8478 gap 0.3376 | t_epoch  10.3s eta 4m17s (total ~17m08s)
epoch  76/100 | loss 1.3600 ce 0.8842 reg 4.7571e-01 | test_acc 0.8208 | lam_1 -0.0000 lam_N 0.5029 lam_N+1 0.8461 gap 0.3431 | t_epoch  10.3s eta 4m06s (total ~17m09s)
epoch  77/100 | loss 1.3547 ce 0.8758 reg 4.7887e-01 | test_acc 0.8276 | lam_1 0.0000 lam_N 0.5044 lam_N+1 0.8457 gap 0.3414 | t_epoch  10.3s eta 3m56s (total ~17m09s)
epoch  78/100 | loss 1.3519 ce 0.8716 reg 4.8026e-01 | test_acc 0.8308 | lam_1 0.0000 lam_N 0.5023 lam_N+1 0.8438 gap 0.3415 | t_epoch  10.3s eta 3m46s (total ~17m09s)
epoch  79/100 | loss 1.3522 ce 0.8722 reg 4.7994e-01 | test_acc 0.8346 | lam_1 -0.0000 lam_N 0.4984 lam_N+1 0.8410 gap 0.3425 | t_epoch  10.3s eta 3m36s (total ~17m09s)
epoch  80/100 | loss 1.3485 ce 0.8666 reg 4.8194e-01 | test_acc 0.8407 | lam_1 -0.0000 lam_N 0.4916 lam_N+1 0.8376 gap 0.3460 | t_epoch  10.4s eta 3m25s (total ~17m09s)
epoch  81/100 | loss 1.3431 ce 0.8583 reg 4.8477e-01 | test_acc 0.8430 | lam_1 0.0000 lam_N 0.4860 lam_N+1 0.8365 gap 0.3504 | t_epoch  10.2s eta 3m15s (total ~17m09s)
epoch  82/100 | loss 1.3445 ce 0.8610 reg 4.8353e-01 | test_acc 0.8436 | lam_1 0.0000 lam_N 0.4794 lam_N+1 0.8352 gap 0.3558 | t_epoch  10.3s eta 3m05s (total ~17m09s)
epoch  83/100 | loss 1.3389 ce 0.8529 reg 4.8604e-01 | test_acc 0.8425 | lam_1 0.0000 lam_N 0.4765 lam_N+1 0.8330 gap 0.3566 | t_epoch  10.4s eta 2m54s (total ~17m09s)
epoch  84/100 | loss 1.3397 ce 0.8537 reg 4.8596e-01 | test_acc 0.8428 | lam_1 0.0000 lam_N 0.4705 lam_N+1 0.8310 gap 0.3605 | t_epoch  10.3s eta 2m44s (total ~17m09s)
epoch  85/100 | loss 1.3372 ce 0.8504 reg 4.8688e-01 | test_acc 0.8553 | lam_1 -0.0000 lam_N 0.4631 lam_N+1 0.8293 gap 0.3663 | t_epoch  10.3s eta 2m34s (total ~17m09s)
epoch  86/100 | loss 1.3359 ce 0.8487 reg 4.8717e-01 | test_acc 0.8505 | lam_1 0.0000 lam_N 0.4602 lam_N+1 0.8280 gap 0.3678 | t_epoch  10.3s eta 2m24s (total ~17m09s)
epoch  87/100 | loss 1.3326 ce 0.8436 reg 4.8902e-01 | test_acc 0.8538 | lam_1 -0.0000 lam_N 0.4589 lam_N+1 0.8261 gap 0.3672 | t_epoch  10.3s eta 2m13s (total ~17m09s)
epoch  88/100 | loss 1.3342 ce 0.8457 reg 4.8849e-01 | test_acc 0.8587 | lam_1 -0.0000 lam_N 0.4567 lam_N+1 0.8248 gap 0.3681 | t_epoch  10.3s eta 2m03s (total ~17m09s)
epoch  89/100 | loss 1.3291 ce 0.8387 reg 4.9045e-01 | test_acc 0.8550 | lam_1 -0.0000 lam_N 0.4543 lam_N+1 0.8242 gap 0.3699 | t_epoch  10.3s eta 1m53s (total ~17m09s)
epoch  90/100 | loss 1.3307 ce 0.8404 reg 4.9027e-01 | test_acc 0.8630 | lam_1 -0.0000 lam_N 0.4521 lam_N+1 0.8235 gap 0.3713 | t_epoch  10.3s eta 1m42s (total ~17m09s)
epoch  91/100 | loss 1.3309 ce 0.8418 reg 4.8909e-01 | test_acc 0.8617 | lam_1 -0.0000 lam_N 0.4502 lam_N+1 0.8230 gap 0.3728 | t_epoch  10.3s eta 1m32s (total ~17m09s)
epoch  92/100 | loss 1.3272 ce 0.8357 reg 4.9150e-01 | test_acc 0.8595 | lam_1 0.0000 lam_N 0.4476 lam_N+1 0.8224 gap 0.3748 | t_epoch  10.3s eta 1m22s (total ~17m09s)
epoch  93/100 | loss 1.3274 ce 0.8354 reg 4.9196e-01 | test_acc 0.8673 | lam_1 -0.0000 lam_N 0.4458 lam_N+1 0.8218 gap 0.3760 | t_epoch  10.2s eta 1m12s (total ~17m09s)
epoch  94/100 | loss 1.3279 ce 0.8369 reg 4.9098e-01 | test_acc 0.8540 | lam_1 -0.0000 lam_N 0.4442 lam_N+1 0.8214 gap 0.3772 | t_epoch  10.3s eta 1m01s (total ~17m09s)
epoch  95/100 | loss 1.3289 ce 0.8382 reg 4.9076e-01 | test_acc 0.8555 | lam_1 0.0000 lam_N 0.4431 lam_N+1 0.8210 gap 0.3779 | t_epoch  10.3s eta 51s (total ~17m09s)
epoch  96/100 | loss 1.3263 ce 0.8350 reg 4.9129e-01 | test_acc 0.8547 | lam_1 -0.0000 lam_N 0.4424 lam_N+1 0.8207 gap 0.3782 | t_epoch  10.3s eta 41s (total ~17m09s)
epoch  97/100 | loss 1.3262 ce 0.8343 reg 4.9194e-01 | test_acc 0.8580 | lam_1 -0.0000 lam_N 0.4418 lam_N+1 0.8205 gap 0.3787 | t_epoch  10.2s eta 30s (total ~17m09s)
epoch  98/100 | loss 1.3253 ce 0.8333 reg 4.9203e-01 | test_acc 0.8650 | lam_1 -0.0000 lam_N 0.4415 lam_N+1 0.8204 gap 0.3788 | t_epoch  10.3s eta 20s (total ~17m09s)
epoch  99/100 | loss 1.3263 ce 0.8337 reg 4.9259e-01 | test_acc 0.8635 | lam_1 0.0000 lam_N 0.4414 lam_N+1 0.8203 gap 0.3789 | t_epoch  10.2s eta 10s (total ~17m09s)
epoch 100/100 | loss 1.3261 ce 0.8335 reg 4.9251e-01 | test_acc 0.8635 | lam_1 -0.0000 lam_N 0.4413 lam_N+1 0.8203 gap 0.3790 | t_epoch  10.3s eta 0s (total ~17m09s)
training complete in 17m09s (mean 10.3s/epoch over 100 epochs)
saved metrics + weights + plots to results/N7_reg1.0_h3584
