run_dir=results/N5_reg1.0_h2560 device=cuda N=5 hidden_dim=2560 reg_weight=1.0 alpha=2.0 epochs=100
epoch  0 (init)            | first 10 eigs = [0.0000, 0.9914, 0.9916, 0.9917, 0.9918, 0.9919, 0.9919, 0.9920, 0.9921, 0.9922]
epoch   1/100 | loss 2.4961 ce 2.3077 reg 1.8841e-01 | test_acc 0.0975 | lam_1 -0.0000 lam_N 0.9833 lam_N+1 0.9842 gap 0.0009 | t_epoch   8.2s eta 13m28s (total ~13m36s)
epoch   2/100 | loss 2.3042 ce 2.3031 reg 1.1288e-03 | test_acc 0.0987 | lam_1 -0.0000 lam_N 0.9851 lam_N+1 0.9854 gap 0.0003 | t_epoch   7.8s eta 13m00s (total ~13m16s)
epoch   3/100 | loss 2.2863 ce 2.2749 reg 1.1456e-02 | test_acc 0.1647 | lam_1 -0.0000 lam_N 0.9784 lam_N+1 0.9846 gap 0.0062 | t_epoch   7.7s eta 12m44s (total ~13m08s)
epoch   4/100 | loss 2.1874 ce 2.1199 reg 6.7531e-02 | test_acc 0.1859 | lam_1 0.0000 lam_N 0.9578 lam_N+1 0.9859 gap 0.0281 | t_epoch   7.8s eta 12m33s (total ~13m05s)
epoch   5/100 | loss 2.1022 ce 2.0183 reg 8.3819e-02 | test_acc 0.1840 | lam_1 0.0000 lam_N 0.9333 lam_N+1 0.9879 gap 0.0547 | t_epoch   7.8s eta 12m24s (total ~13m03s)
epoch   6/100 | loss 2.0559 ce 1.9673 reg 8.8605e-02 | test_acc 0.1972 | lam_1 0.0000 lam_N 0.9181 lam_N+1 0.9899 gap 0.0718 | t_epoch   7.9s eta 12m16s (total ~13m04s)
epoch   7/100 | loss 2.0265 ce 1.9370 reg 8.9571e-02 | test_acc 0.1921 | lam_1 0.0000 lam_N 0.9042 lam_N+1 0.9886 gap 0.0845 | t_epoch   7.8s eta 12m08s (total ~13m03s)
epoch   8/100 | loss 2.0189 ce 1.9287 reg 9.0223e-02 | test_acc 0.1247 | lam_1 -0.0000 lam_N 0.8996 lam_N+1 0.9906 gap 0.0910 | t_epoch   8.0s eta 12m02s (total ~13m05s)
epoch   9/100 | loss 2.0102 ce 1.9223 reg 8.7892e-02 | test_acc 0.2144 | lam_1 -0.0000 lam_N 0.8893 lam_N+1 0.9924 gap 0.1031 | t_epoch   7.8s eta 11m53s (total ~13m04s)
epoch  10/100 | loss 1.9707 ce 1.8688 reg 1.0192e-01 | test_acc 0.2659 | lam_1 0.0000 lam_N 0.9169 lam_N+1 0.9874 gap 0.0705 | t_epoch   7.9s eta 11m46s (total ~13m05s)
epoch  11/100 | loss 1.9240 ce 1.7965 reg 1.2749e-01 | test_acc 0.2851 | lam_1 -0.0000 lam_N 0.9331 lam_N+1 0.9815 gap 0.0484 | t_epoch   7.8s eta 11m38s (total ~13m04s)
epoch  12/100 | loss 1.8866 ce 1.7487 reg 1.3789e-01 | test_acc 0.2874 | lam_1 0.0000 lam_N 0.9302 lam_N+1 0.9806 gap 0.0504 | t_epoch   7.8s eta 11m30s (total ~13m04s)
epoch  13/100 | loss 1.8600 ce 1.7168 reg 1.4327e-01 | test_acc 0.2956 | lam_1 -0.0000 lam_N 0.9199 lam_N+1 0.9793 gap 0.0594 | t_epoch   7.8s eta 11m21s (total ~13m03s)
epoch  14/100 | loss 1.8408 ce 1.6939 reg 1.4690e-01 | test_acc 0.3094 | lam_1 0.0000 lam_N 0.9059 lam_N+1 0.9778 gap 0.0719 | t_epoch   8.0s eta 11m15s (total ~13m05s)
epoch  15/100 | loss 1.8233 ce 1.6705 reg 1.5276e-01 | test_acc 0.3438 | lam_1 -0.0000 lam_N 0.8912 lam_N+1 0.9763 gap 0.0852 | t_epoch   7.9s eta 11m07s (total ~13m05s)
epoch  16/100 | loss 1.8077 ce 1.6455 reg 1.6217e-01 | test_acc 0.3638 | lam_1 -0.0000 lam_N 0.8804 lam_N+1 0.9735 gap 0.0932 | t_epoch   7.8s eta 10m59s (total ~13m05s)
epoch  17/100 | loss 1.7807 ce 1.6072 reg 1.7352e-01 | test_acc 0.3771 | lam_1 0.0000 lam_N 0.8688 lam_N+1 0.9671 gap 0.0983 | t_epoch   7.8s eta 10m51s (total ~13m05s)
epoch  18/100 | loss 1.7608 ce 1.5763 reg 1.8444e-01 | test_acc 0.3854 | lam_1 0.0000 lam_N 0.8531 lam_N+1 0.9591 gap 0.1060 | t_epoch   7.9s eta 10m44s (total ~13m05s)
epoch  19/100 | loss 1.7368 ce 1.5398 reg 1.9696e-01 | test_acc 0.4115 | lam_1 -0.0000 lam_N 0.8370 lam_N+1 0.9536 gap 0.1165 | t_epoch   7.9s eta 10m36s (total ~13m05s)
epoch  20/100 | loss 1.7309 ce 1.5275 reg 2.0336e-01 | test_acc 0.4297 | lam_1 0.0000 lam_N 0.8158 lam_N+1 0.9480 gap 0.1322 | t_epoch   7.9s eta 10m28s (total ~13m06s)
epoch  21/100 | loss 1.6924 ce 1.4735 reg 2.1888e-01 | test_acc 0.4419 | lam_1 0.0000 lam_N 0.8002 lam_N+1 0.9459 gap 0.1457 | t_epoch   7.8s eta 10m20s (total ~13m05s)
epoch  22/100 | loss 1.6611 ce 1.4239 reg 2.3726e-01 | test_acc 0.5221 | lam_1 -0.0000 lam_N 0.7921 lam_N+1 0.9451 gap 0.1530 | t_epoch   7.8s eta 10m12s (total ~13m05s)
epoch  23/100 | loss 1.6093 ce 1.3324 reg 2.7684e-01 | test_acc 0.6166 | lam_1 0.0000 lam_N 0.7911 lam_N+1 0.9426 gap 0.1515 | t_epoch   7.7s eta 10m04s (total ~13m04s)
epoch  24/100 | loss 1.5510 ce 1.2336 reg 3.1739e-01 | test_acc 0.6458 | lam_1 0.0000 lam_N 0.7688 lam_N+1 0.9283 gap 0.1595 | t_epoch   7.8s eta 9m56s (total ~13m04s)
epoch  25/100 | loss 1.5143 ce 1.1783 reg 3.3602e-01 | test_acc 0.6668 | lam_1 -0.0000 lam_N 0.7345 lam_N+1 0.9201 gap 0.1856 | t_epoch   7.9s eta 9m48s (total ~13m04s)
epoch  26/100 | loss 1.4798 ce 1.1324 reg 3.4746e-01 | test_acc 0.6724 | lam_1 -0.0000 lam_N 0.7082 lam_N+1 0.9094 gap 0.2012 | t_epoch   7.9s eta 9m41s (total ~13m05s)
epoch  27/100 | loss 1.4564 ce 1.0996 reg 3.5675e-01 | test_acc 0.7020 | lam_1 0.0000 lam_N 0.6864 lam_N+1 0.8975 gap 0.2111 | t_epoch   7.8s eta 9m32s (total ~13m04s)
epoch  28/100 | loss 1.4282 ce 1.0619 reg 3.6630e-01 | test_acc 0.7095 | lam_1 0.0000 lam_N 0.6615 lam_N+1 0.8917 gap 0.2302 | t_epoch   7.8s eta 9m25s (total ~13m04s)
epoch  29/100 | loss 1.4116 ce 1.0381 reg 3.7350e-01 | test_acc 0.7300 | lam_1 -0.0000 lam_N 0.6436 lam_N+1 0.8835 gap 0.2399 | t_epoch   7.8s eta 9m17s (total ~13m04s)
epoch  30/100 | loss 1.3952 ce 1.0122 reg 3.8300e-01 | test_acc 0.7563 | lam_1 -0.0000 lam_N 0.6431 lam_N+1 0.8776 gap 0.2345 | t_epoch   7.9s eta 9m09s (total ~13m04s)
epoch  31/100 | loss 1.3672 ce 0.9690 reg 3.9823e-01 | test_acc 0.7782 | lam_1 -0.0000 lam_N 0.6162 lam_N+1 0.8722 gap 0.2560 | t_epoch   7.8s eta 9m01s (total ~13m04s)
epoch  32/100 | loss 1.3519 ce 0.9461 reg 4.0579e-01 | test_acc 0.7760 | lam_1 -0.0000 lam_N 0.6043 lam_N+1 0.8660 gap 0.2617 | t_epoch   7.8s eta 8m53s (total ~13m04s)
epoch  33/100 | loss 1.3368 ce 0.9252 reg 4.1159e-01 | test_acc 0.7894 | lam_1 0.0000 lam_N 0.5999 lam_N+1 0.8675 gap 0.2676 | t_epoch   7.9s eta 8m45s (total ~13m04s)
epoch  34/100 | loss 1.3247 ce 0.9091 reg 4.1568e-01 | test_acc 0.7893 | lam_1 -0.0000 lam_N 0.5828 lam_N+1 0.8587 gap 0.2759 | t_epoch   7.9s eta 8m37s (total ~13m04s)
epoch  35/100 | loss 1.3037 ce 0.8810 reg 4.2268e-01 | test_acc 0.8013 | lam_1 -0.0000 lam_N 0.5713 lam_N+1 0.8569 gap 0.2856 | t_epoch   7.9s eta 8m29s (total ~13m04s)
epoch  36/100 | loss 1.3550 ce 0.9502 reg 4.0483e-01 | test_acc 0.6833 | lam_1 0.0000 lam_N 0.5869 lam_N+1 0.8634 gap 0.2765 | t_epoch   7.8s eta 8m21s (total ~13m04s)
epoch  37/100 | loss 1.3777 ce 0.9827 reg 3.9494e-01 | test_acc 0.7699 | lam_1 0.0000 lam_N 0.5678 lam_N+1 0.8589 gap 0.2911 | t_epoch   7.9s eta 8m14s (total ~13m04s)
epoch  38/100 | loss 1.3219 ce 0.9068 reg 4.1507e-01 | test_acc 0.7814 | lam_1 0.0000 lam_N 0.5555 lam_N+1 0.8535 gap 0.2980 | t_epoch   7.8s eta 8m06s (total ~13m04s)
epoch  39/100 | loss 1.2878 ce 0.8605 reg 4.2736e-01 | test_acc 0.8030 | lam_1 -0.0000 lam_N 0.5463 lam_N+1 0.8534 gap 0.3071 | t_epoch   7.7s eta 7m58s (total ~13m04s)
epoch  40/100 | loss 1.2801 ce 0.8498 reg 4.3032e-01 | test_acc 0.8171 | lam_1 0.0000 lam_N 0.5415 lam_N+1 0.8488 gap 0.3073 | t_epoch   7.8s eta 7m50s (total ~13m04s)
epoch  41/100 | loss 1.2671 ce 0.8330 reg 4.3410e-01 | test_acc 0.8185 | lam_1 -0.0000 lam_N 0.5355 lam_N+1 0.8443 gap 0.3088 | t_epoch   7.9s eta 7m42s (total ~13m04s)
epoch  42/100 | loss 1.2625 ce 0.8262 reg 4.3629e-01 | test_acc 0.8180 | lam_1 0.0000 lam_N 0.5258 lam_N+1 0.8460 gap 0.3203 | t_epoch   8.0s eta 7m35s (total ~13m04s)
epoch  43/100 | loss 1.2512 ce 0.8099 reg 4.4135e-01 | test_acc 0.8347 | lam_1 0.0000 lam_N 0.5182 lam_N+1 0.8398 gap 0.3216 | t_epoch   7.8s eta 7m27s (total ~13m04s)
epoch  44/100 | loss 1.2449 ce 0.8016 reg 4.4324e-01 | test_acc 0.8304 | lam_1 -0.0000 lam_N 0.5216 lam_N+1 0.8429 gap 0.3212 | t_epoch   7.8s eta 7m19s (total ~13m04s)
epoch  45/100 | loss 1.2347 ce 0.7864 reg 4.4821e-01 | test_acc 0.8488 | lam_1 0.0000 lam_N 0.5158 lam_N+1 0.8392 gap 0.3234 | t_epoch   7.8s eta 7m11s (total ~13m04s)
epoch  46/100 | loss 1.2294 ce 0.7782 reg 4.5125e-01 | test_acc 0.8546 | lam_1 0.0000 lam_N 0.5085 lam_N+1 0.8407 gap 0.3322 | t_epoch   7.8s eta 7m03s (total ~13m04s)
epoch  47/100 | loss 1.2224 ce 0.7665 reg 4.5589e-01 | test_acc 0.8612 | lam_1 0.0000 lam_N 0.5080 lam_N+1 0.8380 gap 0.3300 | t_epoch   7.9s eta 6m55s (total ~13m04s)
epoch  48/100 | loss 1.2173 ce 0.7585 reg 4.5881e-01 | test_acc 0.8699 | lam_1 0.0000 lam_N 0.4966 lam_N+1 0.8374 gap 0.3408 | t_epoch   8.0s eta 6m47s (total ~13m04s)
epoch  49/100 | loss 1.2076 ce 0.7422 reg 4.6537e-01 | test_acc 0.8580 | lam_1 0.0000 lam_N 0.4949 lam_N+1 0.8314 gap 0.3365 | t_epoch   7.8s eta 6m40s (total ~13m04s)
epoch  50/100 | loss 1.2009 ce 0.7327 reg 4.6818e-01 | test_acc 0.8812 | lam_1 -0.0000 lam_N 0.4956 lam_N+1 0.8307 gap 0.3351 | t_epoch   7.8s eta 6m32s (total ~13m04s)
epoch  51/100 | loss 1.1958 ce 0.7242 reg 4.7157e-01 | test_acc 0.8646 | lam_1 -0.0000 lam_N 0.4887 lam_N+1 0.8273 gap 0.3386 | t_epoch   7.9s eta 6m24s (total ~13m04s)
epoch  52/100 | loss 1.1905 ce 0.7158 reg 4.7474e-01 | test_acc 0.8667 | lam_1 0.0000 lam_N 0.4752 lam_N+1 0.8289 gap 0.3537 | t_epoch   7.8s eta 6m16s (total ~13m04s)
epoch  53/100 | loss 1.1802 ce 0.7022 reg 4.7800e-01 | test_acc 0.8777 | lam_1 -0.0000 lam_N 0.4799 lam_N+1 0.8271 gap 0.3472 | t_epoch   8.0s eta 6m08s (total ~13m04s)
epoch  54/100 | loss 1.1742 ce 0.6926 reg 4.8167e-01 | test_acc 0.8884 | lam_1 0.0000 lam_N 0.4785 lam_N+1 0.8277 gap 0.3492 | t_epoch   7.9s eta 6m00s (total ~13m04s)
epoch  55/100 | loss 1.1723 ce 0.6905 reg 4.8177e-01 | test_acc 0.8815 | lam_1 -0.0000 lam_N 0.4753 lam_N+1 0.8227 gap 0.3474 | t_epoch   7.8s eta 5m53s (total ~13m04s)
epoch  56/100 | loss 1.1698 ce 0.6864 reg 4.8341e-01 | test_acc 0.8850 | lam_1 -0.0000 lam_N 0.4668 lam_N+1 0.8218 gap 0.3550 | t_epoch   7.9s eta 5m45s (total ~13m04s)
epoch  57/100 | loss 1.1575 ce 0.6692 reg 4.8833e-01 | test_acc 0.8850 | lam_1 -0.0000 lam_N 0.4678 lam_N+1 0.8192 gap 0.3515 | t_epoch   7.8s eta 5m37s (total ~13m04s)
epoch  58/100 | loss 1.1541 ce 0.6647 reg 4.8940e-01 | test_acc 0.8897 | lam_1 -0.0000 lam_N 0.4559 lam_N+1 0.8160 gap 0.3601 | t_epoch   7.8s eta 5m29s (total ~13m04s)
epoch  59/100 | loss 1.1481 ce 0.6560 reg 4.9207e-01 | test_acc 0.8895 | lam_1 -0.0000 lam_N 0.4533 lam_N+1 0.8157 gap 0.3623 | t_epoch   7.8s eta 5m21s (total ~13m04s)
epoch  60/100 | loss 1.1470 ce 0.6553 reg 4.9172e-01 | test_acc 0.8914 | lam_1 -0.0000 lam_N 0.4594 lam_N+1 0.8157 gap 0.3563 | t_epoch   7.9s eta 5m13s (total ~13m04s)
epoch  61/100 | loss 1.1454 ce 0.6522 reg 4.9320e-01 | test_acc 0.8885 | lam_1 -0.0000 lam_N 0.4464 lam_N+1 0.8156 gap 0.3692 | t_epoch   7.8s eta 5m05s (total ~13m04s)
epoch  62/100 | loss 1.1395 ce 0.6449 reg 4.9455e-01 | test_acc 0.8846 | lam_1 0.0000 lam_N 0.4477 lam_N+1 0.8112 gap 0.3635 | t_epoch   7.9s eta 4m58s (total ~13m04s)
epoch  63/100 | loss 1.1349 ce 0.6380 reg 4.9691e-01 | test_acc 0.8955 | lam_1 0.0000 lam_N 0.4382 lam_N+1 0.8083 gap 0.3702 | t_epoch   7.9s eta 4m50s (total ~13m04s)
epoch  64/100 | loss 1.1307 ce 0.6322 reg 4.9850e-01 | test_acc 0.8950 | lam_1 0.0000 lam_N 0.4428 lam_N+1 0.8080 gap 0.3652 | t_epoch   7.9s eta 4m42s (total ~13m04s)
epoch  65/100 | loss 1.1279 ce 0.6286 reg 4.9925e-01 | test_acc 0.8911 | lam_1 -0.0000 lam_N 0.4253 lam_N+1 0.8110 gap 0.3857 | t_epoch   7.8s eta 4m34s (total ~13m04s)
epoch  66/100 | loss 1.1203 ce 0.6178 reg 5.0249e-01 | test_acc 0.8931 | lam_1 0.0000 lam_N 0.4281 lam_N+1 0.8072 gap 0.3791 | t_epoch   7.9s eta 4m26s (total ~13m04s)
epoch  67/100 | loss 1.1197 ce 0.6176 reg 5.0201e-01 | test_acc 0.8995 | lam_1 -0.0000 lam_N 0.4196 lam_N+1 0.8076 gap 0.3880 | t_epoch   7.8s eta 4m18s (total ~13m04s)
epoch  68/100 | loss 1.1170 ce 0.6133 reg 5.0374e-01 | test_acc 0.8983 | lam_1 0.0000 lam_N 0.4235 lam_N+1 0.8095 gap 0.3861 | t_epoch   7.8s eta 4m11s (total ~13m04s)
epoch  69/100 | loss 1.1135 ce 0.6092 reg 5.0432e-01 | test_acc 0.8938 | lam_1 0.0000 lam_N 0.4171 lam_N+1 0.8061 gap 0.3891 | t_epoch   7.9s eta 4m03s (total ~13m04s)
epoch  70/100 | loss 1.1126 ce 0.6072 reg 5.0547e-01 | test_acc 0.9004 | lam_1 0.0000 lam_N 0.4103 lam_N+1 0.8023 gap 0.3921 | t_epoch   7.9s eta 3m55s (total ~13m04s)
epoch  71/100 | loss 1.1076 ce 0.6015 reg 5.0606e-01 | test_acc 0.9028 | lam_1 -0.0000 lam_N 0.4115 lam_N+1 0.8028 gap 0.3913 | t_epoch   7.9s eta 3m47s (total ~13m04s)
epoch  72/100 | loss 1.1079 ce 0.6014 reg 5.0650e-01 | test_acc 0.8996 | lam_1 0.0000 lam_N 0.4004 lam_N+1 0.8000 gap 0.3995 | t_epoch   8.0s eta 3m39s (total ~13m04s)
epoch  73/100 | loss 1.1036 ce 0.5952 reg 5.0845e-01 | test_acc 0.8989 | lam_1 -0.0000 lam_N 0.4007 lam_N+1 0.8024 gap 0.4017 | t_epoch   7.9s eta 3m31s (total ~13m04s)
epoch  74/100 | loss 1.1042 ce 0.5965 reg 5.0771e-01 | test_acc 0.9092 | lam_1 0.0000 lam_N 0.4008 lam_N+1 0.8021 gap 0.4013 | t_epoch   7.9s eta 3m24s (total ~13m04s)
epoch  75/100 | loss 1.0978 ce 0.5879 reg 5.0988e-01 | test_acc 0.9038 | lam_1 -0.0000 lam_N 0.3926 lam_N+1 0.8010 gap 0.4083 | t_epoch   7.8s eta 3m16s (total ~13m04s)
epoch  76/100 | loss 1.0975 ce 0.5867 reg 5.1077e-01 | test_acc 0.9051 | lam_1 -0.0000 lam_N 0.3901 lam_N+1 0.8013 gap 0.4112 | t_epoch   7.9s eta 3m08s (total ~13m04s)
epoch  77/100 | loss 1.0958 ce 0.5853 reg 5.1049e-01 | test_acc 0.9053 | lam_1 0.0000 lam_N 0.3860 lam_N+1 0.7984 gap 0.4124 | t_epoch   7.9s eta 3m00s (total ~13m04s)
epoch  78/100 | loss 1.0940 ce 0.5828 reg 5.1116e-01 | test_acc 0.9092 | lam_1 0.0000 lam_N 0.3860 lam_N+1 0.7975 gap 0.4115 | t_epoch   7.8s eta 2m52s (total ~13m04s)
epoch  79/100 | loss 1.0883 ce 0.5746 reg 5.1372e-01 | test_acc 0.9077 | lam_1 0.0000 lam_N 0.3799 lam_N+1 0.7963 gap 0.4164 | t_epoch   7.7s eta 2m44s (total ~13m04s)
epoch  80/100 | loss 1.0922 ce 0.5805 reg 5.1170e-01 | test_acc 0.9055 | lam_1 -0.0000 lam_N 0.3767 lam_N+1 0.7946 gap 0.4178 | t_epoch   7.7s eta 2m36s (total ~13m04s)
epoch  81/100 | loss 1.0879 ce 0.5741 reg 5.1378e-01 | test_acc 0.9078 | lam_1 -0.0000 lam_N 0.3743 lam_N+1 0.7920 gap 0.4177 | t_epoch   7.8s eta 2m29s (total ~13m04s)
epoch  82/100 | loss 1.0873 ce 0.5738 reg 5.1346e-01 | test_acc 0.9003 | lam_1 0.0000 lam_N 0.3718 lam_N+1 0.7920 gap 0.4202 | t_epoch   8.0s eta 2m21s (total ~13m04s)
epoch  83/100 | loss 1.0850 ce 0.5709 reg 5.1411e-01 | test_acc 0.9056 | lam_1 -0.0000 lam_N 0.3672 lam_N+1 0.7938 gap 0.4266 | t_epoch   8.0s eta 2m13s (total ~13m04s)
epoch  84/100 | loss 1.0854 ce 0.5709 reg 5.1449e-01 | test_acc 0.9053 | lam_1 -0.0000 lam_N 0.3662 lam_N+1 0.7930 gap 0.4268 | t_epoch   7.9s eta 2m05s (total ~13m04s)
epoch  85/100 | loss 1.0830 ce 0.5680 reg 5.1506e-01 | test_acc 0.9066 | lam_1 0.0000 lam_N 0.3618 lam_N+1 0.7931 gap 0.4313 | t_epoch   7.9s eta 1m57s (total ~13m04s)
epoch  86/100 | loss 1.0833 ce 0.5687 reg 5.1453e-01 | test_acc 0.9037 | lam_1 -0.0000 lam_N 0.3610 lam_N+1 0.7912 gap 0.4302 | t_epoch   7.9s eta 1m49s (total ~13m05s)
epoch  87/100 | loss 1.0821 ce 0.5668 reg 5.1533e-01 | test_acc 0.9109 | lam_1 -0.0000 lam_N 0.3558 lam_N+1 0.7899 gap 0.4341 | t_epoch   7.8s eta 1m42s (total ~13m04s)
epoch  88/100 | loss 1.0809 ce 0.5648 reg 5.1615e-01 | test_acc 0.9101 | lam_1 -0.0000 lam_N 0.3563 lam_N+1 0.7910 gap 0.4347 | t_epoch   7.8s eta 1m34s (total ~13m04s)
epoch  89/100 | loss 1.0805 ce 0.5645 reg 5.1593e-01 | test_acc 0.9051 | lam_1 -0.0000 lam_N 0.3558 lam_N+1 0.7903 gap 0.4345 | t_epoch   7.8s eta 1m26s (total ~13m04s)
epoch  90/100 | loss 1.0805 ce 0.5652 reg 5.1537e-01 | test_acc 0.9106 | lam_1 0.0000 lam_N 0.3516 lam_N+1 0.7900 gap 0.4384 | t_epoch   7.8s eta 1m18s (total ~13m04s)
epoch  91/100 | loss 1.0801 ce 0.5638 reg 5.1625e-01 | test_acc 0.9097 | lam_1 0.0000 lam_N 0.3481 lam_N+1 0.7894 gap 0.4413 | t_epoch   7.9s eta 1m10s (total ~13m04s)
epoch  92/100 | loss 1.0795 ce 0.5630 reg 5.1644e-01 | test_acc 0.9065 | lam_1 -0.0000 lam_N 0.3451 lam_N+1 0.7890 gap 0.4439 | t_epoch   7.7s eta 1m02s (total ~13m04s)
epoch  93/100 | loss 1.0784 ce 0.5623 reg 5.1616e-01 | test_acc 0.9019 | lam_1 -0.0000 lam_N 0.3442 lam_N+1 0.7881 gap 0.4439 | t_epoch   7.9s eta 54s (total ~13m04s)
epoch  94/100 | loss 1.0784 ce 0.5620 reg 5.1640e-01 | test_acc 0.9048 | lam_1 -0.0000 lam_N 0.3432 lam_N+1 0.7875 gap 0.4442 | t_epoch   7.8s eta 47s (total ~13m04s)
epoch  95/100 | loss 1.0765 ce 0.5593 reg 5.1722e-01 | test_acc 0.9131 | lam_1 -0.0000 lam_N 0.3427 lam_N+1 0.7873 gap 0.4446 | t_epoch   7.9s eta 39s (total ~13m04s)
epoch  96/100 | loss 1.0781 ce 0.5618 reg 5.1624e-01 | test_acc 0.9089 | lam_1 -0.0000 lam_N 0.3421 lam_N+1 0.7871 gap 0.4451 | t_epoch   7.8s eta 31s (total ~13m04s)
epoch  97/100 | loss 1.0771 ce 0.5596 reg 5.1749e-01 | test_acc 0.9029 | lam_1 0.0000 lam_N 0.3420 lam_N+1 0.7871 gap 0.4451 | t_epoch   7.8s eta 23s (total ~13m04s)
epoch  98/100 | loss 1.0779 ce 0.5615 reg 5.1642e-01 | test_acc 0.9088 | lam_1 0.0000 lam_N 0.3418 lam_N+1 0.7871 gap 0.4453 | t_epoch   7.9s eta 15s (total ~13m04s)
epoch  99/100 | loss 1.0768 ce 0.5597 reg 5.1707e-01 | test_acc 0.9130 | lam_1 0.0000 lam_N 0.3417 lam_N+1 0.7870 gap 0.4453 | t_epoch   7.8s eta 7s (total ~13m04s)
epoch 100/100 | loss 1.0786 ce 0.5614 reg 5.1725e-01 | test_acc 0.9068 | lam_1 -0.0000 lam_N 0.3417 lam_N+1 0.7870 gap 0.4453 | t_epoch   7.8s eta 0s (total ~13m04s)
training complete in 13m04s (mean 7.8s/epoch over 100 epochs)
saved metrics + weights + plots to results/N5_reg1.0_h2560
