run_dir=results/N1_reg1.0_h512 device=cuda N=1 hidden_dim=512 reg_weight=1.0 alpha=2.0 epochs=100
epoch  0 (init)            | first 10 eigs = [-0.0000, 0.9571, 0.9607, 0.9621, 0.9651, 0.9657, 0.9662, 0.9678, 0.9692, 0.9726]
epoch   1/100 | loss 1.6092 ce 1.4708 reg 1.3841e-01 | test_acc 0.4948 | lam_1 -0.0000 lam_N -0.0000 lam_N+1 0.8094 gap 0.8094 | t_epoch   6.0s eta 9m57s (total ~10m03s)
epoch   2/100 | loss 1.2299 ce 1.0540 reg 1.7594e-01 | test_acc 0.6707 | lam_1 -0.0000 lam_N -0.0000 lam_N+1 0.7574 gap 0.7574 | t_epoch   5.5s eta 9m25s (total ~9m36s)
epoch   3/100 | loss 1.0605 ce 0.8618 reg 1.9867e-01 | test_acc 0.7369 | lam_1 0.0000 lam_N 0.0000 lam_N+1 0.6983 gap 0.6983 | t_epoch   5.5s eta 9m11s (total ~9m28s)
epoch   4/100 | loss 0.9612 ce 0.7494 reg 2.1179e-01 | test_acc 0.7781 | lam_1 0.0000 lam_N 0.0000 lam_N+1 0.7255 gap 0.7255 | t_epoch   5.6s eta 9m04s (total ~9m27s)
epoch   5/100 | loss 0.8970 ce 0.6785 reg 2.1848e-01 | test_acc 0.8151 | lam_1 -0.0000 lam_N -0.0000 lam_N+1 0.7378 gap 0.7378 | t_epoch   5.6s eta 8m57s (total ~9m26s)
epoch   6/100 | loss 0.8441 ce 0.6190 reg 2.2507e-01 | test_acc 0.7994 | lam_1 -0.0000 lam_N -0.0000 lam_N+1 0.7281 gap 0.7281 | t_epoch   5.6s eta 8m50s (total ~9m24s)
epoch   7/100 | loss 0.7973 ce 0.5671 reg 2.3030e-01 | test_acc 0.8154 | lam_1 -0.0000 lam_N -0.0000 lam_N+1 0.7323 gap 0.7323 | t_epoch   5.6s eta 8m44s (total ~9m23s)
epoch   8/100 | loss 0.7710 ce 0.5374 reg 2.3367e-01 | test_acc 0.8347 | lam_1 0.0000 lam_N 0.0000 lam_N+1 0.7382 gap 0.7382 | t_epoch   5.5s eta 8m37s (total ~9m22s)
epoch   9/100 | loss 0.7420 ce 0.5050 reg 2.3699e-01 | test_acc 0.8258 | lam_1 0.0000 lam_N 0.0000 lam_N+1 0.7283 gap 0.7283 | t_epoch   5.5s eta 8m31s (total ~9m21s)
epoch  10/100 | loss 0.7110 ce 0.4704 reg 2.4064e-01 | test_acc 0.8505 | lam_1 0.0000 lam_N 0.0000 lam_N+1 0.7180 gap 0.7180 | t_epoch   5.6s eta 8m25s (total ~9m21s)
epoch  11/100 | loss 0.6890 ce 0.4466 reg 2.4238e-01 | test_acc 0.8518 | lam_1 0.0000 lam_N 0.0000 lam_N+1 0.7289 gap 0.7289 | t_epoch   5.5s eta 8m18s (total ~9m20s)
epoch  12/100 | loss 0.6722 ce 0.4275 reg 2.4469e-01 | test_acc 0.8498 | lam_1 -0.0000 lam_N -0.0000 lam_N+1 0.7067 gap 0.7067 | t_epoch   5.6s eta 8m13s (total ~9m20s)
epoch  13/100 | loss 0.6571 ce 0.4099 reg 2.4717e-01 | test_acc 0.8601 | lam_1 0.0000 lam_N 0.0000 lam_N+1 0.7111 gap 0.7111 | t_epoch   5.6s eta 8m07s (total ~9m20s)
epoch  14/100 | loss 0.6430 ce 0.3955 reg 2.4756e-01 | test_acc 0.8578 | lam_1 -0.0000 lam_N -0.0000 lam_N+1 0.7398 gap 0.7398 | t_epoch   5.5s eta 8m01s (total ~9m19s)
epoch  15/100 | loss 0.6299 ce 0.3807 reg 2.4920e-01 | test_acc 0.8844 | lam_1 0.0000 lam_N 0.0000 lam_N+1 0.7303 gap 0.7303 | t_epoch   5.6s eta 7m55s (total ~9m19s)
epoch  16/100 | loss 0.6134 ce 0.3620 reg 2.5140e-01 | test_acc 0.8860 | lam_1 0.0000 lam_N 0.0000 lam_N+1 0.7072 gap 0.7072 | t_epoch   5.5s eta 7m49s (total ~9m19s)
epoch  17/100 | loss 0.6078 ce 0.3567 reg 2.5116e-01 | test_acc 0.8816 | lam_1 -0.0000 lam_N -0.0000 lam_N+1 0.7195 gap 0.7195 | t_epoch   5.5s eta 7m43s (total ~9m19s)
epoch  18/100 | loss 0.5854 ce 0.3322 reg 2.5322e-01 | test_acc 0.8877 | lam_1 -0.0000 lam_N -0.0000 lam_N+1 0.7218 gap 0.7218 | t_epoch   5.7s eta 7m38s (total ~9m19s)
epoch  19/100 | loss 0.5829 ce 0.3294 reg 2.5347e-01 | test_acc 0.8877 | lam_1 0.0000 lam_N 0.0000 lam_N+1 0.7211 gap 0.7211 | t_epoch   5.6s eta 7m33s (total ~9m19s)
epoch  20/100 | loss 0.5693 ce 0.3144 reg 2.5488e-01 | test_acc 0.8920 | lam_1 -0.0000 lam_N -0.0000 lam_N+1 0.7282 gap 0.7282 | t_epoch   5.7s eta 7m28s (total ~9m20s)
epoch  21/100 | loss 0.5560 ce 0.2998 reg 2.5617e-01 | test_acc 0.8886 | lam_1 -0.0000 lam_N -0.0000 lam_N+1 0.7404 gap 0.7404 | t_epoch   5.5s eta 7m22s (total ~9m19s)
epoch  22/100 | loss 0.5537 ce 0.2972 reg 2.5646e-01 | test_acc 0.9040 | lam_1 -0.0000 lam_N -0.0000 lam_N+1 0.7232 gap 0.7232 | t_epoch   5.7s eta 7m16s (total ~9m20s)
epoch  23/100 | loss 0.5411 ce 0.2835 reg 2.5763e-01 | test_acc 0.8916 | lam_1 -0.0000 lam_N -0.0000 lam_N+1 0.7387 gap 0.7387 | t_epoch   5.6s eta 7m11s (total ~9m20s)
epoch  24/100 | loss 0.5370 ce 0.2791 reg 2.5781e-01 | test_acc 0.9028 | lam_1 -0.0000 lam_N -0.0000 lam_N+1 0.7347 gap 0.7347 | t_epoch   5.5s eta 7m05s (total ~9m19s)
epoch  25/100 | loss 0.5316 ce 0.2737 reg 2.5792e-01 | test_acc 0.9109 | lam_1 -0.0000 lam_N -0.0000 lam_N+1 0.7360 gap 0.7360 | t_epoch   5.6s eta 6m59s (total ~9m19s)
epoch  26/100 | loss 0.5185 ce 0.2592 reg 2.5930e-01 | test_acc 0.9042 | lam_1 -0.0000 lam_N -0.0000 lam_N+1 0.7217 gap 0.7217 | t_epoch   5.5s eta 6m54s (total ~9m19s)
epoch  27/100 | loss 0.5159 ce 0.2562 reg 2.5973e-01 | test_acc 0.9074 | lam_1 0.0000 lam_N 0.0000 lam_N+1 0.7256 gap 0.7256 | t_epoch   5.6s eta 6m48s (total ~9m19s)
epoch  28/100 | loss 0.5098 ce 0.2500 reg 2.5980e-01 | test_acc 0.8970 | lam_1 0.0000 lam_N 0.0000 lam_N+1 0.7341 gap 0.7341 | t_epoch   5.6s eta 6m43s (total ~9m19s)
epoch  29/100 | loss 0.5050 ce 0.2446 reg 2.6041e-01 | test_acc 0.9105 | lam_1 -0.0000 lam_N -0.0000 lam_N+1 0.7360 gap 0.7360 | t_epoch   5.5s eta 6m37s (total ~9m19s)
epoch  30/100 | loss 0.4975 ce 0.2366 reg 2.6088e-01 | test_acc 0.9042 | lam_1 -0.0000 lam_N -0.0000 lam_N+1 0.7347 gap 0.7347 | t_epoch   5.7s eta 6m31s (total ~9m19s)
epoch  31/100 | loss 0.4956 ce 0.2342 reg 2.6132e-01 | test_acc 0.9119 | lam_1 -0.0000 lam_N -0.0000 lam_N+1 0.7345 gap 0.7345 | t_epoch   5.5s eta 6m26s (total ~9m19s)
epoch  32/100 | loss 0.4896 ce 0.2281 reg 2.6145e-01 | test_acc 0.9047 | lam_1 -0.0000 lam_N -0.0000 lam_N+1 0.7311 gap 0.7311 | t_epoch   5.6s eta 6m20s (total ~9m19s)
epoch  33/100 | loss 0.4858 ce 0.2239 reg 2.6196e-01 | test_acc 0.9136 | lam_1 0.0000 lam_N 0.0000 lam_N+1 0.7343 gap 0.7343 | t_epoch   5.6s eta 6m14s (total ~9m19s)
epoch  34/100 | loss 0.4832 ce 0.2211 reg 2.6213e-01 | test_acc 0.9122 | lam_1 0.0000 lam_N 0.0000 lam_N+1 0.7339 gap 0.7339 | t_epoch   5.5s eta 6m09s (total ~9m19s)
epoch  35/100 | loss 0.4750 ce 0.2125 reg 2.6254e-01 | test_acc 0.9201 | lam_1 0.0000 lam_N 0.0000 lam_N+1 0.7257 gap 0.7257 | t_epoch   5.6s eta 6m03s (total ~9m19s)
epoch  36/100 | loss 0.4684 ce 0.2053 reg 2.6308e-01 | test_acc 0.9176 | lam_1 -0.0000 lam_N -0.0000 lam_N+1 0.7300 gap 0.7300 | t_epoch   5.6s eta 5m57s (total ~9m19s)
epoch  37/100 | loss 0.4705 ce 0.2074 reg 2.6303e-01 | test_acc 0.9193 | lam_1 0.0000 lam_N 0.0000 lam_N+1 0.7426 gap 0.7426 | t_epoch   5.6s eta 5m52s (total ~9m19s)
epoch  38/100 | loss 0.4676 ce 0.2047 reg 2.6296e-01 | test_acc 0.9063 | lam_1 0.0000 lam_N 0.0000 lam_N+1 0.7378 gap 0.7378 | t_epoch   5.7s eta 5m46s (total ~9m19s)
epoch  39/100 | loss 0.4604 ce 0.1963 reg 2.6404e-01 | test_acc 0.9154 | lam_1 0.0000 lam_N 0.0000 lam_N+1 0.7365 gap 0.7365 | t_epoch   5.6s eta 5m41s (total ~9m19s)
epoch  40/100 | loss 0.4607 ce 0.1971 reg 2.6361e-01 | test_acc 0.9180 | lam_1 -0.0000 lam_N -0.0000 lam_N+1 0.7276 gap 0.7276 | t_epoch   5.5s eta 5m35s (total ~9m19s)
epoch  41/100 | loss 0.4559 ce 0.1920 reg 2.6389e-01 | test_acc 0.9162 | lam_1 0.0000 lam_N 0.0000 lam_N+1 0.7281 gap 0.7281 | t_epoch   5.7s eta 5m30s (total ~9m19s)
epoch  42/100 | loss 0.4556 ce 0.1916 reg 2.6396e-01 | test_acc 0.9209 | lam_1 -0.0000 lam_N -0.0000 lam_N+1 0.7354 gap 0.7354 | t_epoch   5.6s eta 5m24s (total ~9m19s)
epoch  43/100 | loss 0.4491 ce 0.1845 reg 2.6460e-01 | test_acc 0.9214 | lam_1 -0.0000 lam_N -0.0000 lam_N+1 0.7355 gap 0.7355 | t_epoch   5.6s eta 5m18s (total ~9m19s)
epoch  44/100 | loss 0.4488 ce 0.1844 reg 2.6444e-01 | test_acc 0.9215 | lam_1 0.0000 lam_N 0.0000 lam_N+1 0.7372 gap 0.7372 | t_epoch   5.6s eta 5m13s (total ~9m19s)
epoch  45/100 | loss 0.4460 ce 0.1815 reg 2.6446e-01 | test_acc 0.9251 | lam_1 0.0000 lam_N 0.0000 lam_N+1 0.7382 gap 0.7382 | t_epoch   5.6s eta 5m07s (total ~9m19s)
epoch  46/100 | loss 0.4449 ce 0.1803 reg 2.6458e-01 | test_acc 0.9193 | lam_1 -0.0000 lam_N -0.0000 lam_N+1 0.7415 gap 0.7415 | t_epoch   5.7s eta 5m02s (total ~9m19s)
epoch  47/100 | loss 0.4411 ce 0.1763 reg 2.6479e-01 | test_acc 0.9285 | lam_1 -0.0000 lam_N -0.0000 lam_N+1 0.7240 gap 0.7240 | t_epoch   5.5s eta 4m56s (total ~9m19s)
epoch  48/100 | loss 0.4400 ce 0.1752 reg 2.6483e-01 | test_acc 0.9230 | lam_1 0.0000 lam_N 0.0000 lam_N+1 0.7342 gap 0.7342 | t_epoch   5.6s eta 4m50s (total ~9m19s)
epoch  49/100 | loss 0.4385 ce 0.1735 reg 2.6503e-01 | test_acc 0.9272 | lam_1 0.0000 lam_N 0.0000 lam_N+1 0.7387 gap 0.7387 | t_epoch   5.5s eta 4m45s (total ~9m19s)
epoch  50/100 | loss 0.4359 ce 0.1708 reg 2.6518e-01 | test_acc 0.9265 | lam_1 -0.0000 lam_N -0.0000 lam_N+1 0.7344 gap 0.7344 | t_epoch   5.5s eta 4m39s (total ~9m19s)
epoch  51/100 | loss 0.4351 ce 0.1698 reg 2.6524e-01 | test_acc 0.9263 | lam_1 0.0000 lam_N 0.0000 lam_N+1 0.7283 gap 0.7283 | t_epoch   5.6s eta 4m34s (total ~9m19s)
epoch  52/100 | loss 0.4320 ce 0.1665 reg 2.6541e-01 | test_acc 0.9282 | lam_1 0.0000 lam_N 0.0000 lam_N+1 0.7314 gap 0.7314 | t_epoch   5.5s eta 4m28s (total ~9m19s)
epoch  53/100 | loss 0.4320 ce 0.1669 reg 2.6512e-01 | test_acc 0.9250 | lam_1 -0.0000 lam_N -0.0000 lam_N+1 0.7392 gap 0.7392 | t_epoch   5.5s eta 4m22s (total ~9m18s)
epoch  54/100 | loss 0.4287 ce 0.1632 reg 2.6548e-01 | test_acc 0.9171 | lam_1 -0.0000 lam_N -0.0000 lam_N+1 0.7302 gap 0.7302 | t_epoch   5.7s eta 4m17s (total ~9m19s)
epoch  55/100 | loss 0.4291 ce 0.1637 reg 2.6546e-01 | test_acc 0.9213 | lam_1 -0.0000 lam_N -0.0000 lam_N+1 0.7324 gap 0.7324 | t_epoch   5.7s eta 4m11s (total ~9m19s)
epoch  56/100 | loss 0.4257 ce 0.1602 reg 2.6546e-01 | test_acc 0.9290 | lam_1 -0.0000 lam_N -0.0000 lam_N+1 0.7302 gap 0.7302 | t_epoch   5.6s eta 4m06s (total ~9m19s)
epoch  57/100 | loss 0.4239 ce 0.1580 reg 2.6591e-01 | test_acc 0.9284 | lam_1 -0.0000 lam_N -0.0000 lam_N+1 0.7329 gap 0.7329 | t_epoch   5.5s eta 4m00s (total ~9m19s)
epoch  58/100 | loss 0.4235 ce 0.1578 reg 2.6564e-01 | test_acc 0.9214 | lam_1 0.0000 lam_N 0.0000 lam_N+1 0.7402 gap 0.7402 | t_epoch   5.7s eta 3m54s (total ~9m19s)
epoch  59/100 | loss 0.4217 ce 0.1559 reg 2.6580e-01 | test_acc 0.9267 | lam_1 0.0000 lam_N 0.0000 lam_N+1 0.7348 gap 0.7348 | t_epoch   5.5s eta 3m49s (total ~9m19s)
epoch  60/100 | loss 0.4224 ce 0.1568 reg 2.6560e-01 | test_acc 0.9215 | lam_1 -0.0000 lam_N -0.0000 lam_N+1 0.7383 gap 0.7383 | t_epoch   5.6s eta 3m43s (total ~9m19s)
epoch  61/100 | loss 0.4220 ce 0.1562 reg 2.6575e-01 | test_acc 0.9278 | lam_1 0.0000 lam_N 0.0000 lam_N+1 0.7349 gap 0.7349 | t_epoch   5.5s eta 3m38s (total ~9m19s)
epoch  62/100 | loss 0.4228 ce 0.1572 reg 2.6552e-01 | test_acc 0.9314 | lam_1 -0.0000 lam_N -0.0000 lam_N+1 0.7310 gap 0.7310 | t_epoch   5.6s eta 3m32s (total ~9m19s)
epoch  63/100 | loss 0.4188 ce 0.1530 reg 2.6577e-01 | test_acc 0.9250 | lam_1 -0.0000 lam_N -0.0000 lam_N+1 0.7351 gap 0.7351 | t_epoch   5.6s eta 3m26s (total ~9m19s)
epoch  64/100 | loss 0.4186 ce 0.1529 reg 2.6570e-01 | test_acc 0.9288 | lam_1 -0.0000 lam_N -0.0000 lam_N+1 0.7339 gap 0.7339 | t_epoch   5.6s eta 3m21s (total ~9m19s)
epoch  65/100 | loss 0.4179 ce 0.1520 reg 2.6595e-01 | test_acc 0.9230 | lam_1 0.0000 lam_N 0.0000 lam_N+1 0.7455 gap 0.7455 | t_epoch   5.5s eta 3m15s (total ~9m18s)
epoch  66/100 | loss 0.4184 ce 0.1527 reg 2.6566e-01 | test_acc 0.9270 | lam_1 -0.0000 lam_N -0.0000 lam_N+1 0.7277 gap 0.7277 | t_epoch   5.7s eta 3m10s (total ~9m19s)
epoch  67/100 | loss 0.4158 ce 0.1497 reg 2.6608e-01 | test_acc 0.9315 | lam_1 0.0000 lam_N 0.0000 lam_N+1 0.7339 gap 0.7339 | t_epoch   5.5s eta 3m04s (total ~9m18s)
epoch  68/100 | loss 0.4140 ce 0.1479 reg 2.6607e-01 | test_acc 0.9327 | lam_1 -0.0000 lam_N -0.0000 lam_N+1 0.7353 gap 0.7353 | t_epoch   5.6s eta 2m58s (total ~9m18s)
epoch  69/100 | loss 0.4140 ce 0.1478 reg 2.6613e-01 | test_acc 0.9262 | lam_1 0.0000 lam_N 0.0000 lam_N+1 0.7334 gap 0.7334 | t_epoch   5.7s eta 2m53s (total ~9m19s)
epoch  70/100 | loss 0.4128 ce 0.1466 reg 2.6618e-01 | test_acc 0.9330 | lam_1 0.0000 lam_N 0.0000 lam_N+1 0.7323 gap 0.7323 | t_epoch   5.6s eta 2m47s (total ~9m19s)
epoch  71/100 | loss 0.4127 ce 0.1466 reg 2.6607e-01 | test_acc 0.9313 | lam_1 -0.0000 lam_N -0.0000 lam_N+1 0.7385 gap 0.7385 | t_epoch   5.6s eta 2m42s (total ~9m19s)
epoch  72/100 | loss 0.4122 ce 0.1461 reg 2.6612e-01 | test_acc 0.9310 | lam_1 0.0000 lam_N 0.0000 lam_N+1 0.7304 gap 0.7304 | t_epoch   5.7s eta 2m36s (total ~9m19s)
epoch  73/100 | loss 0.4112 ce 0.1451 reg 2.6611e-01 | test_acc 0.9283 | lam_1 0.0000 lam_N 0.0000 lam_N+1 0.7388 gap 0.7388 | t_epoch   5.6s eta 2m30s (total ~9m19s)
epoch  74/100 | loss 0.4106 ce 0.1445 reg 2.6612e-01 | test_acc 0.9384 | lam_1 0.0000 lam_N 0.0000 lam_N+1 0.7319 gap 0.7319 | t_epoch   5.7s eta 2m25s (total ~9m19s)
epoch  75/100 | loss 0.4110 ce 0.1450 reg 2.6606e-01 | test_acc 0.9345 | lam_1 -0.0000 lam_N -0.0000 lam_N+1 0.7326 gap 0.7326 | t_epoch   5.6s eta 2m19s (total ~9m19s)
epoch  76/100 | loss 0.4112 ce 0.1452 reg 2.6600e-01 | test_acc 0.9405 | lam_1 0.0000 lam_N 0.0000 lam_N+1 0.7320 gap 0.7320 | t_epoch   5.5s eta 2m14s (total ~9m19s)
epoch  77/100 | loss 0.4102 ce 0.1441 reg 2.6609e-01 | test_acc 0.9316 | lam_1 -0.0000 lam_N -0.0000 lam_N+1 0.7302 gap 0.7302 | t_epoch   5.5s eta 2m08s (total ~9m19s)
epoch  78/100 | loss 0.4101 ce 0.1441 reg 2.6601e-01 | test_acc 0.9320 | lam_1 -0.0000 lam_N -0.0000 lam_N+1 0.7338 gap 0.7338 | t_epoch   5.6s eta 2m03s (total ~9m19s)
epoch  79/100 | loss 0.4089 ce 0.1428 reg 2.6614e-01 | test_acc 0.9370 | lam_1 0.0000 lam_N 0.0000 lam_N+1 0.7328 gap 0.7328 | t_epoch   5.5s eta 1m57s (total ~9m19s)
epoch  80/100 | loss 0.4103 ce 0.1443 reg 2.6596e-01 | test_acc 0.9316 | lam_1 0.0000 lam_N 0.0000 lam_N+1 0.7332 gap 0.7332 | t_epoch   5.6s eta 1m51s (total ~9m19s)
epoch  81/100 | loss 0.4099 ce 0.1438 reg 2.6604e-01 | test_acc 0.9388 | lam_1 0.0000 lam_N 0.0000 lam_N+1 0.7376 gap 0.7376 | t_epoch   5.6s eta 1m46s (total ~9m19s)
epoch  82/100 | loss 0.4086 ce 0.1425 reg 2.6612e-01 | test_acc 0.9369 | lam_1 0.0000 lam_N 0.0000 lam_N+1 0.7343 gap 0.7343 | t_epoch   5.6s eta 1m40s (total ~9m19s)
epoch  83/100 | loss 0.4084 ce 0.1423 reg 2.6616e-01 | test_acc 0.9350 | lam_1 -0.0000 lam_N -0.0000 lam_N+1 0.7294 gap 0.7294 | t_epoch   5.6s eta 1m35s (total ~9m19s)
epoch  84/100 | loss 0.4083 ce 0.1421 reg 2.6617e-01 | test_acc 0.9385 | lam_1 -0.0000 lam_N -0.0000 lam_N+1 0.7332 gap 0.7332 | t_epoch   5.6s eta 1m29s (total ~9m19s)
epoch  85/100 | loss 0.4081 ce 0.1419 reg 2.6616e-01 | test_acc 0.9312 | lam_1 -0.0000 lam_N -0.0000 lam_N+1 0.7315 gap 0.7315 | t_epoch   5.5s eta 1m23s (total ~9m19s)
epoch  86/100 | loss 0.4080 ce 0.1418 reg 2.6615e-01 | test_acc 0.9338 | lam_1 0.0000 lam_N 0.0000 lam_N+1 0.7297 gap 0.7297 | t_epoch   5.5s eta 1m18s (total ~9m18s)
epoch  87/100 | loss 0.4081 ce 0.1420 reg 2.6610e-01 | test_acc 0.9393 | lam_1 0.0000 lam_N 0.0000 lam_N+1 0.7294 gap 0.7294 | t_epoch   5.7s eta 1m12s (total ~9m19s)
epoch  88/100 | loss 0.4075 ce 0.1414 reg 2.6615e-01 | test_acc 0.9347 | lam_1 -0.0000 lam_N -0.0000 lam_N+1 0.7355 gap 0.7355 | t_epoch   5.6s eta 1m07s (total ~9m19s)
epoch  89/100 | loss 0.4077 ce 0.1415 reg 2.6615e-01 | test_acc 0.9384 | lam_1 -0.0000 lam_N -0.0000 lam_N+1 0.7318 gap 0.7318 | t_epoch   5.7s eta 1m01s (total ~9m19s)
epoch  90/100 | loss 0.4072 ce 0.1410 reg 2.6617e-01 | test_acc 0.9383 | lam_1 -0.0000 lam_N -0.0000 lam_N+1 0.7332 gap 0.7332 | t_epoch   5.5s eta 55s (total ~9m19s)
epoch  91/100 | loss 0.4071 ce 0.1409 reg 2.6618e-01 | test_acc 0.9371 | lam_1 -0.0000 lam_N -0.0000 lam_N+1 0.7307 gap 0.7307 | t_epoch   5.5s eta 50s (total ~9m19s)
epoch  92/100 | loss 0.4070 ce 0.1408 reg 2.6622e-01 | test_acc 0.9391 | lam_1 -0.0000 lam_N -0.0000 lam_N+1 0.7301 gap 0.7301 | t_epoch   5.6s eta 44s (total ~9m19s)
epoch  93/100 | loss 0.4071 ce 0.1409 reg 2.6616e-01 | test_acc 0.9403 | lam_1 -0.0000 lam_N -0.0000 lam_N+1 0.7327 gap 0.7327 | t_epoch   5.5s eta 39s (total ~9m19s)
epoch  94/100 | loss 0.4077 ce 0.1415 reg 2.6613e-01 | test_acc 0.9350 | lam_1 0.0000 lam_N 0.0000 lam_N+1 0.7319 gap 0.7319 | t_epoch   5.5s eta 33s (total ~9m19s)
epoch  95/100 | loss 0.4074 ce 0.1414 reg 2.6606e-01 | test_acc 0.9374 | lam_1 0.0000 lam_N 0.0000 lam_N+1 0.7310 gap 0.7310 | t_epoch   5.7s eta 27s (total ~9m19s)
epoch  96/100 | loss 0.4071 ce 0.1410 reg 2.6613e-01 | test_acc 0.9377 | lam_1 0.0000 lam_N 0.0000 lam_N+1 0.7309 gap 0.7309 | t_epoch   5.6s eta 22s (total ~9m19s)
epoch  97/100 | loss 0.4073 ce 0.1412 reg 2.6612e-01 | test_acc 0.9363 | lam_1 0.0000 lam_N 0.0000 lam_N+1 0.7304 gap 0.7304 | t_epoch   5.7s eta 16s (total ~9m19s)
epoch  98/100 | loss 0.4068 ce 0.1408 reg 2.6607e-01 | test_acc 0.9352 | lam_1 -0.0000 lam_N -0.0000 lam_N+1 0.7306 gap 0.7306 | t_epoch   5.6s eta 11s (total ~9m19s)
epoch  99/100 | loss 0.4070 ce 0.1407 reg 2.6629e-01 | test_acc 0.9349 | lam_1 0.0000 lam_N 0.0000 lam_N+1 0.7306 gap 0.7306 | t_epoch   5.7s eta 5s (total ~9m19s)
epoch 100/100 | loss 0.4074 ce 0.1411 reg 2.6623e-01 | test_acc 0.9400 | lam_1 0.0000 lam_N 0.0000 lam_N+1 0.7306 gap 0.7306 | t_epoch   5.7s eta 0s (total ~9m19s)
training complete in 9m19s (mean 5.6s/epoch over 100 epochs)
saved metrics + weights + plots to results/N1_reg1.0_h512
