run_dir=results/N6_reg1.0_h3072 device=cuda N=6 hidden_dim=3072 reg_weight=1.0 alpha=2.0 epochs=500
epoch  0 (init)            | first 10 eigs = [0.0000, 0.9929, 0.9929, 0.9930, 0.9931, 0.9932, 0.9932, 0.9933, 0.9933, 0.9934]
epoch   1/500 | loss 2.4165 ce 2.2985 reg 1.1808e-01 | test_acc 0.1710 | lam_1 0.0000 lam_N 0.9782 lam_N+1 0.9798 gap 0.0016 | t_epoch   7.4s eta 1h01m (total ~1h01m)
epoch   2/500 | loss 2.1800 ce 2.1154 reg 6.4583e-02 | test_acc 0.1812 | lam_1 -0.0000 lam_N 0.9584 lam_N+1 0.9761 gap 0.0177 | t_epoch   7.0s eta 1h00m (total ~1h00m)
epoch   3/500 | loss 2.1082 ce 2.0278 reg 8.0385e-02 | test_acc 0.1858 | lam_1 0.0000 lam_N 0.9328 lam_N+1 0.9797 gap 0.0469 | t_epoch   7.0s eta 59m22s (total ~59m44s)
epoch   4/500 | loss 2.0521 ce 1.9675 reg 8.4536e-02 | test_acc 0.1891 | lam_1 0.0000 lam_N 0.9047 lam_N+1 0.9860 gap 0.0813 | t_epoch   7.1s eta 59m12s (total ~59m41s)
epoch   5/500 | loss 2.0224 ce 1.9362 reg 8.6226e-02 | test_acc 0.2107 | lam_1 0.0000 lam_N 0.8796 lam_N+1 0.9882 gap 0.1086 | t_epoch   7.2s eta 59m12s (total ~59m48s)
epoch   6/500 | loss 1.9935 ce 1.8994 reg 9.4092e-02 | test_acc 0.2578 | lam_1 0.0000 lam_N 0.8861 lam_N+1 0.9784 gap 0.0923 | t_epoch   7.1s eta 58m55s (total ~59m38s)
epoch   7/500 | loss 1.9448 ce 1.8215 reg 1.2338e-01 | test_acc 0.2613 | lam_1 -0.0000 lam_N 0.9050 lam_N+1 0.9707 gap 0.0657 | t_epoch   7.0s eta 58m38s (total ~59m28s)
epoch   8/500 | loss 1.9129 ce 1.7776 reg 1.3533e-01 | test_acc 0.2872 | lam_1 -0.0000 lam_N 0.8917 lam_N+1 0.9673 gap 0.0756 | t_epoch   7.1s eta 58m27s (total ~59m24s)
epoch   9/500 | loss 1.8846 ce 1.7408 reg 1.4375e-01 | test_acc 0.2915 | lam_1 -0.0000 lam_N 0.8753 lam_N+1 0.9588 gap 0.0835 | t_epoch   7.2s eta 58m26s (total ~59m30s)
epoch  10/500 | loss 1.8662 ce 1.7173 reg 1.4894e-01 | test_acc 0.3244 | lam_1 -0.0000 lam_N 0.8523 lam_N+1 0.9547 gap 0.1024 | t_epoch   7.2s eta 58m24s (total ~59m35s)
epoch  11/500 | loss 1.8448 ce 1.6836 reg 1.6128e-01 | test_acc 0.3872 | lam_1 0.0000 lam_N 0.8342 lam_N+1 0.9455 gap 0.1113 | t_epoch   7.0s eta 58m12s (total ~59m31s)
epoch  12/500 | loss 1.8095 ce 1.6233 reg 1.8619e-01 | test_acc 0.4130 | lam_1 0.0000 lam_N 0.8170 lam_N+1 0.9428 gap 0.1258 | t_epoch   7.0s eta 58m00s (total ~59m26s)
epoch  13/500 | loss 1.7658 ce 1.5550 reg 2.1082e-01 | test_acc 0.4723 | lam_1 -0.0000 lam_N 0.7962 lam_N+1 0.9390 gap 0.1428 | t_epoch   7.1s eta 57m51s (total ~59m24s)
epoch  14/500 | loss 1.7255 ce 1.4900 reg 2.3550e-01 | test_acc 0.5099 | lam_1 -0.0000 lam_N 0.7760 lam_N+1 0.9286 gap 0.1526 | t_epoch   7.0s eta 57m41s (total ~59m21s)
epoch  15/500 | loss 1.6898 ce 1.4333 reg 2.5642e-01 | test_acc 0.5444 | lam_1 -0.0000 lam_N 0.7618 lam_N+1 0.9223 gap 0.1605 | t_epoch   7.1s eta 57m33s (total ~59m20s)
epoch  16/500 | loss 1.6544 ce 1.3763 reg 2.7808e-01 | test_acc 0.5863 | lam_1 0.0000 lam_N 0.7419 lam_N+1 0.9112 gap 0.1694 | t_epoch   7.2s eta 57m30s (total ~59m24s)
epoch  17/500 | loss 1.6218 ce 1.3211 reg 3.0070e-01 | test_acc 0.5987 | lam_1 0.0000 lam_N 0.7212 lam_N+1 0.9011 gap 0.1799 | t_epoch   7.3s eta 57m26s (total ~59m28s)
epoch  18/500 | loss 1.5938 ce 1.2777 reg 3.1611e-01 | test_acc 0.6083 | lam_1 0.0000 lam_N 0.7094 lam_N+1 0.8946 gap 0.1852 | t_epoch   7.1s eta 57m19s (total ~59m27s)
epoch  19/500 | loss 1.5598 ce 1.2278 reg 3.3199e-01 | test_acc 0.6312 | lam_1 -0.0000 lam_N 0.6852 lam_N+1 0.8876 gap 0.2023 | t_epoch   7.2s eta 57m12s (total ~59m28s)
epoch  20/500 | loss 1.5437 ce 1.2029 reg 3.4071e-01 | test_acc 0.6530 | lam_1 0.0000 lam_N 0.6758 lam_N+1 0.8836 gap 0.2078 | t_epoch   7.2s eta 57m06s (total ~59m29s)
epoch  21/500 | loss 1.5179 ce 1.1623 reg 3.5558e-01 | test_acc 0.6803 | lam_1 -0.0000 lam_N 0.6669 lam_N+1 0.8833 gap 0.2163 | t_epoch   7.1s eta 56m57s (total ~59m27s)
epoch  22/500 | loss 1.4968 ce 1.1284 reg 3.6848e-01 | test_acc 0.7041 | lam_1 -0.0000 lam_N 0.6617 lam_N+1 0.8750 gap 0.2133 | t_epoch   7.2s eta 56m51s (total ~59m28s)
epoch  23/500 | loss 1.4746 ce 1.0897 reg 3.8484e-01 | test_acc 0.7677 | lam_1 0.0000 lam_N 0.6478 lam_N+1 0.8821 gap 0.2344 | t_epoch   7.1s eta 56m42s (total ~59m26s)
epoch  24/500 | loss 1.4380 ce 1.0289 reg 4.0904e-01 | test_acc 0.7828 | lam_1 -0.0000 lam_N 0.6382 lam_N+1 0.8792 gap 0.2410 | t_epoch   7.0s eta 56m33s (total ~59m24s)
epoch  25/500 | loss 1.4234 ce 1.0069 reg 4.1651e-01 | test_acc 0.7963 | lam_1 -0.0000 lam_N 0.6198 lam_N+1 0.8739 gap 0.2541 | t_epoch   7.1s eta 56m24s (total ~59m22s)
epoch  26/500 | loss 1.3993 ce 0.9729 reg 4.2637e-01 | test_acc 0.7881 | lam_1 0.0000 lam_N 0.6100 lam_N+1 0.8724 gap 0.2624 | t_epoch   7.1s eta 56m17s (total ~59m22s)
epoch  27/500 | loss 1.3884 ce 0.9579 reg 4.3046e-01 | test_acc 0.8016 | lam_1 0.0000 lam_N 0.6090 lam_N+1 0.8708 gap 0.2618 | t_epoch   7.2s eta 56m10s (total ~59m23s)
epoch  28/500 | loss 1.3779 ce 0.9438 reg 4.3405e-01 | test_acc 0.8093 | lam_1 -0.0000 lam_N 0.6040 lam_N+1 0.8671 gap 0.2631 | t_epoch   7.1s eta 56m03s (total ~59m22s)
epoch  29/500 | loss 1.3648 ce 0.9250 reg 4.3974e-01 | test_acc 0.8031 | lam_1 -0.0000 lam_N 0.5873 lam_N+1 0.8650 gap 0.2777 | t_epoch   7.2s eta 55m56s (total ~59m23s)
epoch  30/500 | loss 1.3549 ce 0.9126 reg 4.4230e-01 | test_acc 0.8175 | lam_1 -0.0000 lam_N 0.5850 lam_N+1 0.8691 gap 0.2841 | t_epoch   7.2s eta 55m50s (total ~59m24s)
epoch  31/500 | loss 1.3489 ce 0.9035 reg 4.4534e-01 | test_acc 0.8218 | lam_1 0.0000 lam_N 0.5780 lam_N+1 0.8657 gap 0.2877 | t_epoch   7.2s eta 55m44s (total ~59m25s)
epoch  32/500 | loss 1.3378 ce 0.8884 reg 4.4933e-01 | test_acc 0.8211 | lam_1 -0.0000 lam_N 0.5788 lam_N+1 0.8639 gap 0.2851 | t_epoch   7.1s eta 55m36s (total ~59m25s)
epoch  33/500 | loss 1.3345 ce 0.8838 reg 4.5079e-01 | test_acc 0.8141 | lam_1 0.0000 lam_N 0.5614 lam_N+1 0.8610 gap 0.2996 | t_epoch   7.1s eta 55m29s (total ~59m24s)
epoch  34/500 | loss 1.3267 ce 0.8735 reg 4.5321e-01 | test_acc 0.8160 | lam_1 -0.0000 lam_N 0.5636 lam_N+1 0.8611 gap 0.2975 | t_epoch   7.2s eta 55m23s (total ~59m25s)
epoch  35/500 | loss 1.3217 ce 0.8660 reg 4.5567e-01 | test_acc 0.8104 | lam_1 0.0000 lam_N 0.5681 lam_N+1 0.8565 gap 0.2883 | t_epoch   7.1s eta 55m15s (total ~59m25s)
epoch  36/500 | loss 1.3142 ce 0.8554 reg 4.5880e-01 | test_acc 0.8178 | lam_1 -0.0000 lam_N 0.5552 lam_N+1 0.8602 gap 0.3051 | t_epoch   7.1s eta 55m07s (total ~59m24s)
epoch  37/500 | loss 1.3121 ce 0.8530 reg 4.5910e-01 | test_acc 0.8156 | lam_1 0.0000 lam_N 0.5528 lam_N+1 0.8598 gap 0.3070 | t_epoch   7.1s eta 55m00s (total ~59m23s)
epoch  38/500 | loss 1.3078 ce 0.8469 reg 4.6084e-01 | test_acc 0.8293 | lam_1 0.0000 lam_N 0.5506 lam_N+1 0.8601 gap 0.3095 | t_epoch   7.1s eta 54m52s (total ~59m23s)
epoch  39/500 | loss 1.3025 ce 0.8397 reg 4.6283e-01 | test_acc 0.8237 | lam_1 0.0000 lam_N 0.5521 lam_N+1 0.8641 gap 0.3120 | t_epoch   7.1s eta 54m44s (total ~59m22s)
epoch  40/500 | loss 1.2999 ce 0.8354 reg 4.6454e-01 | test_acc 0.8272 | lam_1 0.0000 lam_N 0.5547 lam_N+1 0.8587 gap 0.3040 | t_epoch   7.0s eta 54m36s (total ~59m21s)
epoch  41/500 | loss 1.2921 ce 0.8252 reg 4.6690e-01 | test_acc 0.8297 | lam_1 0.0000 lam_N 0.5433 lam_N+1 0.8620 gap 0.3187 | t_epoch   7.1s eta 54m29s (total ~59m21s)
epoch  42/500 | loss 1.2914 ce 0.8235 reg 4.6783e-01 | test_acc 0.8419 | lam_1 -0.0000 lam_N 0.5466 lam_N+1 0.8599 gap 0.3134 | t_epoch   7.1s eta 54m21s (total ~59m20s)
epoch  43/500 | loss 1.2892 ce 0.8203 reg 4.6894e-01 | test_acc 0.8516 | lam_1 0.0000 lam_N 0.5338 lam_N+1 0.8572 gap 0.3234 | t_epoch   7.1s eta 54m14s (total ~59m20s)
epoch  44/500 | loss 1.2854 ce 0.8134 reg 4.7202e-01 | test_acc 0.8610 | lam_1 0.0000 lam_N 0.5292 lam_N+1 0.8510 gap 0.3218 | t_epoch   7.0s eta 54m05s (total ~59m19s)
epoch  45/500 | loss 1.2774 ce 0.8005 reg 4.7688e-01 | test_acc 0.8691 | lam_1 -0.0000 lam_N 0.5277 lam_N+1 0.8526 gap 0.3249 | t_epoch   7.1s eta 53m58s (total ~59m19s)
epoch  46/500 | loss 1.2772 ce 0.7973 reg 4.7992e-01 | test_acc 0.8789 | lam_1 0.0000 lam_N 0.5303 lam_N+1 0.8496 gap 0.3193 | t_epoch   7.2s eta 53m52s (total ~59m19s)
epoch  47/500 | loss 1.2733 ce 0.7889 reg 4.8441e-01 | test_acc 0.8807 | lam_1 -0.0000 lam_N 0.5284 lam_N+1 0.8522 gap 0.3239 | t_epoch   7.2s eta 53m45s (total ~59m20s)
epoch  48/500 | loss 1.2684 ce 0.7800 reg 4.8836e-01 | test_acc 0.8882 | lam_1 0.0000 lam_N 0.5304 lam_N+1 0.8550 gap 0.3246 | t_epoch   7.1s eta 53m38s (total ~59m19s)
epoch  49/500 | loss 1.2619 ce 0.7695 reg 4.9242e-01 | test_acc 0.8885 | lam_1 -0.0000 lam_N 0.5268 lam_N+1 0.8519 gap 0.3251 | t_epoch   7.1s eta 53m31s (total ~59m20s)
epoch  50/500 | loss 1.2565 ce 0.7603 reg 4.9625e-01 | test_acc 0.8908 | lam_1 -0.0000 lam_N 0.5076 lam_N+1 0.8498 gap 0.3421 | t_epoch   7.2s eta 53m24s (total ~59m20s)
epoch  51/500 | loss 1.2543 ce 0.7567 reg 4.9769e-01 | test_acc 0.8948 | lam_1 -0.0000 lam_N 0.5111 lam_N+1 0.8511 gap 0.3400 | t_epoch   7.2s eta 53m18s (total ~59m21s)
epoch  52/500 | loss 1.2484 ce 0.7481 reg 5.0033e-01 | test_acc 0.8888 | lam_1 -0.0000 lam_N 0.5139 lam_N+1 0.8523 gap 0.3384 | t_epoch   7.3s eta 53m12s (total ~59m22s)
epoch  53/500 | loss 1.2492 ce 0.7484 reg 5.0089e-01 | test_acc 0.8737 | lam_1 0.0000 lam_N 0.5061 lam_N+1 0.8495 gap 0.3434 | t_epoch   7.0s eta 53m04s (total ~59m22s)
epoch  54/500 | loss 1.2429 ce 0.7391 reg 5.0378e-01 | test_acc 0.8994 | lam_1 0.0000 lam_N 0.5090 lam_N+1 0.8493 gap 0.3403 | t_epoch   7.2s eta 52m57s (total ~59m22s)
epoch  55/500 | loss 1.2401 ce 0.7352 reg 5.0490e-01 | test_acc 0.8913 | lam_1 -0.0000 lam_N 0.5049 lam_N+1 0.8490 gap 0.3441 | t_epoch   7.2s eta 52m51s (total ~59m23s)
epoch  56/500 | loss 1.2381 ce 0.7319 reg 5.0621e-01 | test_acc 0.8956 | lam_1 0.0000 lam_N 0.5055 lam_N+1 0.8461 gap 0.3406 | t_epoch   7.2s eta 52m45s (total ~59m24s)
epoch  57/500 | loss 1.2331 ce 0.7248 reg 5.0826e-01 | test_acc 0.9010 | lam_1 -0.0000 lam_N 0.4945 lam_N+1 0.8444 gap 0.3499 | t_epoch   7.0s eta 52m37s (total ~59m23s)
epoch  58/500 | loss 1.2282 ce 0.7182 reg 5.0996e-01 | test_acc 0.9028 | lam_1 0.0000 lam_N 0.4934 lam_N+1 0.8422 gap 0.3488 | t_epoch   7.2s eta 52m30s (total ~59m23s)
epoch  59/500 | loss 1.2262 ce 0.7152 reg 5.1103e-01 | test_acc 0.9023 | lam_1 0.0000 lam_N 0.4977 lam_N+1 0.8409 gap 0.3432 | t_epoch   7.3s eta 52m24s (total ~59m25s)
epoch  60/500 | loss 1.2249 ce 0.7126 reg 5.1227e-01 | test_acc 0.8980 | lam_1 0.0000 lam_N 0.4928 lam_N+1 0.8407 gap 0.3480 | t_epoch   7.1s eta 52m16s (total ~59m24s)
epoch  61/500 | loss 1.2226 ce 0.7099 reg 5.1272e-01 | test_acc 0.8951 | lam_1 0.0000 lam_N 0.4925 lam_N+1 0.8467 gap 0.3541 | t_epoch   7.0s eta 52m09s (total ~59m23s)
epoch  62/500 | loss 1.2204 ce 0.7068 reg 5.1361e-01 | test_acc 0.8934 | lam_1 -0.0000 lam_N 0.4887 lam_N+1 0.8433 gap 0.3546 | t_epoch   7.2s eta 52m02s (total ~59m24s)
epoch  63/500 | loss 1.2192 ce 0.7050 reg 5.1424e-01 | test_acc 0.8989 | lam_1 -0.0000 lam_N 0.4827 lam_N+1 0.8421 gap 0.3594 | t_epoch   7.2s eta 51m55s (total ~59m24s)
epoch  64/500 | loss 1.2167 ce 0.7014 reg 5.1528e-01 | test_acc 0.8969 | lam_1 0.0000 lam_N 0.4846 lam_N+1 0.8417 gap 0.3571 | t_epoch   7.2s eta 51m49s (total ~59m25s)
epoch  65/500 | loss 1.2144 ce 0.6980 reg 5.1638e-01 | test_acc 0.9059 | lam_1 -0.0000 lam_N 0.4863 lam_N+1 0.8422 gap 0.3559 | t_epoch   7.1s eta 51m41s (total ~59m25s)
epoch  66/500 | loss 1.2094 ce 0.6915 reg 5.1790e-01 | test_acc 0.9120 | lam_1 0.0000 lam_N 0.4898 lam_N+1 0.8428 gap 0.3530 | t_epoch   7.0s eta 51m34s (total ~59m24s)
epoch  67/500 | loss 1.2074 ce 0.6882 reg 5.1919e-01 | test_acc 0.9060 | lam_1 0.0000 lam_N 0.4857 lam_N+1 0.8422 gap 0.3565 | t_epoch   7.2s eta 51m27s (total ~59m24s)
epoch  68/500 | loss 1.2067 ce 0.6878 reg 5.1889e-01 | test_acc 0.9093 | lam_1 -0.0000 lam_N 0.4779 lam_N+1 0.8426 gap 0.3647 | t_epoch   7.2s eta 51m20s (total ~59m25s)
epoch  69/500 | loss 1.2042 ce 0.6839 reg 5.2022e-01 | test_acc 0.8945 | lam_1 0.0000 lam_N 0.4714 lam_N+1 0.8380 gap 0.3666 | t_epoch   7.0s eta 51m12s (total ~59m24s)
epoch  70/500 | loss 1.2083 ce 0.6894 reg 5.1893e-01 | test_acc 0.9010 | lam_1 -0.0000 lam_N 0.4767 lam_N+1 0.8395 gap 0.3628 | t_epoch   7.1s eta 51m05s (total ~59m24s)
epoch  71/500 | loss 1.2023 ce 0.6820 reg 5.2032e-01 | test_acc 0.9117 | lam_1 0.0000 lam_N 0.4737 lam_N+1 0.8384 gap 0.3647 | t_epoch   7.1s eta 50m58s (total ~59m24s)
epoch  72/500 | loss 1.2013 ce 0.6801 reg 5.2120e-01 | test_acc 0.8995 | lam_1 -0.0000 lam_N 0.4764 lam_N+1 0.8381 gap 0.3617 | t_epoch   7.2s eta 50m51s (total ~59m25s)
epoch  73/500 | loss 1.1994 ce 0.6776 reg 5.2176e-01 | test_acc 0.9108 | lam_1 0.0000 lam_N 0.4609 lam_N+1 0.8373 gap 0.3764 | t_epoch   7.2s eta 50m44s (total ~59m25s)
epoch  74/500 | loss 1.1982 ce 0.6757 reg 5.2254e-01 | test_acc 0.9093 | lam_1 -0.0000 lam_N 0.4644 lam_N+1 0.8362 gap 0.3718 | t_epoch   7.1s eta 50m37s (total ~59m25s)
epoch  75/500 | loss 1.1947 ce 0.6710 reg 5.2371e-01 | test_acc 0.9093 | lam_1 0.0000 lam_N 0.4628 lam_N+1 0.8340 gap 0.3712 | t_epoch   7.2s eta 50m30s (total ~59m25s)
epoch  76/500 | loss 1.1960 ce 0.6726 reg 5.2338e-01 | test_acc 0.9043 | lam_1 -0.0000 lam_N 0.4659 lam_N+1 0.8360 gap 0.3701 | t_epoch   7.2s eta 50m23s (total ~59m25s)
epoch  77/500 | loss 1.1962 ce 0.6732 reg 5.2300e-01 | test_acc 0.9096 | lam_1 -0.0000 lam_N 0.4552 lam_N+1 0.8329 gap 0.3776 | t_epoch   7.2s eta 50m17s (total ~59m26s)
epoch  78/500 | loss 1.1946 ce 0.6711 reg 5.2359e-01 | test_acc 0.9092 | lam_1 0.0000 lam_N 0.4619 lam_N+1 0.8365 gap 0.3746 | t_epoch   7.1s eta 50m09s (total ~59m25s)
epoch  79/500 | loss 1.1929 ce 0.6685 reg 5.2444e-01 | test_acc 0.9061 | lam_1 -0.0000 lam_N 0.4617 lam_N+1 0.8329 gap 0.3712 | t_epoch   7.1s eta 50m02s (total ~59m25s)
epoch  80/500 | loss 1.1935 ce 0.6695 reg 5.2398e-01 | test_acc 0.9174 | lam_1 -0.0000 lam_N 0.4582 lam_N+1 0.8359 gap 0.3777 | t_epoch   7.2s eta 49m55s (total ~59m25s)
epoch  81/500 | loss 1.1890 ce 0.6629 reg 5.2606e-01 | test_acc 0.9078 | lam_1 0.0000 lam_N 0.4539 lam_N+1 0.8386 gap 0.3847 | t_epoch   7.0s eta 49m47s (total ~59m25s)
epoch  82/500 | loss 1.1925 ce 0.6680 reg 5.2449e-01 | test_acc 0.9021 | lam_1 0.0000 lam_N 0.4538 lam_N+1 0.8335 gap 0.3797 | t_epoch   7.2s eta 49m40s (total ~59m25s)
epoch  83/500 | loss 1.1893 ce 0.6637 reg 5.2560e-01 | test_acc 0.9117 | lam_1 -0.0000 lam_N 0.4561 lam_N+1 0.8339 gap 0.3778 | t_epoch   7.0s eta 49m33s (total ~59m24s)
epoch  84/500 | loss 1.1892 ce 0.6636 reg 5.2559e-01 | test_acc 0.9063 | lam_1 -0.0000 lam_N 0.4519 lam_N+1 0.8305 gap 0.3786 | t_epoch   7.2s eta 49m26s (total ~59m25s)
epoch  85/500 | loss 1.1885 ce 0.6622 reg 5.2626e-01 | test_acc 0.9079 | lam_1 -0.0000 lam_N 0.4507 lam_N+1 0.8343 gap 0.3835 | t_epoch   7.1s eta 49m18s (total ~59m24s)
epoch  86/500 | loss 1.1854 ce 0.6583 reg 5.2708e-01 | test_acc 0.9016 | lam_1 -0.0000 lam_N 0.4543 lam_N+1 0.8328 gap 0.3785 | t_epoch   7.0s eta 49m11s (total ~59m24s)
epoch  87/500 | loss 1.1823 ce 0.6538 reg 5.2848e-01 | test_acc 0.9077 | lam_1 -0.0000 lam_N 0.4429 lam_N+1 0.8344 gap 0.3916 | t_epoch   7.1s eta 49m03s (total ~59m23s)
epoch  88/500 | loss 1.1850 ce 0.6578 reg 5.2723e-01 | test_acc 0.9017 | lam_1 0.0000 lam_N 0.4458 lam_N+1 0.8311 gap 0.3853 | t_epoch   7.1s eta 48m56s (total ~59m23s)
epoch  89/500 | loss 1.1840 ce 0.6564 reg 5.2764e-01 | test_acc 0.9090 | lam_1 -0.0000 lam_N 0.4386 lam_N+1 0.8317 gap 0.3931 | t_epoch   7.2s eta 48m49s (total ~59m24s)
epoch  90/500 | loss 1.1853 ce 0.6580 reg 5.2724e-01 | test_acc 0.9190 | lam_1 -0.0000 lam_N 0.4360 lam_N+1 0.8290 gap 0.3930 | t_epoch   7.1s eta 48m42s (total ~59m23s)
epoch  91/500 | loss 1.1835 ce 0.6554 reg 5.2811e-01 | test_acc 0.9121 | lam_1 -0.0000 lam_N 0.4390 lam_N+1 0.8299 gap 0.3909 | t_epoch   7.1s eta 48m34s (total ~59m23s)
epoch  92/500 | loss 1.1824 ce 0.6542 reg 5.2814e-01 | test_acc 0.9071 | lam_1 -0.0000 lam_N 0.4304 lam_N+1 0.8318 gap 0.4014 | t_epoch   7.1s eta 48m27s (total ~59m23s)
epoch  93/500 | loss 1.1847 ce 0.6572 reg 5.2757e-01 | test_acc 0.9055 | lam_1 0.0000 lam_N 0.4311 lam_N+1 0.8289 gap 0.3977 | t_epoch   7.0s eta 48m20s (total ~59m22s)
epoch  94/500 | loss 1.1801 ce 0.6511 reg 5.2901e-01 | test_acc 0.9135 | lam_1 0.0000 lam_N 0.4312 lam_N+1 0.8293 gap 0.3980 | t_epoch   7.2s eta 48m13s (total ~59m23s)
epoch  95/500 | loss 1.1799 ce 0.6510 reg 5.2895e-01 | test_acc 0.9102 | lam_1 0.0000 lam_N 0.4379 lam_N+1 0.8298 gap 0.3918 | t_epoch   7.2s eta 48m06s (total ~59m23s)
epoch  96/500 | loss 1.1777 ce 0.6479 reg 5.2978e-01 | test_acc 0.9146 | lam_1 0.0000 lam_N 0.4255 lam_N+1 0.8298 gap 0.4043 | t_epoch   7.2s eta 47m59s (total ~59m23s)
epoch  97/500 | loss 1.1772 ce 0.6471 reg 5.3013e-01 | test_acc 0.9079 | lam_1 0.0000 lam_N 0.4296 lam_N+1 0.8309 gap 0.4013 | t_epoch   7.2s eta 47m52s (total ~59m24s)
epoch  98/500 | loss 1.1783 ce 0.6484 reg 5.2995e-01 | test_acc 0.9128 | lam_1 -0.0000 lam_N 0.4309 lam_N+1 0.8243 gap 0.3934 | t_epoch   7.1s eta 47m45s (total ~59m24s)
epoch  99/500 | loss 1.1794 ce 0.6503 reg 5.2917e-01 | test_acc 0.9106 | lam_1 0.0000 lam_N 0.4264 lam_N+1 0.8268 gap 0.4004 | t_epoch   7.2s eta 47m38s (total ~59m24s)
epoch 100/500 | loss 1.1772 ce 0.6473 reg 5.2985e-01 | test_acc 0.9115 | lam_1 -0.0000 lam_N 0.4271 lam_N+1 0.8297 gap 0.4026 | t_epoch   7.1s eta 47m31s (total ~59m24s)
epoch 101/500 | loss 1.1759 ce 0.6456 reg 5.3032e-01 | test_acc 0.9170 | lam_1 0.0000 lam_N 0.4266 lam_N+1 0.8285 gap 0.4019 | t_epoch   7.1s eta 47m23s (total ~59m23s)
epoch 102/500 | loss 1.1769 ce 0.6467 reg 5.3019e-01 | test_acc 0.9180 | lam_1 -0.0000 lam_N 0.4291 lam_N+1 0.8290 gap 0.3998 | t_epoch   7.1s eta 47m16s (total ~59m23s)
epoch 103/500 | loss 1.1762 ce 0.6459 reg 5.3032e-01 | test_acc 0.9168 | lam_1 -0.0000 lam_N 0.4240 lam_N+1 0.8295 gap 0.4056 | t_epoch   7.2s eta 47m09s (total ~59m24s)
epoch 104/500 | loss 1.1741 ce 0.6430 reg 5.3106e-01 | test_acc 0.9124 | lam_1 0.0000 lam_N 0.4276 lam_N+1 0.8281 gap 0.4005 | t_epoch   7.0s eta 47m02s (total ~59m23s)
epoch 105/500 | loss 1.1729 ce 0.6414 reg 5.3147e-01 | test_acc 0.9159 | lam_1 -0.0000 lam_N 0.4231 lam_N+1 0.8272 gap 0.4041 | t_epoch   7.1s eta 46m55s (total ~59m23s)
epoch 106/500 | loss 1.1748 ce 0.6442 reg 5.3062e-01 | test_acc 0.9161 | lam_1 0.0000 lam_N 0.4282 lam_N+1 0.8242 gap 0.3959 | t_epoch   7.2s eta 46m48s (total ~59m23s)
epoch 107/500 | loss 1.1750 ce 0.6443 reg 5.3077e-01 | test_acc 0.9106 | lam_1 0.0000 lam_N 0.4213 lam_N+1 0.8296 gap 0.4083 | t_epoch   7.2s eta 46m41s (total ~59m23s)
epoch 108/500 | loss 1.1729 ce 0.6414 reg 5.3152e-01 | test_acc 0.9129 | lam_1 0.0000 lam_N 0.4155 lam_N+1 0.8250 gap 0.4095 | t_epoch   7.1s eta 46m33s (total ~59m23s)
epoch 109/500 | loss 1.1723 ce 0.6404 reg 5.3191e-01 | test_acc 0.9086 | lam_1 -0.0000 lam_N 0.4177 lam_N+1 0.8255 gap 0.4078 | t_epoch   7.2s eta 46m26s (total ~59m23s)
epoch 110/500 | loss 1.1724 ce 0.6407 reg 5.3171e-01 | test_acc 0.9122 | lam_1 0.0000 lam_N 0.4170 lam_N+1 0.8265 gap 0.4094 | t_epoch   7.0s eta 46m19s (total ~59m23s)
epoch 111/500 | loss 1.1730 ce 0.6416 reg 5.3141e-01 | test_acc 0.9160 | lam_1 0.0000 lam_N 0.4124 lam_N+1 0.8255 gap 0.4131 | t_epoch   7.1s eta 46m12s (total ~59m23s)
epoch 112/500 | loss 1.1727 ce 0.6412 reg 5.3149e-01 | test_acc 0.9100 | lam_1 -0.0000 lam_N 0.4243 lam_N+1 0.8318 gap 0.4075 | t_epoch   7.2s eta 46m05s (total ~59m23s)
epoch 113/500 | loss 1.1708 ce 0.6388 reg 5.3200e-01 | test_acc 0.9135 | lam_1 0.0000 lam_N 0.4110 lam_N+1 0.8249 gap 0.4139 | t_epoch   7.1s eta 45m58s (total ~59m23s)
epoch 114/500 | loss 1.1722 ce 0.6403 reg 5.3190e-01 | test_acc 0.9134 | lam_1 -0.0000 lam_N 0.4155 lam_N+1 0.8287 gap 0.4132 | t_epoch   7.0s eta 45m50s (total ~59m22s)
epoch 115/500 | loss 1.1713 ce 0.6394 reg 5.3196e-01 | test_acc 0.9158 | lam_1 -0.0000 lam_N 0.4048 lam_N+1 0.8257 gap 0.4209 | t_epoch   7.1s eta 45m43s (total ~59m22s)
epoch 116/500 | loss 1.1718 ce 0.6400 reg 5.3177e-01 | test_acc 0.9147 | lam_1 -0.0000 lam_N 0.4029 lam_N+1 0.8236 gap 0.4208 | t_epoch   7.0s eta 45m35s (total ~59m22s)
epoch 117/500 | loss 1.1682 ce 0.6350 reg 5.3314e-01 | test_acc 0.9125 | lam_1 -0.0000 lam_N 0.4025 lam_N+1 0.8231 gap 0.4206 | t_epoch   7.1s eta 45m28s (total ~59m22s)
epoch 118/500 | loss 1.1700 ce 0.6376 reg 5.3239e-01 | test_acc 0.9141 | lam_1 0.0000 lam_N 0.4210 lam_N+1 0.8261 gap 0.4051 | t_epoch   7.1s eta 45m21s (total ~59m21s)
epoch 119/500 | loss 1.1676 ce 0.6343 reg 5.3334e-01 | test_acc 0.9199 | lam_1 -0.0000 lam_N 0.4081 lam_N+1 0.8204 gap 0.4123 | t_epoch   7.2s eta 45m14s (total ~59m22s)
epoch 120/500 | loss 1.1678 ce 0.6346 reg 5.3323e-01 | test_acc 0.9126 | lam_1 -0.0000 lam_N 0.3985 lam_N+1 0.8231 gap 0.4246 | t_epoch   7.1s eta 45m07s (total ~59m22s)
epoch 121/500 | loss 1.1688 ce 0.6362 reg 5.3261e-01 | test_acc 0.9182 | lam_1 -0.0000 lam_N 0.4014 lam_N+1 0.8258 gap 0.4243 | t_epoch   7.2s eta 45m00s (total ~59m22s)
epoch 122/500 | loss 1.1694 ce 0.6366 reg 5.3281e-01 | test_acc 0.9113 | lam_1 0.0000 lam_N 0.4056 lam_N+1 0.8260 gap 0.4204 | t_epoch   7.1s eta 44m53s (total ~59m22s)
epoch 123/500 | loss 1.1682 ce 0.6352 reg 5.3307e-01 | test_acc 0.9113 | lam_1 -0.0000 lam_N 0.4014 lam_N+1 0.8227 gap 0.4213 | t_epoch   7.2s eta 44m46s (total ~59m22s)
epoch 124/500 | loss 1.1666 ce 0.6332 reg 5.3338e-01 | test_acc 0.9191 | lam_1 0.0000 lam_N 0.4054 lam_N+1 0.8250 gap 0.4196 | t_epoch   7.2s eta 44m39s (total ~59m22s)
epoch 125/500 | loss 1.1663 ce 0.6327 reg 5.3361e-01 | test_acc 0.9202 | lam_1 -0.0000 lam_N 0.4048 lam_N+1 0.8256 gap 0.4208 | t_epoch   7.2s eta 44m32s (total ~59m23s)
epoch 126/500 | loss 1.1662 ce 0.6326 reg 5.3354e-01 | test_acc 0.9112 | lam_1 0.0000 lam_N 0.4033 lam_N+1 0.8279 gap 0.4247 | t_epoch   7.1s eta 44m25s (total ~59m22s)
epoch 127/500 | loss 1.1672 ce 0.6338 reg 5.3337e-01 | test_acc 0.9177 | lam_1 0.0000 lam_N 0.3899 lam_N+1 0.8201 gap 0.4302 | t_epoch   7.1s eta 44m17s (total ~59m22s)
epoch 128/500 | loss 1.1679 ce 0.6349 reg 5.3294e-01 | test_acc 0.9227 | lam_1 -0.0000 lam_N 0.4030 lam_N+1 0.8268 gap 0.4238 | t_epoch   7.1s eta 44m10s (total ~59m22s)
epoch 129/500 | loss 1.1688 ce 0.6360 reg 5.3281e-01 | test_acc 0.9178 | lam_1 -0.0000 lam_N 0.3937 lam_N+1 0.8219 gap 0.4282 | t_epoch   7.1s eta 44m03s (total ~59m22s)
epoch 130/500 | loss 1.1686 ce 0.6358 reg 5.3287e-01 | test_acc 0.9182 | lam_1 -0.0000 lam_N 0.3947 lam_N+1 0.8188 gap 0.4241 | t_epoch   7.1s eta 43m55s (total ~59m22s)
epoch 131/500 | loss 1.1649 ce 0.6309 reg 5.3398e-01 | test_acc 0.9165 | lam_1 -0.0000 lam_N 0.3999 lam_N+1 0.8235 gap 0.4236 | t_epoch   7.1s eta 43m48s (total ~59m22s)
epoch 132/500 | loss 1.1657 ce 0.6319 reg 5.3382e-01 | test_acc 0.9220 | lam_1 0.0000 lam_N 0.3869 lam_N+1 0.8215 gap 0.4346 | t_epoch   7.0s eta 43m41s (total ~59m21s)
epoch 133/500 | loss 1.1662 ce 0.6327 reg 5.3348e-01 | test_acc 0.9154 | lam_1 -0.0000 lam_N 0.3919 lam_N+1 0.8260 gap 0.4340 | t_epoch   7.3s eta 43m34s (total ~59m22s)
epoch 134/500 | loss 1.1659 ce 0.6324 reg 5.3351e-01 | test_acc 0.9124 | lam_1 -0.0000 lam_N 0.3910 lam_N+1 0.8259 gap 0.4348 | t_epoch   7.0s eta 43m27s (total ~59m21s)
epoch 135/500 | loss 1.1642 ce 0.6300 reg 5.3424e-01 | test_acc 0.9149 | lam_1 -0.0000 lam_N 0.3952 lam_N+1 0.8196 gap 0.4244 | t_epoch   7.2s eta 43m20s (total ~59m22s)
epoch 136/500 | loss 1.1661 ce 0.6326 reg 5.3347e-01 | test_acc 0.9142 | lam_1 -0.0000 lam_N 0.3839 lam_N+1 0.8197 gap 0.4358 | t_epoch   7.0s eta 43m12s (total ~59m21s)
epoch 137/500 | loss 1.1639 ce 0.6294 reg 5.3451e-01 | test_acc 0.9226 | lam_1 0.0000 lam_N 0.3904 lam_N+1 0.8253 gap 0.4349 | t_epoch   7.0s eta 43m05s (total ~59m21s)
epoch 138/500 | loss 1.1654 ce 0.6315 reg 5.3389e-01 | test_acc 0.9245 | lam_1 0.0000 lam_N 0.3932 lam_N+1 0.8261 gap 0.4329 | t_epoch   7.1s eta 42m58s (total ~59m21s)
epoch 139/500 | loss 1.1619 ce 0.6268 reg 5.3515e-01 | test_acc 0.9159 | lam_1 -0.0000 lam_N 0.3885 lam_N+1 0.8235 gap 0.4350 | t_epoch   7.1s eta 42m51s (total ~59m21s)
epoch 140/500 | loss 1.1633 ce 0.6287 reg 5.3457e-01 | test_acc 0.9144 | lam_1 0.0000 lam_N 0.3857 lam_N+1 0.8200 gap 0.4342 | t_epoch   7.3s eta 42m44s (total ~59m21s)
epoch 141/500 | loss 1.1642 ce 0.6303 reg 5.3395e-01 | test_acc 0.9153 | lam_1 -0.0000 lam_N 0.3852 lam_N+1 0.8246 gap 0.4394 | t_epoch   7.1s eta 42m37s (total ~59m21s)
epoch 142/500 | loss 1.1651 ce 0.6310 reg 5.3415e-01 | test_acc 0.9162 | lam_1 -0.0000 lam_N 0.3716 lam_N+1 0.8135 gap 0.4418 | t_epoch   7.1s eta 42m29s (total ~59m21s)
epoch 143/500 | loss 1.1622 ce 0.6273 reg 5.3487e-01 | test_acc 0.9165 | lam_1 0.0000 lam_N 0.3747 lam_N+1 0.8206 gap 0.4459 | t_epoch   7.0s eta 42m22s (total ~59m21s)
epoch 144/500 | loss 1.1642 ce 0.6300 reg 5.3418e-01 | test_acc 0.9217 | lam_1 -0.0000 lam_N 0.3833 lam_N+1 0.8245 gap 0.4412 | t_epoch   7.2s eta 42m15s (total ~59m21s)
epoch 145/500 | loss 1.1627 ce 0.6280 reg 5.3465e-01 | test_acc 0.9197 | lam_1 -0.0000 lam_N 0.3782 lam_N+1 0.8232 gap 0.4450 | t_epoch   7.1s eta 42m08s (total ~59m21s)
epoch 146/500 | loss 1.1633 ce 0.6289 reg 5.3442e-01 | test_acc 0.9169 | lam_1 -0.0000 lam_N 0.3792 lam_N+1 0.8228 gap 0.4436 | t_epoch   7.0s eta 42m01s (total ~59m21s)
epoch 147/500 | loss 1.1633 ce 0.6289 reg 5.3443e-01 | test_acc 0.9192 | lam_1 -0.0000 lam_N 0.3884 lam_N+1 0.8215 gap 0.4331 | t_epoch   7.2s eta 41m54s (total ~59m21s)
epoch 148/500 | loss 1.1624 ce 0.6273 reg 5.3508e-01 | test_acc 0.9149 | lam_1 0.0000 lam_N 0.3867 lam_N+1 0.8208 gap 0.4340 | t_epoch   7.0s eta 41m47s (total ~59m21s)
epoch 149/500 | loss 1.1600 ce 0.6244 reg 5.3566e-01 | test_acc 0.9149 | lam_1 0.0000 lam_N 0.3740 lam_N+1 0.8177 gap 0.4437 | t_epoch   7.0s eta 41m39s (total ~59m20s)
epoch 150/500 | loss 1.1624 ce 0.6276 reg 5.3479e-01 | test_acc 0.9151 | lam_1 0.0000 lam_N 0.3787 lam_N+1 0.8226 gap 0.4439 | t_epoch   7.2s eta 41m32s (total ~59m21s)
epoch 151/500 | loss 1.1618 ce 0.6269 reg 5.3496e-01 | test_acc 0.9125 | lam_1 -0.0000 lam_N 0.3714 lam_N+1 0.8194 gap 0.4480 | t_epoch   7.0s eta 41m25s (total ~59m20s)
epoch 152/500 | loss 1.1611 ce 0.6261 reg 5.3505e-01 | test_acc 0.9107 | lam_1 -0.0000 lam_N 0.3729 lam_N+1 0.8179 gap 0.4451 | t_epoch   7.2s eta 41m18s (total ~59m21s)
epoch 153/500 | loss 1.1607 ce 0.6254 reg 5.3535e-01 | test_acc 0.9213 | lam_1 -0.0000 lam_N 0.3761 lam_N+1 0.8216 gap 0.4456 | t_epoch   7.1s eta 41m11s (total ~59m20s)
epoch 154/500 | loss 1.1610 ce 0.6257 reg 5.3534e-01 | test_acc 0.9163 | lam_1 0.0000 lam_N 0.3746 lam_N+1 0.8215 gap 0.4468 | t_epoch   7.2s eta 41m04s (total ~59m21s)
epoch 155/500 | loss 1.1603 ce 0.6249 reg 5.3539e-01 | test_acc 0.9134 | lam_1 0.0000 lam_N 0.3779 lam_N+1 0.8137 gap 0.4358 | t_epoch   7.1s eta 40m57s (total ~59m21s)
epoch 156/500 | loss 1.1603 ce 0.6247 reg 5.3553e-01 | test_acc 0.9166 | lam_1 0.0000 lam_N 0.3728 lam_N+1 0.8197 gap 0.4469 | t_epoch   7.1s eta 40m50s (total ~59m21s)
epoch 157/500 | loss 1.1600 ce 0.6245 reg 5.3553e-01 | test_acc 0.9167 | lam_1 0.0000 lam_N 0.3699 lam_N+1 0.8199 gap 0.4500 | t_epoch   7.2s eta 40m43s (total ~59m21s)
epoch 158/500 | loss 1.1618 ce 0.6270 reg 5.3489e-01 | test_acc 0.9209 | lam_1 0.0000 lam_N 0.3682 lam_N+1 0.8187 gap 0.4504 | t_epoch   7.1s eta 40m36s (total ~59m21s)
epoch 159/500 | loss 1.1619 ce 0.6269 reg 5.3506e-01 | test_acc 0.9204 | lam_1 -0.0000 lam_N 0.3628 lam_N+1 0.8154 gap 0.4526 | t_epoch   7.2s eta 40m29s (total ~59m21s)
epoch 160/500 | loss 1.1628 ce 0.6282 reg 5.3455e-01 | test_acc 0.9117 | lam_1 0.0000 lam_N 0.3606 lam_N+1 0.8133 gap 0.4528 | t_epoch   7.0s eta 40m21s (total ~59m21s)
epoch 161/500 | loss 1.1591 ce 0.6233 reg 5.3576e-01 | test_acc 0.9169 | lam_1 0.0000 lam_N 0.3636 lam_N+1 0.8143 gap 0.4508 | t_epoch   7.2s eta 40m14s (total ~59m21s)
epoch 162/500 | loss 1.1595 ce 0.6239 reg 5.3553e-01 | test_acc 0.9195 | lam_1 -0.0000 lam_N 0.3645 lam_N+1 0.8196 gap 0.4551 | t_epoch   7.2s eta 40m07s (total ~59m21s)
epoch 163/500 | loss 1.1590 ce 0.6230 reg 5.3603e-01 | test_acc 0.9208 | lam_1 -0.0000 lam_N 0.3608 lam_N+1 0.8128 gap 0.4520 | t_epoch   7.2s eta 40m00s (total ~59m21s)
epoch 164/500 | loss 1.1575 ce 0.6212 reg 5.3633e-01 | test_acc 0.9180 | lam_1 -0.0000 lam_N 0.3618 lam_N+1 0.8183 gap 0.4565 | t_epoch   7.1s eta 39m53s (total ~59m21s)
epoch 165/500 | loss 1.1600 ce 0.6244 reg 5.3560e-01 | test_acc 0.9192 | lam_1 0.0000 lam_N 0.3608 lam_N+1 0.8177 gap 0.4569 | t_epoch   7.1s eta 39m46s (total ~59m21s)
epoch 166/500 | loss 1.1590 ce 0.6232 reg 5.3581e-01 | test_acc 0.9147 | lam_1 -0.0000 lam_N 0.3616 lam_N+1 0.8144 gap 0.4528 | t_epoch   7.1s eta 39m39s (total ~59m21s)
epoch 167/500 | loss 1.1592 ce 0.6233 reg 5.3587e-01 | test_acc 0.9250 | lam_1 -0.0000 lam_N 0.3622 lam_N+1 0.8178 gap 0.4556 | t_epoch   7.1s eta 39m32s (total ~59m21s)
epoch 168/500 | loss 1.1583 ce 0.6221 reg 5.3614e-01 | test_acc 0.9213 | lam_1 -0.0000 lam_N 0.3586 lam_N+1 0.8183 gap 0.4597 | t_epoch   7.0s eta 39m24s (total ~59m21s)
epoch 169/500 | loss 1.1591 ce 0.6233 reg 5.3583e-01 | test_acc 0.9206 | lam_1 -0.0000 lam_N 0.3607 lam_N+1 0.8153 gap 0.4546 | t_epoch   7.2s eta 39m17s (total ~59m21s)
epoch 170/500 | loss 1.1577 ce 0.6215 reg 5.3617e-01 | test_acc 0.9233 | lam_1 -0.0000 lam_N 0.3515 lam_N+1 0.8154 gap 0.4639 | t_epoch   7.2s eta 39m10s (total ~59m21s)
epoch 171/500 | loss 1.1565 ce 0.6198 reg 5.3671e-01 | test_acc 0.9120 | lam_1 -0.0000 lam_N 0.3484 lam_N+1 0.8124 gap 0.4640 | t_epoch   7.2s eta 39m03s (total ~59m21s)
epoch 172/500 | loss 1.1598 ce 0.6240 reg 5.3578e-01 | test_acc 0.9172 | lam_1 0.0000 lam_N 0.3527 lam_N+1 0.8157 gap 0.4629 | t_epoch   7.0s eta 38m56s (total ~59m21s)
epoch 173/500 | loss 1.1583 ce 0.6223 reg 5.3597e-01 | test_acc 0.9203 | lam_1 0.0000 lam_N 0.3498 lam_N+1 0.8110 gap 0.4612 | t_epoch   7.0s eta 38m49s (total ~59m21s)
epoch 174/500 | loss 1.1578 ce 0.6215 reg 5.3629e-01 | test_acc 0.9167 | lam_1 0.0000 lam_N 0.3535 lam_N+1 0.8119 gap 0.4584 | t_epoch   7.2s eta 38m42s (total ~59m21s)
epoch 175/500 | loss 1.1589 ce 0.6231 reg 5.3579e-01 | test_acc 0.9222 | lam_1 0.0000 lam_N 0.3595 lam_N+1 0.8156 gap 0.4561 | t_epoch   7.1s eta 38m34s (total ~59m21s)
epoch 176/500 | loss 1.1582 ce 0.6219 reg 5.3622e-01 | test_acc 0.9230 | lam_1 0.0000 lam_N 0.3543 lam_N+1 0.8144 gap 0.4602 | t_epoch   7.0s eta 38m27s (total ~59m20s)
epoch 177/500 | loss 1.1564 ce 0.6196 reg 5.3679e-01 | test_acc 0.9176 | lam_1 0.0000 lam_N 0.3499 lam_N+1 0.8124 gap 0.4625 | t_epoch   7.2s eta 38m20s (total ~59m21s)
epoch 178/500 | loss 1.1602 ce 0.6247 reg 5.3550e-01 | test_acc 0.9147 | lam_1 0.0000 lam_N 0.3601 lam_N+1 0.8158 gap 0.4557 | t_epoch   7.1s eta 38m13s (total ~59m21s)
epoch 179/500 | loss 1.1576 ce 0.6215 reg 5.3619e-01 | test_acc 0.9123 | lam_1 -0.0000 lam_N 0.3458 lam_N+1 0.8178 gap 0.4720 | t_epoch   7.0s eta 38m05s (total ~59m20s)
epoch 180/500 | loss 1.1595 ce 0.6238 reg 5.3564e-01 | test_acc 0.9200 | lam_1 -0.0000 lam_N 0.3387 lam_N+1 0.8098 gap 0.4712 | t_epoch   7.1s eta 37m58s (total ~59m20s)
epoch 181/500 | loss 1.1581 ce 0.6219 reg 5.3617e-01 | test_acc 0.9215 | lam_1 -0.0000 lam_N 0.3415 lam_N+1 0.8089 gap 0.4675 | t_epoch   7.2s eta 37m51s (total ~59m20s)
epoch 182/500 | loss 1.1574 ce 0.6210 reg 5.3644e-01 | test_acc 0.9198 | lam_1 0.0000 lam_N 0.3418 lam_N+1 0.8133 gap 0.4714 | t_epoch   7.2s eta 37m44s (total ~59m20s)
epoch 183/500 | loss 1.1560 ce 0.6192 reg 5.3677e-01 | test_acc 0.9253 | lam_1 0.0000 lam_N 0.3479 lam_N+1 0.8110 gap 0.4631 | t_epoch   7.1s eta 37m37s (total ~59m20s)
epoch 184/500 | loss 1.1567 ce 0.6201 reg 5.3662e-01 | test_acc 0.9174 | lam_1 -0.0000 lam_N 0.3480 lam_N+1 0.8106 gap 0.4625 | t_epoch   7.0s eta 37m30s (total ~59m20s)
epoch 185/500 | loss 1.1582 ce 0.6221 reg 5.3615e-01 | test_acc 0.9180 | lam_1 -0.0000 lam_N 0.3385 lam_N+1 0.8116 gap 0.4731 | t_epoch   7.0s eta 37m23s (total ~59m20s)
epoch 186/500 | loss 1.1622 ce 0.6269 reg 5.3539e-01 | test_acc 0.9205 | lam_1 -0.0000 lam_N 0.3443 lam_N+1 0.8142 gap 0.4699 | t_epoch   7.1s eta 37m15s (total ~59m20s)
epoch 187/500 | loss 1.1572 ce 0.6210 reg 5.3618e-01 | test_acc 0.9223 | lam_1 -0.0000 lam_N 0.3475 lam_N+1 0.8102 gap 0.4627 | t_epoch   7.1s eta 37m08s (total ~59m20s)
epoch 188/500 | loss 1.1558 ce 0.6190 reg 5.3679e-01 | test_acc 0.9235 | lam_1 0.0000 lam_N 0.3399 lam_N+1 0.8131 gap 0.4733 | t_epoch   7.2s eta 37m01s (total ~59m20s)
epoch 189/500 | loss 1.1548 ce 0.6175 reg 5.3728e-01 | test_acc 0.9262 | lam_1 0.0000 lam_N 0.3364 lam_N+1 0.8096 gap 0.4731 | t_epoch   7.1s eta 36m54s (total ~59m20s)
epoch 190/500 | loss 1.1551 ce 0.6181 reg 5.3704e-01 | test_acc 0.9259 | lam_1 -0.0000 lam_N 0.3364 lam_N+1 0.8107 gap 0.4744 | t_epoch   7.1s eta 36m47s (total ~59m20s)
epoch 191/500 | loss 1.1560 ce 0.6191 reg 5.3686e-01 | test_acc 0.9222 | lam_1 -0.0000 lam_N 0.3383 lam_N+1 0.8124 gap 0.4741 | t_epoch   7.2s eta 36m40s (total ~59m20s)
epoch 192/500 | loss 1.1555 ce 0.6187 reg 5.3684e-01 | test_acc 0.9180 | lam_1 0.0000 lam_N 0.3345 lam_N+1 0.8105 gap 0.4760 | t_epoch   7.1s eta 36m33s (total ~59m20s)
epoch 193/500 | loss 1.1548 ce 0.6176 reg 5.3718e-01 | test_acc 0.9224 | lam_1 0.0000 lam_N 0.3345 lam_N+1 0.8105 gap 0.4760 | t_epoch   7.0s eta 36m26s (total ~59m20s)
epoch 194/500 | loss 1.1554 ce 0.6185 reg 5.3694e-01 | test_acc 0.9234 | lam_1 0.0000 lam_N 0.3416 lam_N+1 0.8146 gap 0.4730 | t_epoch   7.1s eta 36m18s (total ~59m20s)
epoch 195/500 | loss 1.1547 ce 0.6174 reg 5.3730e-01 | test_acc 0.9207 | lam_1 0.0000 lam_N 0.3302 lam_N+1 0.8086 gap 0.4784 | t_epoch   7.1s eta 36m11s (total ~59m20s)
epoch 196/500 | loss 1.1543 ce 0.6170 reg 5.3734e-01 | test_acc 0.9173 | lam_1 -0.0000 lam_N 0.3287 lam_N+1 0.8083 gap 0.4797 | t_epoch   7.1s eta 36m04s (total ~59m20s)
epoch 197/500 | loss 1.1582 ce 0.6222 reg 5.3602e-01 | test_acc 0.9159 | lam_1 -0.0000 lam_N 0.3333 lam_N+1 0.8067 gap 0.4734 | t_epoch   7.1s eta 35m57s (total ~59m20s)
epoch 198/500 | loss 1.1549 ce 0.6176 reg 5.3726e-01 | test_acc 0.9196 | lam_1 -0.0000 lam_N 0.3280 lam_N+1 0.8084 gap 0.4804 | t_epoch   7.0s eta 35m50s (total ~59m20s)
epoch 199/500 | loss 1.1550 ce 0.6179 reg 5.3706e-01 | test_acc 0.9200 | lam_1 0.0000 lam_N 0.3257 lam_N+1 0.8090 gap 0.4833 | t_epoch   7.1s eta 35m43s (total ~59m20s)
epoch 200/500 | loss 1.1553 ce 0.6182 reg 5.3709e-01 | test_acc 0.9205 | lam_1 -0.0000 lam_N 0.3288 lam_N+1 0.8065 gap 0.4777 | t_epoch   7.1s eta 35m36s (total ~59m20s)
epoch 201/500 | loss 1.1570 ce 0.6206 reg 5.3643e-01 | test_acc 0.9207 | lam_1 0.0000 lam_N 0.3286 lam_N+1 0.8119 gap 0.4833 | t_epoch   7.1s eta 35m28s (total ~59m20s)
epoch 202/500 | loss 1.1555 ce 0.6186 reg 5.3680e-01 | test_acc 0.9213 | lam_1 -0.0000 lam_N 0.3334 lam_N+1 0.8088 gap 0.4754 | t_epoch   7.0s eta 35m21s (total ~59m19s)
epoch 203/500 | loss 1.1553 ce 0.6183 reg 5.3702e-01 | test_acc 0.9217 | lam_1 0.0000 lam_N 0.3324 lam_N+1 0.8089 gap 0.4765 | t_epoch   7.1s eta 35m14s (total ~59m19s)
epoch 204/500 | loss 1.1543 ce 0.6171 reg 5.3727e-01 | test_acc 0.9168 | lam_1 -0.0000 lam_N 0.3383 lam_N+1 0.8141 gap 0.4758 | t_epoch   7.1s eta 35m07s (total ~59m19s)
epoch 205/500 | loss 1.1532 ce 0.6155 reg 5.3766e-01 | test_acc 0.9193 | lam_1 0.0000 lam_N 0.3313 lam_N+1 0.8086 gap 0.4773 | t_epoch   7.0s eta 35m00s (total ~59m19s)
epoch 206/500 | loss 1.1551 ce 0.6181 reg 5.3705e-01 | test_acc 0.9213 | lam_1 -0.0000 lam_N 0.3315 lam_N+1 0.8106 gap 0.4792 | t_epoch   7.0s eta 34m52s (total ~59m19s)
epoch 207/500 | loss 1.1534 ce 0.6158 reg 5.3758e-01 | test_acc 0.9174 | lam_1 0.0000 lam_N 0.3201 lam_N+1 0.8092 gap 0.4891 | t_epoch   7.0s eta 34m45s (total ~59m18s)
epoch 208/500 | loss 1.1542 ce 0.6170 reg 5.3725e-01 | test_acc 0.9194 | lam_1 0.0000 lam_N 0.3304 lam_N+1 0.8085 gap 0.4781 | t_epoch   7.2s eta 34m38s (total ~59m19s)
epoch 209/500 | loss 1.1545 ce 0.6172 reg 5.3725e-01 | test_acc 0.9271 | lam_1 0.0000 lam_N 0.3304 lam_N+1 0.8101 gap 0.4798 | t_epoch   7.0s eta 34m31s (total ~59m18s)
epoch 210/500 | loss 1.1543 ce 0.6171 reg 5.3722e-01 | test_acc 0.9226 | lam_1 -0.0000 lam_N 0.3216 lam_N+1 0.8062 gap 0.4846 | t_epoch   7.1s eta 34m24s (total ~59m18s)
epoch 211/500 | loss 1.1535 ce 0.6158 reg 5.3762e-01 | test_acc 0.9216 | lam_1 -0.0000 lam_N 0.3190 lam_N+1 0.8067 gap 0.4877 | t_epoch   7.0s eta 34m16s (total ~59m18s)
epoch 212/500 | loss 1.1542 ce 0.6168 reg 5.3731e-01 | test_acc 0.9212 | lam_1 -0.0000 lam_N 0.3335 lam_N+1 0.8125 gap 0.4790 | t_epoch   7.0s eta 34m09s (total ~59m18s)
epoch 213/500 | loss 1.1540 ce 0.6168 reg 5.3719e-01 | test_acc 0.9268 | lam_1 0.0000 lam_N 0.3226 lam_N+1 0.8084 gap 0.4858 | t_epoch   7.1s eta 34m02s (total ~59m18s)
epoch 214/500 | loss 1.1525 ce 0.6144 reg 5.3804e-01 | test_acc 0.9232 | lam_1 0.0000 lam_N 0.3141 lam_N+1 0.8106 gap 0.4965 | t_epoch   7.1s eta 33m55s (total ~59m18s)
epoch 215/500 | loss 1.1528 ce 0.6151 reg 5.3774e-01 | test_acc 0.9247 | lam_1 0.0000 lam_N 0.3231 lam_N+1 0.8071 gap 0.4840 | t_epoch   7.1s eta 33m48s (total ~59m18s)
epoch 216/500 | loss 1.1529 ce 0.6152 reg 5.3769e-01 | test_acc 0.9250 | lam_1 -0.0000 lam_N 0.3160 lam_N+1 0.8112 gap 0.4952 | t_epoch   7.2s eta 33m41s (total ~59m18s)
epoch 217/500 | loss 1.1547 ce 0.6176 reg 5.3712e-01 | test_acc 0.9202 | lam_1 0.0000 lam_N 0.3341 lam_N+1 0.8091 gap 0.4750 | t_epoch   7.0s eta 33m34s (total ~59m18s)
epoch 218/500 | loss 1.1543 ce 0.6169 reg 5.3738e-01 | test_acc 0.9272 | lam_1 0.0000 lam_N 0.3273 lam_N+1 0.8048 gap 0.4775 | t_epoch   7.1s eta 33m27s (total ~59m18s)
epoch 219/500 | loss 1.1527 ce 0.6150 reg 5.3768e-01 | test_acc 0.9235 | lam_1 -0.0000 lam_N 0.3248 lam_N+1 0.8088 gap 0.4840 | t_epoch   7.2s eta 33m19s (total ~59m18s)
epoch 220/500 | loss 1.1526 ce 0.6146 reg 5.3791e-01 | test_acc 0.9212 | lam_1 0.0000 lam_N 0.3188 lam_N+1 0.8062 gap 0.4874 | t_epoch   7.0s eta 33m12s (total ~59m18s)
epoch 221/500 | loss 1.1534 ce 0.6156 reg 5.3775e-01 | test_acc 0.9210 | lam_1 -0.0000 lam_N 0.3168 lam_N+1 0.8075 gap 0.4907 | t_epoch   7.2s eta 33m05s (total ~59m18s)
epoch 222/500 | loss 1.1527 ce 0.6150 reg 5.3777e-01 | test_acc 0.9208 | lam_1 -0.0000 lam_N 0.3099 lam_N+1 0.8084 gap 0.4985 | t_epoch   7.1s eta 32m58s (total ~59m18s)
epoch 223/500 | loss 1.1540 ce 0.6166 reg 5.3737e-01 | test_acc 0.9226 | lam_1 0.0000 lam_N 0.3114 lam_N+1 0.8066 gap 0.4952 | t_epoch   7.2s eta 32m51s (total ~59m18s)
epoch 224/500 | loss 1.1533 ce 0.6159 reg 5.3741e-01 | test_acc 0.9193 | lam_1 -0.0000 lam_N 0.3213 lam_N+1 0.8072 gap 0.4859 | t_epoch   7.2s eta 32m44s (total ~59m18s)
epoch 225/500 | loss 1.1519 ce 0.6139 reg 5.3799e-01 | test_acc 0.9201 | lam_1 -0.0000 lam_N 0.3084 lam_N+1 0.8066 gap 0.4982 | t_epoch   7.0s eta 32m37s (total ~59m18s)
epoch 226/500 | loss 1.1521 ce 0.6140 reg 5.3809e-01 | test_acc 0.9212 | lam_1 -0.0000 lam_N 0.3209 lam_N+1 0.8110 gap 0.4902 | t_epoch   7.0s eta 32m30s (total ~59m18s)
epoch 227/500 | loss 1.1528 ce 0.6150 reg 5.3778e-01 | test_acc 0.9256 | lam_1 -0.0000 lam_N 0.3094 lam_N+1 0.8064 gap 0.4971 | t_epoch   7.1s eta 32m22s (total ~59m18s)
epoch 228/500 | loss 1.1525 ce 0.6146 reg 5.3794e-01 | test_acc 0.9237 | lam_1 0.0000 lam_N 0.3114 lam_N+1 0.8088 gap 0.4975 | t_epoch   7.0s eta 32m15s (total ~59m18s)
epoch 229/500 | loss 1.1528 ce 0.6152 reg 5.3770e-01 | test_acc 0.9269 | lam_1 0.0000 lam_N 0.3064 lam_N+1 0.8062 gap 0.4998 | t_epoch   7.0s eta 32m08s (total ~59m18s)
epoch 230/500 | loss 1.1515 ce 0.6133 reg 5.3821e-01 | test_acc 0.9207 | lam_1 0.0000 lam_N 0.3076 lam_N+1 0.8062 gap 0.4986 | t_epoch   7.1s eta 32m01s (total ~59m17s)
epoch 231/500 | loss 1.1521 ce 0.6142 reg 5.3790e-01 | test_acc 0.9268 | lam_1 0.0000 lam_N 0.3209 lam_N+1 0.8078 gap 0.4869 | t_epoch   7.1s eta 31m54s (total ~59m17s)
epoch 232/500 | loss 1.1526 ce 0.6148 reg 5.3779e-01 | test_acc 0.9235 | lam_1 -0.0000 lam_N 0.3095 lam_N+1 0.8059 gap 0.4964 | t_epoch   7.1s eta 31m47s (total ~59m17s)
epoch 233/500 | loss 1.1520 ce 0.6140 reg 5.3798e-01 | test_acc 0.9228 | lam_1 -0.0000 lam_N 0.3112 lam_N+1 0.8073 gap 0.4962 | t_epoch   7.0s eta 31m39s (total ~59m17s)
epoch 234/500 | loss 1.1527 ce 0.6149 reg 5.3778e-01 | test_acc 0.9215 | lam_1 -0.0000 lam_N 0.3014 lam_N+1 0.8047 gap 0.5033 | t_epoch   7.0s eta 31m32s (total ~59m17s)
epoch 235/500 | loss 1.1513 ce 0.6131 reg 5.3819e-01 | test_acc 0.9200 | lam_1 -0.0000 lam_N 0.3055 lam_N+1 0.8030 gap 0.4975 | t_epoch   7.0s eta 31m25s (total ~59m17s)
epoch 236/500 | loss 1.1519 ce 0.6139 reg 5.3797e-01 | test_acc 0.9244 | lam_1 -0.0000 lam_N 0.3035 lam_N+1 0.8040 gap 0.5005 | t_epoch   7.2s eta 31m18s (total ~59m17s)
epoch 237/500 | loss 1.1527 ce 0.6150 reg 5.3773e-01 | test_acc 0.9200 | lam_1 0.0000 lam_N 0.3028 lam_N+1 0.8051 gap 0.5022 | t_epoch   7.2s eta 31m11s (total ~59m17s)
epoch 238/500 | loss 1.1512 ce 0.6130 reg 5.3822e-01 | test_acc 0.9290 | lam_1 0.0000 lam_N 0.3047 lam_N+1 0.8040 gap 0.4993 | t_epoch   7.0s eta 31m04s (total ~59m17s)
epoch 239/500 | loss 1.1519 ce 0.6138 reg 5.3809e-01 | test_acc 0.9173 | lam_1 0.0000 lam_N 0.3010 lam_N+1 0.8072 gap 0.5063 | t_epoch   7.0s eta 30m56s (total ~59m17s)
epoch 240/500 | loss 1.1513 ce 0.6131 reg 5.3814e-01 | test_acc 0.9211 | lam_1 -0.0000 lam_N 0.2998 lam_N+1 0.8058 gap 0.5060 | t_epoch   7.2s eta 30m49s (total ~59m17s)
epoch 241/500 | loss 1.1521 ce 0.6142 reg 5.3794e-01 | test_acc 0.9216 | lam_1 -0.0000 lam_N 0.3016 lam_N+1 0.8033 gap 0.5017 | t_epoch   7.1s eta 30m42s (total ~59m17s)
epoch 242/500 | loss 1.1517 ce 0.6137 reg 5.3799e-01 | test_acc 0.9261 | lam_1 -0.0000 lam_N 0.3027 lam_N+1 0.8080 gap 0.5054 | t_epoch   7.0s eta 30m35s (total ~59m17s)
epoch 243/500 | loss 1.1520 ce 0.6139 reg 5.3802e-01 | test_acc 0.9204 | lam_1 0.0000 lam_N 0.3030 lam_N+1 0.8023 gap 0.4993 | t_epoch   7.0s eta 30m28s (total ~59m17s)
epoch 244/500 | loss 1.1511 ce 0.6128 reg 5.3833e-01 | test_acc 0.9247 | lam_1 -0.0000 lam_N 0.3014 lam_N+1 0.8029 gap 0.5014 | t_epoch   7.1s eta 30m21s (total ~59m17s)
epoch 245/500 | loss 1.1500 ce 0.6114 reg 5.3861e-01 | test_acc 0.9280 | lam_1 -0.0000 lam_N 0.3049 lam_N+1 0.8039 gap 0.4991 | t_epoch   7.2s eta 30m14s (total ~59m17s)
epoch 246/500 | loss 1.1512 ce 0.6130 reg 5.3816e-01 | test_acc 0.9233 | lam_1 -0.0000 lam_N 0.3045 lam_N+1 0.8078 gap 0.5032 | t_epoch   7.0s eta 30m07s (total ~59m17s)
epoch 247/500 | loss 1.1516 ce 0.6135 reg 5.3811e-01 | test_acc 0.9256 | lam_1 -0.0000 lam_N 0.3000 lam_N+1 0.8016 gap 0.5016 | t_epoch   7.1s eta 29m59s (total ~59m17s)
epoch 248/500 | loss 1.1498 ce 0.6112 reg 5.3866e-01 | test_acc 0.9305 | lam_1 -0.0000 lam_N 0.2979 lam_N+1 0.8026 gap 0.5047 | t_epoch   7.1s eta 29m52s (total ~59m17s)
epoch 249/500 | loss 1.1512 ce 0.6128 reg 5.3833e-01 | test_acc 0.9243 | lam_1 0.0000 lam_N 0.3011 lam_N+1 0.8038 gap 0.5028 | t_epoch   7.0s eta 29m45s (total ~59m16s)
epoch 250/500 | loss 1.1515 ce 0.6134 reg 5.3809e-01 | test_acc 0.9295 | lam_1 -0.0000 lam_N 0.2979 lam_N+1 0.8065 gap 0.5086 | t_epoch   7.1s eta 29m38s (total ~59m16s)
epoch 251/500 | loss 1.1504 ce 0.6119 reg 5.3843e-01 | test_acc 0.9190 | lam_1 -0.0000 lam_N 0.2937 lam_N+1 0.8035 gap 0.5099 | t_epoch   7.0s eta 29m31s (total ~59m16s)
epoch 252/500 | loss 1.1507 ce 0.6122 reg 5.3844e-01 | test_acc 0.9247 | lam_1 -0.0000 lam_N 0.2876 lam_N+1 0.7996 gap 0.5120 | t_epoch   7.0s eta 29m24s (total ~59m16s)
epoch 253/500 | loss 1.1500 ce 0.6114 reg 5.3859e-01 | test_acc 0.9206 | lam_1 -0.0000 lam_N 0.2892 lam_N+1 0.8015 gap 0.5123 | t_epoch   7.1s eta 29m16s (total ~59m16s)
epoch 254/500 | loss 1.1507 ce 0.6122 reg 5.3843e-01 | test_acc 0.9301 | lam_1 0.0000 lam_N 0.2875 lam_N+1 0.8034 gap 0.5160 | t_epoch   7.1s eta 29m09s (total ~59m16s)
epoch 255/500 | loss 1.1507 ce 0.6124 reg 5.3835e-01 | test_acc 0.9244 | lam_1 0.0000 lam_N 0.2918 lam_N+1 0.8045 gap 0.5127 | t_epoch   7.0s eta 29m02s (total ~59m16s)
epoch 256/500 | loss 1.1500 ce 0.6114 reg 5.3863e-01 | test_acc 0.9286 | lam_1 0.0000 lam_N 0.2923 lam_N+1 0.8021 gap 0.5097 | t_epoch   7.1s eta 28m55s (total ~59m16s)
epoch 257/500 | loss 1.1489 ce 0.6100 reg 5.3888e-01 | test_acc 0.9229 | lam_1 0.0000 lam_N 0.2946 lam_N+1 0.8044 gap 0.5098 | t_epoch   7.1s eta 28m48s (total ~59m16s)
epoch 258/500 | loss 1.1505 ce 0.6120 reg 5.3851e-01 | test_acc 0.9248 | lam_1 -0.0000 lam_N 0.2902 lam_N+1 0.8031 gap 0.5129 | t_epoch   7.2s eta 28m41s (total ~59m16s)
epoch 259/500 | loss 1.1508 ce 0.6125 reg 5.3831e-01 | test_acc 0.9298 | lam_1 -0.0000 lam_N 0.2922 lam_N+1 0.8019 gap 0.5097 | t_epoch   7.1s eta 28m34s (total ~59m16s)
epoch 260/500 | loss 1.1495 ce 0.6108 reg 5.3866e-01 | test_acc 0.9284 | lam_1 0.0000 lam_N 0.2914 lam_N+1 0.8033 gap 0.5119 | t_epoch   7.2s eta 28m27s (total ~59m16s)
epoch 261/500 | loss 1.1495 ce 0.6106 reg 5.3885e-01 | test_acc 0.9195 | lam_1 0.0000 lam_N 0.2876 lam_N+1 0.7991 gap 0.5115 | t_epoch   7.1s eta 28m19s (total ~59m16s)
epoch 262/500 | loss 1.1509 ce 0.6127 reg 5.3820e-01 | test_acc 0.9246 | lam_1 0.0000 lam_N 0.2887 lam_N+1 0.8020 gap 0.5133 | t_epoch   7.1s eta 28m12s (total ~59m16s)
epoch 263/500 | loss 1.1494 ce 0.6107 reg 5.3871e-01 | test_acc 0.9313 | lam_1 0.0000 lam_N 0.2929 lam_N+1 0.7986 gap 0.5057 | t_epoch   7.1s eta 28m05s (total ~59m16s)
epoch 264/500 | loss 1.1500 ce 0.6114 reg 5.3856e-01 | test_acc 0.9272 | lam_1 -0.0000 lam_N 0.2876 lam_N+1 0.8020 gap 0.5144 | t_epoch   7.2s eta 27m58s (total ~59m16s)
epoch 265/500 | loss 1.1503 ce 0.6118 reg 5.3854e-01 | test_acc 0.9270 | lam_1 -0.0000 lam_N 0.2936 lam_N+1 0.8004 gap 0.5068 | t_epoch   7.2s eta 27m51s (total ~59m16s)
epoch 266/500 | loss 1.1504 ce 0.6119 reg 5.3845e-01 | test_acc 0.9255 | lam_1 0.0000 lam_N 0.2931 lam_N+1 0.8004 gap 0.5073 | t_epoch   7.1s eta 27m44s (total ~59m16s)
epoch 267/500 | loss 1.1497 ce 0.6111 reg 5.3857e-01 | test_acc 0.9309 | lam_1 0.0000 lam_N 0.2969 lam_N+1 0.8036 gap 0.5067 | t_epoch   7.1s eta 27m37s (total ~59m16s)
epoch 268/500 | loss 1.1505 ce 0.6119 reg 5.3856e-01 | test_acc 0.9263 | lam_1 0.0000 lam_N 0.2817 lam_N+1 0.8027 gap 0.5210 | t_epoch   7.1s eta 27m30s (total ~59m16s)
epoch 269/500 | loss 1.1498 ce 0.6113 reg 5.3851e-01 | test_acc 0.9243 | lam_1 -0.0000 lam_N 0.2851 lam_N+1 0.8018 gap 0.5167 | t_epoch   7.1s eta 27m23s (total ~59m16s)
epoch 270/500 | loss 1.1489 ce 0.6099 reg 5.3895e-01 | test_acc 0.9307 | lam_1 -0.0000 lam_N 0.2868 lam_N+1 0.8024 gap 0.5156 | t_epoch   7.2s eta 27m16s (total ~59m16s)
epoch 271/500 | loss 1.1490 ce 0.6102 reg 5.3880e-01 | test_acc 0.9246 | lam_1 -0.0000 lam_N 0.2878 lam_N+1 0.8004 gap 0.5126 | t_epoch   7.2s eta 27m09s (total ~59m16s)
epoch 272/500 | loss 1.1491 ce 0.6102 reg 5.3886e-01 | test_acc 0.9212 | lam_1 -0.0000 lam_N 0.2825 lam_N+1 0.7997 gap 0.5171 | t_epoch   7.2s eta 27m01s (total ~59m16s)
epoch 273/500 | loss 1.1489 ce 0.6101 reg 5.3884e-01 | test_acc 0.9262 | lam_1 -0.0000 lam_N 0.2774 lam_N+1 0.8000 gap 0.5227 | t_epoch   7.0s eta 26m54s (total ~59m16s)
epoch 274/500 | loss 1.1499 ce 0.6113 reg 5.3861e-01 | test_acc 0.9232 | lam_1 -0.0000 lam_N 0.2824 lam_N+1 0.7996 gap 0.5172 | t_epoch   7.1s eta 26m47s (total ~59m16s)
epoch 275/500 | loss 1.1493 ce 0.6105 reg 5.3878e-01 | test_acc 0.9260 | lam_1 -0.0000 lam_N 0.2800 lam_N+1 0.7983 gap 0.5184 | t_epoch   7.2s eta 26m40s (total ~59m17s)
epoch 276/500 | loss 1.1493 ce 0.6105 reg 5.3877e-01 | test_acc 0.9257 | lam_1 0.0000 lam_N 0.2767 lam_N+1 0.7977 gap 0.5210 | t_epoch   7.1s eta 26m33s (total ~59m17s)
epoch 277/500 | loss 1.1492 ce 0.6103 reg 5.3887e-01 | test_acc 0.9234 | lam_1 0.0000 lam_N 0.2795 lam_N+1 0.7991 gap 0.5196 | t_epoch   7.1s eta 26m26s (total ~59m17s)
epoch 278/500 | loss 1.1479 ce 0.6086 reg 5.3923e-01 | test_acc 0.9223 | lam_1 -0.0000 lam_N 0.2734 lam_N+1 0.7994 gap 0.5260 | t_epoch   7.2s eta 26m19s (total ~59m17s)
epoch 279/500 | loss 1.1495 ce 0.6108 reg 5.3867e-01 | test_acc 0.9265 | lam_1 0.0000 lam_N 0.2767 lam_N+1 0.7979 gap 0.5212 | t_epoch   7.2s eta 26m12s (total ~59m17s)
epoch 280/500 | loss 1.1489 ce 0.6101 reg 5.3881e-01 | test_acc 0.9271 | lam_1 0.0000 lam_N 0.2769 lam_N+1 0.7990 gap 0.5220 | t_epoch   7.1s eta 26m05s (total ~59m17s)
epoch 281/500 | loss 1.1480 ce 0.6088 reg 5.3927e-01 | test_acc 0.9279 | lam_1 0.0000 lam_N 0.2714 lam_N+1 0.7981 gap 0.5267 | t_epoch   7.1s eta 25m58s (total ~59m17s)
epoch 282/500 | loss 1.1480 ce 0.6087 reg 5.3926e-01 | test_acc 0.9258 | lam_1 -0.0000 lam_N 0.2760 lam_N+1 0.8009 gap 0.5249 | t_epoch   7.2s eta 25m50s (total ~59m17s)
epoch 283/500 | loss 1.1488 ce 0.6099 reg 5.3889e-01 | test_acc 0.9260 | lam_1 -0.0000 lam_N 0.2757 lam_N+1 0.7998 gap 0.5241 | t_epoch   7.2s eta 25m43s (total ~59m17s)
epoch 284/500 | loss 1.1486 ce 0.6096 reg 5.3898e-01 | test_acc 0.9235 | lam_1 -0.0000 lam_N 0.2760 lam_N+1 0.7972 gap 0.5212 | t_epoch   7.0s eta 25m36s (total ~59m17s)
epoch 285/500 | loss 1.1485 ce 0.6097 reg 5.3886e-01 | test_acc 0.9255 | lam_1 0.0000 lam_N 0.2758 lam_N+1 0.7982 gap 0.5224 | t_epoch   7.1s eta 25m29s (total ~59m17s)
epoch 286/500 | loss 1.1492 ce 0.6103 reg 5.3890e-01 | test_acc 0.9254 | lam_1 -0.0000 lam_N 0.2671 lam_N+1 0.7953 gap 0.5281 | t_epoch   7.1s eta 25m22s (total ~59m17s)
epoch 287/500 | loss 1.1482 ce 0.6091 reg 5.3910e-01 | test_acc 0.9281 | lam_1 0.0000 lam_N 0.2707 lam_N+1 0.7987 gap 0.5281 | t_epoch   7.1s eta 25m15s (total ~59m17s)
epoch 288/500 | loss 1.1492 ce 0.6105 reg 5.3874e-01 | test_acc 0.9255 | lam_1 0.0000 lam_N 0.2701 lam_N+1 0.7998 gap 0.5298 | t_epoch   7.2s eta 25m08s (total ~59m17s)
epoch 289/500 | loss 1.1485 ce 0.6094 reg 5.3909e-01 | test_acc 0.9329 | lam_1 -0.0000 lam_N 0.2711 lam_N+1 0.7991 gap 0.5280 | t_epoch   7.1s eta 25m01s (total ~59m17s)
epoch 290/500 | loss 1.1490 ce 0.6104 reg 5.3866e-01 | test_acc 0.9212 | lam_1 -0.0000 lam_N 0.2724 lam_N+1 0.7963 gap 0.5239 | t_epoch   7.1s eta 24m54s (total ~59m17s)
epoch 291/500 | loss 1.1482 ce 0.6092 reg 5.3909e-01 | test_acc 0.9215 | lam_1 -0.0000 lam_N 0.2693 lam_N+1 0.7979 gap 0.5286 | t_epoch   7.1s eta 24m46s (total ~59m17s)
epoch 292/500 | loss 1.1474 ce 0.6080 reg 5.3942e-01 | test_acc 0.9235 | lam_1 -0.0000 lam_N 0.2657 lam_N+1 0.7959 gap 0.5302 | t_epoch   7.1s eta 24m39s (total ~59m17s)
epoch 293/500 | loss 1.1484 ce 0.6092 reg 5.3914e-01 | test_acc 0.9285 | lam_1 0.0000 lam_N 0.2613 lam_N+1 0.7977 gap 0.5364 | t_epoch   7.0s eta 24m32s (total ~59m17s)
epoch 294/500 | loss 1.1476 ce 0.6084 reg 5.3928e-01 | test_acc 0.9239 | lam_1 -0.0000 lam_N 0.2619 lam_N+1 0.7968 gap 0.5349 | t_epoch   7.2s eta 24m25s (total ~59m17s)
epoch 295/500 | loss 1.1482 ce 0.6091 reg 5.3904e-01 | test_acc 0.9245 | lam_1 0.0000 lam_N 0.2625 lam_N+1 0.7945 gap 0.5319 | t_epoch   7.2s eta 24m18s (total ~59m17s)
epoch 296/500 | loss 1.1475 ce 0.6081 reg 5.3938e-01 | test_acc 0.9207 | lam_1 0.0000 lam_N 0.2582 lam_N+1 0.7974 gap 0.5392 | t_epoch   7.1s eta 24m11s (total ~59m17s)
epoch 297/500 | loss 1.1480 ce 0.6088 reg 5.3916e-01 | test_acc 0.9226 | lam_1 0.0000 lam_N 0.2632 lam_N+1 0.7979 gap 0.5347 | t_epoch   7.0s eta 24m04s (total ~59m17s)
epoch 298/500 | loss 1.1474 ce 0.6081 reg 5.3929e-01 | test_acc 0.9282 | lam_1 0.0000 lam_N 0.2686 lam_N+1 0.7981 gap 0.5295 | t_epoch   7.2s eta 23m57s (total ~59m17s)
epoch 299/500 | loss 1.1473 ce 0.6079 reg 5.3945e-01 | test_acc 0.9244 | lam_1 0.0000 lam_N 0.2634 lam_N+1 0.7988 gap 0.5354 | t_epoch   7.0s eta 23m50s (total ~59m17s)
epoch 300/500 | loss 1.1480 ce 0.6090 reg 5.3905e-01 | test_acc 0.9304 | lam_1 0.0000 lam_N 0.2604 lam_N+1 0.7965 gap 0.5361 | t_epoch   7.1s eta 23m42s (total ~59m17s)
epoch 301/500 | loss 1.1473 ce 0.6077 reg 5.3957e-01 | test_acc 0.9192 | lam_1 0.0000 lam_N 0.2601 lam_N+1 0.7942 gap 0.5341 | t_epoch   7.1s eta 23m35s (total ~59m17s)
epoch 302/500 | loss 1.1475 ce 0.6083 reg 5.3922e-01 | test_acc 0.9257 | lam_1 0.0000 lam_N 0.2634 lam_N+1 0.7962 gap 0.5328 | t_epoch   7.0s eta 23m28s (total ~59m17s)
epoch 303/500 | loss 1.1474 ce 0.6079 reg 5.3949e-01 | test_acc 0.9212 | lam_1 -0.0000 lam_N 0.2572 lam_N+1 0.7956 gap 0.5384 | t_epoch   7.0s eta 23m21s (total ~59m16s)
epoch 304/500 | loss 1.1484 ce 0.6093 reg 5.3910e-01 | test_acc 0.9295 | lam_1 -0.0000 lam_N 0.2542 lam_N+1 0.7967 gap 0.5425 | t_epoch   7.2s eta 23m14s (total ~59m16s)
epoch 305/500 | loss 1.1474 ce 0.6082 reg 5.3919e-01 | test_acc 0.9300 | lam_1 0.0000 lam_N 0.2630 lam_N+1 0.7986 gap 0.5356 | t_epoch   7.1s eta 23m07s (total ~59m16s)
epoch 306/500 | loss 1.1471 ce 0.6075 reg 5.3958e-01 | test_acc 0.9273 | lam_1 -0.0000 lam_N 0.2624 lam_N+1 0.7940 gap 0.5316 | t_epoch   7.0s eta 23m00s (total ~59m16s)
epoch 307/500 | loss 1.1473 ce 0.6079 reg 5.3937e-01 | test_acc 0.9290 | lam_1 -0.0000 lam_N 0.2549 lam_N+1 0.7950 gap 0.5401 | t_epoch   7.1s eta 22m52s (total ~59m16s)
epoch 308/500 | loss 1.1470 ce 0.6076 reg 5.3945e-01 | test_acc 0.9283 | lam_1 -0.0000 lam_N 0.2545 lam_N+1 0.7927 gap 0.5381 | t_epoch   7.1s eta 22m45s (total ~59m16s)
epoch 309/500 | loss 1.1477 ce 0.6085 reg 5.3926e-01 | test_acc 0.9262 | lam_1 -0.0000 lam_N 0.2546 lam_N+1 0.7930 gap 0.5383 | t_epoch   7.2s eta 22m38s (total ~59m16s)
epoch 310/500 | loss 1.1474 ce 0.6080 reg 5.3937e-01 | test_acc 0.9260 | lam_1 0.0000 lam_N 0.2525 lam_N+1 0.7954 gap 0.5430 | t_epoch   7.1s eta 22m31s (total ~59m16s)
epoch 311/500 | loss 1.1475 ce 0.6083 reg 5.3925e-01 | test_acc 0.9346 | lam_1 -0.0000 lam_N 0.2517 lam_N+1 0.7966 gap 0.5449 | t_epoch   7.0s eta 22m24s (total ~59m16s)
epoch 312/500 | loss 1.1467 ce 0.6071 reg 5.3962e-01 | test_acc 0.9312 | lam_1 0.0000 lam_N 0.2498 lam_N+1 0.7971 gap 0.5473 | t_epoch   7.1s eta 22m17s (total ~59m16s)
epoch 313/500 | loss 1.1470 ce 0.6075 reg 5.3951e-01 | test_acc 0.9273 | lam_1 -0.0000 lam_N 0.2484 lam_N+1 0.7946 gap 0.5462 | t_epoch   7.1s eta 22m10s (total ~59m16s)
epoch 314/500 | loss 1.1474 ce 0.6081 reg 5.3925e-01 | test_acc 0.9225 | lam_1 0.0000 lam_N 0.2541 lam_N+1 0.7922 gap 0.5381 | t_epoch   7.2s eta 22m03s (total ~59m16s)
epoch 315/500 | loss 1.1473 ce 0.6079 reg 5.3940e-01 | test_acc 0.9288 | lam_1 -0.0000 lam_N 0.2480 lam_N+1 0.7935 gap 0.5455 | t_epoch   7.1s eta 21m56s (total ~59m16s)
epoch 316/500 | loss 1.1464 ce 0.6066 reg 5.3982e-01 | test_acc 0.9281 | lam_1 -0.0000 lam_N 0.2434 lam_N+1 0.7917 gap 0.5483 | t_epoch   7.1s eta 21m48s (total ~59m16s)
epoch 317/500 | loss 1.1473 ce 0.6080 reg 5.3929e-01 | test_acc 0.9306 | lam_1 -0.0000 lam_N 0.2488 lam_N+1 0.7939 gap 0.5451 | t_epoch   7.2s eta 21m41s (total ~59m16s)
epoch 318/500 | loss 1.1475 ce 0.6083 reg 5.3927e-01 | test_acc 0.9321 | lam_1 0.0000 lam_N 0.2516 lam_N+1 0.7940 gap 0.5424 | t_epoch   7.2s eta 21m34s (total ~59m16s)
epoch 319/500 | loss 1.1477 ce 0.6085 reg 5.3922e-01 | test_acc 0.9239 | lam_1 0.0000 lam_N 0.2430 lam_N+1 0.7935 gap 0.5505 | t_epoch   7.1s eta 21m27s (total ~59m16s)
epoch 320/500 | loss 1.1468 ce 0.6073 reg 5.3948e-01 | test_acc 0.9276 | lam_1 0.0000 lam_N 0.2452 lam_N+1 0.7941 gap 0.5489 | t_epoch   7.1s eta 21m20s (total ~59m16s)
epoch 321/500 | loss 1.1473 ce 0.6079 reg 5.3937e-01 | test_acc 0.9266 | lam_1 0.0000 lam_N 0.2415 lam_N+1 0.7935 gap 0.5520 | t_epoch   7.1s eta 21m13s (total ~59m16s)
epoch 322/500 | loss 1.1468 ce 0.6073 reg 5.3948e-01 | test_acc 0.9283 | lam_1 -0.0000 lam_N 0.2419 lam_N+1 0.7941 gap 0.5522 | t_epoch   7.0s eta 21m06s (total ~59m16s)
epoch 323/500 | loss 1.1468 ce 0.6073 reg 5.3942e-01 | test_acc 0.9298 | lam_1 0.0000 lam_N 0.2448 lam_N+1 0.7955 gap 0.5507 | t_epoch   7.1s eta 20m59s (total ~59m16s)
epoch 324/500 | loss 1.1464 ce 0.6067 reg 5.3963e-01 | test_acc 0.9286 | lam_1 -0.0000 lam_N 0.2430 lam_N+1 0.7946 gap 0.5516 | t_epoch   7.1s eta 20m51s (total ~59m16s)
epoch 325/500 | loss 1.1459 ce 0.6061 reg 5.3981e-01 | test_acc 0.9256 | lam_1 -0.0000 lam_N 0.2451 lam_N+1 0.7932 gap 0.5481 | t_epoch   7.1s eta 20m44s (total ~59m16s)
epoch 326/500 | loss 1.1467 ce 0.6070 reg 5.3965e-01 | test_acc 0.9313 | lam_1 0.0000 lam_N 0.2367 lam_N+1 0.7928 gap 0.5561 | t_epoch   7.0s eta 20m37s (total ~59m16s)
epoch 327/500 | loss 1.1469 ce 0.6075 reg 5.3941e-01 | test_acc 0.9286 | lam_1 0.0000 lam_N 0.2345 lam_N+1 0.7936 gap 0.5591 | t_epoch   7.1s eta 20m30s (total ~59m16s)
epoch 328/500 | loss 1.1466 ce 0.6071 reg 5.3952e-01 | test_acc 0.9228 | lam_1 -0.0000 lam_N 0.2369 lam_N+1 0.7911 gap 0.5543 | t_epoch   7.1s eta 20m23s (total ~59m16s)
epoch 329/500 | loss 1.1469 ce 0.6073 reg 5.3957e-01 | test_acc 0.9208 | lam_1 0.0000 lam_N 0.2373 lam_N+1 0.7909 gap 0.5536 | t_epoch   7.1s eta 20m16s (total ~59m16s)
epoch 330/500 | loss 1.1463 ce 0.6067 reg 5.3964e-01 | test_acc 0.9223 | lam_1 -0.0000 lam_N 0.2357 lam_N+1 0.7928 gap 0.5571 | t_epoch   7.2s eta 20m09s (total ~59m16s)
epoch 331/500 | loss 1.1470 ce 0.6076 reg 5.3943e-01 | test_acc 0.9285 | lam_1 -0.0000 lam_N 0.2376 lam_N+1 0.7909 gap 0.5533 | t_epoch   7.1s eta 20m02s (total ~59m16s)
epoch 332/500 | loss 1.1468 ce 0.6073 reg 5.3942e-01 | test_acc 0.9301 | lam_1 -0.0000 lam_N 0.2424 lam_N+1 0.7928 gap 0.5504 | t_epoch   7.2s eta 19m54s (total ~59m16s)
epoch 333/500 | loss 1.1464 ce 0.6067 reg 5.3972e-01 | test_acc 0.9320 | lam_1 0.0000 lam_N 0.2404 lam_N+1 0.7931 gap 0.5527 | t_epoch   7.0s eta 19m47s (total ~59m16s)
epoch 334/500 | loss 1.1457 ce 0.6060 reg 5.3978e-01 | test_acc 0.9259 | lam_1 -0.0000 lam_N 0.2410 lam_N+1 0.7917 gap 0.5507 | t_epoch   7.2s eta 19m40s (total ~59m16s)
epoch 335/500 | loss 1.1466 ce 0.6071 reg 5.3954e-01 | test_acc 0.9315 | lam_1 0.0000 lam_N 0.2370 lam_N+1 0.7924 gap 0.5554 | t_epoch   7.0s eta 19m33s (total ~59m16s)
epoch 336/500 | loss 1.1462 ce 0.6065 reg 5.3970e-01 | test_acc 0.9231 | lam_1 -0.0000 lam_N 0.2359 lam_N+1 0.7916 gap 0.5556 | t_epoch   7.1s eta 19m26s (total ~59m16s)
epoch 337/500 | loss 1.1459 ce 0.6061 reg 5.3983e-01 | test_acc 0.9245 | lam_1 0.0000 lam_N 0.2361 lam_N+1 0.7908 gap 0.5548 | t_epoch   7.0s eta 19m19s (total ~59m16s)
epoch 338/500 | loss 1.1458 ce 0.6060 reg 5.3980e-01 | test_acc 0.9265 | lam_1 -0.0000 lam_N 0.2352 lam_N+1 0.7879 gap 0.5527 | t_epoch   7.0s eta 19m12s (total ~59m16s)
epoch 339/500 | loss 1.1463 ce 0.6068 reg 5.3958e-01 | test_acc 0.9245 | lam_1 -0.0000 lam_N 0.2328 lam_N+1 0.7913 gap 0.5586 | t_epoch   7.1s eta 19m05s (total ~59m15s)
epoch 340/500 | loss 1.1462 ce 0.6064 reg 5.3979e-01 | test_acc 0.9228 | lam_1 0.0000 lam_N 0.2320 lam_N+1 0.7887 gap 0.5567 | t_epoch   7.1s eta 18m57s (total ~59m15s)
epoch 341/500 | loss 1.1467 ce 0.6071 reg 5.3954e-01 | test_acc 0.9289 | lam_1 0.0000 lam_N 0.2316 lam_N+1 0.7909 gap 0.5593 | t_epoch   7.2s eta 18m50s (total ~59m16s)
epoch 342/500 | loss 1.1462 ce 0.6066 reg 5.3960e-01 | test_acc 0.9193 | lam_1 0.0000 lam_N 0.2370 lam_N+1 0.7886 gap 0.5516 | t_epoch   7.2s eta 18m43s (total ~59m16s)
epoch 343/500 | loss 1.1461 ce 0.6064 reg 5.3966e-01 | test_acc 0.9235 | lam_1 -0.0000 lam_N 0.2370 lam_N+1 0.7880 gap 0.5510 | t_epoch   7.2s eta 18m36s (total ~59m16s)
epoch 344/500 | loss 1.1458 ce 0.6060 reg 5.3985e-01 | test_acc 0.9263 | lam_1 -0.0000 lam_N 0.2296 lam_N+1 0.7895 gap 0.5599 | t_epoch   7.1s eta 18m29s (total ~59m16s)
epoch 345/500 | loss 1.1459 ce 0.6061 reg 5.3975e-01 | test_acc 0.9236 | lam_1 -0.0000 lam_N 0.2320 lam_N+1 0.7919 gap 0.5599 | t_epoch   7.2s eta 18m22s (total ~59m16s)
epoch 346/500 | loss 1.1456 ce 0.6057 reg 5.3989e-01 | test_acc 0.9296 | lam_1 0.0000 lam_N 0.2291 lam_N+1 0.7909 gap 0.5618 | t_epoch   7.1s eta 18m15s (total ~59m16s)
epoch 347/500 | loss 1.1458 ce 0.6060 reg 5.3982e-01 | test_acc 0.9200 | lam_1 -0.0000 lam_N 0.2263 lam_N+1 0.7900 gap 0.5636 | t_epoch   7.1s eta 18m08s (total ~59m16s)
epoch 348/500 | loss 1.1459 ce 0.6060 reg 5.3983e-01 | test_acc 0.9274 | lam_1 0.0000 lam_N 0.2252 lam_N+1 0.7894 gap 0.5642 | t_epoch   7.1s eta 18m01s (total ~59m16s)
epoch 349/500 | loss 1.1457 ce 0.6059 reg 5.3981e-01 | test_acc 0.9300 | lam_1 0.0000 lam_N 0.2260 lam_N+1 0.7900 gap 0.5640 | t_epoch   7.2s eta 17m54s (total ~59m16s)
epoch 350/500 | loss 1.1460 ce 0.6062 reg 5.3976e-01 | test_acc 0.9252 | lam_1 -0.0000 lam_N 0.2208 lam_N+1 0.7901 gap 0.5693 | t_epoch   7.0s eta 17m46s (total ~59m16s)
epoch 351/500 | loss 1.1460 ce 0.6063 reg 5.3967e-01 | test_acc 0.9309 | lam_1 0.0000 lam_N 0.2231 lam_N+1 0.7890 gap 0.5659 | t_epoch   7.1s eta 17m39s (total ~59m16s)
epoch 352/500 | loss 1.1456 ce 0.6057 reg 5.3989e-01 | test_acc 0.9283 | lam_1 -0.0000 lam_N 0.2197 lam_N+1 0.7883 gap 0.5685 | t_epoch   7.1s eta 17m32s (total ~59m16s)
epoch 353/500 | loss 1.1451 ce 0.6050 reg 5.4011e-01 | test_acc 0.9247 | lam_1 0.0000 lam_N 0.2193 lam_N+1 0.7869 gap 0.5676 | t_epoch   7.1s eta 17m25s (total ~59m16s)
epoch 354/500 | loss 1.1455 ce 0.6057 reg 5.3981e-01 | test_acc 0.9343 | lam_1 -0.0000 lam_N 0.2212 lam_N+1 0.7885 gap 0.5673 | t_epoch   7.2s eta 17m18s (total ~59m16s)
epoch 355/500 | loss 1.1454 ce 0.6054 reg 5.3996e-01 | test_acc 0.9280 | lam_1 -0.0000 lam_N 0.2142 lam_N+1 0.7900 gap 0.5758 | t_epoch   7.1s eta 17m11s (total ~59m16s)
epoch 356/500 | loss 1.1458 ce 0.6060 reg 5.3981e-01 | test_acc 0.9346 | lam_1 0.0000 lam_N 0.2155 lam_N+1 0.7892 gap 0.5736 | t_epoch   7.1s eta 17m04s (total ~59m16s)
epoch 357/500 | loss 1.1455 ce 0.6057 reg 5.3986e-01 | test_acc 0.9323 | lam_1 -0.0000 lam_N 0.2178 lam_N+1 0.7880 gap 0.5703 | t_epoch   7.1s eta 16m57s (total ~59m16s)
epoch 358/500 | loss 1.1454 ce 0.6055 reg 5.3988e-01 | test_acc 0.9334 | lam_1 0.0000 lam_N 0.2200 lam_N+1 0.7883 gap 0.5684 | t_epoch   7.1s eta 16m50s (total ~59m16s)
epoch 359/500 | loss 1.1455 ce 0.6056 reg 5.3997e-01 | test_acc 0.9255 | lam_1 0.0000 lam_N 0.2160 lam_N+1 0.7882 gap 0.5722 | t_epoch   7.0s eta 16m42s (total ~59m16s)
epoch 360/500 | loss 1.1456 ce 0.6058 reg 5.3982e-01 | test_acc 0.9308 | lam_1 -0.0000 lam_N 0.2160 lam_N+1 0.7881 gap 0.5721 | t_epoch   7.1s eta 16m35s (total ~59m16s)
epoch 361/500 | loss 1.1453 ce 0.6053 reg 5.3996e-01 | test_acc 0.9283 | lam_1 -0.0000 lam_N 0.2178 lam_N+1 0.7880 gap 0.5702 | t_epoch   7.2s eta 16m28s (total ~59m16s)
