run_dir=results/N7_reg1.0_h3584 device=cuda N=7 hidden_dim=3584 reg_weight=1.0 alpha=2.0 epochs=500
epoch  0 (init)            | first 10 eigs = [0.0000, 0.9938, 0.9939, 0.9940, 0.9941, 0.9941, 0.9941, 0.9942, 0.9942, 0.9943]
epoch   1/500 | loss 2.5115 ce 2.3142 reg 1.9727e-01 | test_acc 0.1093 | lam_1 -0.0000 lam_N 0.9894 lam_N+1 0.9898 gap 0.0004 | t_epoch   8.5s eta 1h10m (total ~1h10m)
epoch   2/500 | loss 2.2551 ce 2.2200 reg 3.5089e-02 | test_acc 0.1802 | lam_1 0.0000 lam_N 0.9754 lam_N+1 0.9796 gap 0.0042 | t_epoch   8.0s eta 1h08m (total ~1h08m)
epoch   3/500 | loss 2.1613 ce 2.0883 reg 7.2999e-02 | test_acc 0.1865 | lam_1 0.0000 lam_N 0.9599 lam_N+1 0.9779 gap 0.0180 | t_epoch   7.9s eta 1h07m (total ~1h07m)
epoch   4/500 | loss 2.1053 ce 2.0200 reg 8.5217e-02 | test_acc 0.1865 | lam_1 -0.0000 lam_N 0.9435 lam_N+1 0.9851 gap 0.0415 | t_epoch   8.0s eta 1h06m (total ~1h07m)
epoch   5/500 | loss 2.0819 ce 1.9946 reg 8.7294e-02 | test_acc 0.1886 | lam_1 0.0000 lam_N 0.9234 lam_N+1 0.9825 gap 0.0592 | t_epoch   8.0s eta 1h06m (total ~1h07m)
epoch   6/500 | loss 2.0460 ce 1.9543 reg 9.1675e-02 | test_acc 0.1998 | lam_1 0.0000 lam_N 0.9045 lam_N+1 0.9841 gap 0.0796 | t_epoch   8.0s eta 1h06m (total ~1h07m)
epoch   7/500 | loss 2.0320 ce 1.9392 reg 9.2804e-02 | test_acc 0.1994 | lam_1 0.0000 lam_N 0.8862 lam_N+1 0.9865 gap 0.1003 | t_epoch   8.1s eta 1h06m (total ~1h07m)
epoch   8/500 | loss 2.0145 ce 1.9185 reg 9.5915e-02 | test_acc 0.2087 | lam_1 -0.0000 lam_N 0.8758 lam_N+1 0.9897 gap 0.1139 | t_epoch   8.1s eta 1h06m (total ~1h07m)
epoch   9/500 | loss 1.9895 ce 1.8757 reg 1.1381e-01 | test_acc 0.2600 | lam_1 0.0000 lam_N 0.9130 lam_N+1 0.9873 gap 0.0743 | t_epoch   7.9s eta 1h05m (total ~1h07m)
epoch  10/500 | loss 1.9499 ce 1.8132 reg 1.3675e-01 | test_acc 0.2707 | lam_1 -0.0000 lam_N 0.9255 lam_N+1 0.9857 gap 0.0603 | t_epoch   7.9s eta 1h05m (total ~1h06m)
epoch  11/500 | loss 1.9272 ce 1.7826 reg 1.4458e-01 | test_acc 0.2744 | lam_1 0.0000 lam_N 0.9186 lam_N+1 0.9840 gap 0.0654 | t_epoch   8.0s eta 1h05m (total ~1h06m)
epoch  12/500 | loss 1.9073 ce 1.7570 reg 1.5025e-01 | test_acc 0.2822 | lam_1 0.0000 lam_N 0.9060 lam_N+1 0.9814 gap 0.0755 | t_epoch   8.0s eta 1h05m (total ~1h06m)
epoch  13/500 | loss 1.8869 ce 1.7322 reg 1.5464e-01 | test_acc 0.2840 | lam_1 0.0000 lam_N 0.8901 lam_N+1 0.9777 gap 0.0876 | t_epoch   8.0s eta 1h05m (total ~1h06m)
epoch  14/500 | loss 1.8781 ce 1.7224 reg 1.5567e-01 | test_acc 0.2922 | lam_1 -0.0000 lam_N 0.8694 lam_N+1 0.9750 gap 0.1056 | t_epoch   8.0s eta 1h04m (total ~1h06m)
epoch  15/500 | loss 1.8674 ce 1.7089 reg 1.5845e-01 | test_acc 0.3113 | lam_1 0.0000 lam_N 0.8501 lam_N+1 0.9716 gap 0.1215 | t_epoch   7.9s eta 1h04m (total ~1h06m)
epoch  16/500 | loss 1.8516 ce 1.6873 reg 1.6429e-01 | test_acc 0.3378 | lam_1 0.0000 lam_N 0.8300 lam_N+1 0.9655 gap 0.1355 | t_epoch   7.9s eta 1h04m (total ~1h06m)
epoch  17/500 | loss 1.8375 ce 1.6630 reg 1.7449e-01 | test_acc 0.3875 | lam_1 -0.0000 lam_N 0.8242 lam_N+1 0.9597 gap 0.1354 | t_epoch   7.9s eta 1h04m (total ~1h06m)
epoch  18/500 | loss 1.8142 ce 1.6184 reg 1.9583e-01 | test_acc 0.4221 | lam_1 -0.0000 lam_N 0.8312 lam_N+1 0.9608 gap 0.1296 | t_epoch   8.1s eta 1h04m (total ~1h06m)
epoch  19/500 | loss 1.7802 ce 1.5616 reg 2.1863e-01 | test_acc 0.4452 | lam_1 0.0000 lam_N 0.8218 lam_N+1 0.9519 gap 0.1300 | t_epoch   7.9s eta 1h04m (total ~1h06m)
epoch  20/500 | loss 1.7564 ce 1.5237 reg 2.3269e-01 | test_acc 0.3308 | lam_1 0.0000 lam_N 0.7997 lam_N+1 0.9453 gap 0.1456 | t_epoch   8.1s eta 1h04m (total ~1h06m)
epoch  21/500 | loss 1.7366 ce 1.4874 reg 2.4920e-01 | test_acc 0.5265 | lam_1 0.0000 lam_N 0.7918 lam_N+1 0.9393 gap 0.1475 | t_epoch   8.0s eta 1h03m (total ~1h06m)
epoch  22/500 | loss 1.6970 ce 1.4215 reg 2.7544e-01 | test_acc 0.6054 | lam_1 -0.0000 lam_N 0.7804 lam_N+1 0.9289 gap 0.1485 | t_epoch   8.0s eta 1h03m (total ~1h06m)
epoch  23/500 | loss 1.6603 ce 1.3560 reg 3.0433e-01 | test_acc 0.6401 | lam_1 -0.0000 lam_N 0.7754 lam_N+1 0.9223 gap 0.1469 | t_epoch   7.9s eta 1h03m (total ~1h06m)
epoch  24/500 | loss 1.6327 ce 1.3078 reg 3.2487e-01 | test_acc 0.6850 | lam_1 0.0000 lam_N 0.7671 lam_N+1 0.9148 gap 0.1477 | t_epoch   8.0s eta 1h03m (total ~1h06m)
epoch  25/500 | loss 1.6013 ce 1.2551 reg 3.4624e-01 | test_acc 0.6954 | lam_1 0.0000 lam_N 0.7472 lam_N+1 0.9078 gap 0.1606 | t_epoch   7.9s eta 1h03m (total ~1h06m)
epoch  26/500 | loss 1.5812 ce 1.2219 reg 3.5930e-01 | test_acc 0.6884 | lam_1 -0.0000 lam_N 0.7293 lam_N+1 0.9033 gap 0.1740 | t_epoch   8.1s eta 1h03m (total ~1h06m)
epoch  27/500 | loss 1.5607 ce 1.1888 reg 3.7182e-01 | test_acc 0.7204 | lam_1 -0.0000 lam_N 0.7083 lam_N+1 0.8939 gap 0.1856 | t_epoch   8.1s eta 1h03m (total ~1h06m)
epoch  28/500 | loss 1.5413 ce 1.1579 reg 3.8334e-01 | test_acc 0.7448 | lam_1 0.0000 lam_N 0.6897 lam_N+1 0.8907 gap 0.2010 | t_epoch   8.0s eta 1h02m (total ~1h06m)
epoch  29/500 | loss 1.5223 ce 1.1282 reg 3.9412e-01 | test_acc 0.7707 | lam_1 0.0000 lam_N 0.6849 lam_N+1 0.8878 gap 0.2029 | t_epoch   8.1s eta 1h02m (total ~1h06m)
epoch  30/500 | loss 1.5039 ce 1.0969 reg 4.0698e-01 | test_acc 0.7883 | lam_1 -0.0000 lam_N 0.6768 lam_N+1 0.8891 gap 0.2124 | t_epoch   8.0s eta 1h02m (total ~1h06m)
epoch  31/500 | loss 1.4873 ce 1.0695 reg 4.1781e-01 | test_acc 0.7933 | lam_1 -0.0000 lam_N 0.6739 lam_N+1 0.8857 gap 0.2118 | t_epoch   7.9s eta 1h02m (total ~1h06m)
epoch  32/500 | loss 1.4749 ce 1.0494 reg 4.2544e-01 | test_acc 0.8020 | lam_1 0.0000 lam_N 0.6584 lam_N+1 0.8817 gap 0.2232 | t_epoch   8.2s eta 1h02m (total ~1h06m)
epoch  33/500 | loss 1.4616 ce 1.0300 reg 4.3155e-01 | test_acc 0.7869 | lam_1 -0.0000 lam_N 0.6509 lam_N+1 0.8808 gap 0.2299 | t_epoch   8.1s eta 1h02m (total ~1h06m)
epoch  34/500 | loss 1.4491 ce 1.0110 reg 4.3811e-01 | test_acc 0.8066 | lam_1 0.0000 lam_N 0.6399 lam_N+1 0.8761 gap 0.2363 | t_epoch   8.1s eta 1h02m (total ~1h06m)
epoch  35/500 | loss 1.4412 ce 0.9993 reg 4.4193e-01 | test_acc 0.8033 | lam_1 0.0000 lam_N 0.6470 lam_N+1 0.8811 gap 0.2341 | t_epoch   7.9s eta 1h02m (total ~1h06m)
epoch  36/500 | loss 1.4340 ce 0.9889 reg 4.4510e-01 | test_acc 0.8020 | lam_1 -0.0000 lam_N 0.6324 lam_N+1 0.8753 gap 0.2429 | t_epoch   8.0s eta 1h01m (total ~1h06m)
epoch  37/500 | loss 1.4228 ce 0.9729 reg 4.4997e-01 | test_acc 0.8090 | lam_1 0.0000 lam_N 0.6274 lam_N+1 0.8740 gap 0.2466 | t_epoch   8.1s eta 1h01m (total ~1h06m)
epoch  38/500 | loss 1.4184 ce 0.9669 reg 4.5148e-01 | test_acc 0.8176 | lam_1 0.0000 lam_N 0.6321 lam_N+1 0.8797 gap 0.2476 | t_epoch   8.1s eta 1h01m (total ~1h06m)
epoch  39/500 | loss 1.4093 ce 0.9536 reg 4.5568e-01 | test_acc 0.8075 | lam_1 -0.0000 lam_N 0.6309 lam_N+1 0.8748 gap 0.2439 | t_epoch   8.1s eta 1h01m (total ~1h06m)
epoch  40/500 | loss 1.4073 ce 0.9507 reg 4.5656e-01 | test_acc 0.8200 | lam_1 0.0000 lam_N 0.6207 lam_N+1 0.8717 gap 0.2510 | t_epoch   8.0s eta 1h01m (total ~1h06m)
epoch  41/500 | loss 1.3989 ce 0.9394 reg 4.5948e-01 | test_acc 0.8028 | lam_1 -0.0000 lam_N 0.6265 lam_N+1 0.8728 gap 0.2463 | t_epoch   8.0s eta 1h01m (total ~1h06m)
epoch  42/500 | loss 1.3911 ce 0.9276 reg 4.6355e-01 | test_acc 0.8190 | lam_1 -0.0000 lam_N 0.6170 lam_N+1 0.8737 gap 0.2567 | t_epoch   7.9s eta 1h01m (total ~1h06m)
epoch  43/500 | loss 1.3895 ce 0.9255 reg 4.6401e-01 | test_acc 0.8226 | lam_1 -0.0000 lam_N 0.6199 lam_N+1 0.8730 gap 0.2531 | t_epoch   8.0s eta 1h01m (total ~1h06m)
epoch  44/500 | loss 1.3832 ce 0.9167 reg 4.6655e-01 | test_acc 0.8050 | lam_1 0.0000 lam_N 0.6125 lam_N+1 0.8751 gap 0.2626 | t_epoch   8.0s eta 1h00m (total ~1h06m)
epoch  45/500 | loss 1.3782 ce 0.9101 reg 4.6815e-01 | test_acc 0.8102 | lam_1 0.0000 lam_N 0.6175 lam_N+1 0.8727 gap 0.2552 | t_epoch   8.0s eta 1h00m (total ~1h06m)
epoch  46/500 | loss 1.3748 ce 0.9047 reg 4.7007e-01 | test_acc 0.8267 | lam_1 0.0000 lam_N 0.6059 lam_N+1 0.8681 gap 0.2622 | t_epoch   8.2s eta 1h00m (total ~1h06m)
epoch  47/500 | loss 1.3745 ce 0.9042 reg 4.7028e-01 | test_acc 0.8191 | lam_1 -0.0000 lam_N 0.6042 lam_N+1 0.8699 gap 0.2656 | t_epoch   7.9s eta 1h00m (total ~1h06m)
epoch  48/500 | loss 1.3726 ce 0.9021 reg 4.7053e-01 | test_acc 0.8227 | lam_1 0.0000 lam_N 0.6017 lam_N+1 0.8698 gap 0.2681 | t_epoch   8.1s eta 1h00m (total ~1h06m)
epoch  49/500 | loss 1.3683 ce 0.8956 reg 4.7265e-01 | test_acc 0.8319 | lam_1 -0.0000 lam_N 0.5958 lam_N+1 0.8688 gap 0.2730 | t_epoch   7.9s eta 1h00m (total ~1h06m)
epoch  50/500 | loss 1.3617 ce 0.8862 reg 4.7542e-01 | test_acc 0.8240 | lam_1 0.0000 lam_N 0.5978 lam_N+1 0.8668 gap 0.2690 | t_epoch   7.9s eta 1h00m (total ~1h06m)
epoch  51/500 | loss 1.3579 ce 0.8813 reg 4.7660e-01 | test_acc 0.8330 | lam_1 0.0000 lam_N 0.5916 lam_N+1 0.8664 gap 0.2747 | t_epoch   8.0s eta 1h00m (total ~1h06m)
epoch  52/500 | loss 1.3559 ce 0.8785 reg 4.7748e-01 | test_acc 0.8320 | lam_1 0.0000 lam_N 0.5929 lam_N+1 0.8634 gap 0.2705 | t_epoch   8.0s eta 59m52s (total ~1h06m)
epoch  53/500 | loss 1.3545 ce 0.8757 reg 4.7876e-01 | test_acc 0.8304 | lam_1 -0.0000 lam_N 0.5892 lam_N+1 0.8669 gap 0.2778 | t_epoch   7.9s eta 59m44s (total ~1h06m)
epoch  54/500 | loss 1.3536 ce 0.8754 reg 4.7824e-01 | test_acc 0.8294 | lam_1 -0.0000 lam_N 0.5851 lam_N+1 0.8656 gap 0.2805 | t_epoch   7.9s eta 59m35s (total ~1h06m)
epoch  55/500 | loss 1.3482 ce 0.8677 reg 4.8044e-01 | test_acc 0.8288 | lam_1 -0.0000 lam_N 0.5880 lam_N+1 0.8643 gap 0.2763 | t_epoch   8.1s eta 59m28s (total ~1h06m)
epoch  56/500 | loss 1.3491 ce 0.8690 reg 4.8010e-01 | test_acc 0.8135 | lam_1 0.0000 lam_N 0.5766 lam_N+1 0.8607 gap 0.2841 | t_epoch   8.0s eta 59m20s (total ~1h06m)
epoch  57/500 | loss 1.3445 ce 0.8621 reg 4.8244e-01 | test_acc 0.8316 | lam_1 0.0000 lam_N 0.5761 lam_N+1 0.8626 gap 0.2865 | t_epoch   8.0s eta 59m12s (total ~1h06m)
epoch  58/500 | loss 1.3408 ce 0.8571 reg 4.8373e-01 | test_acc 0.8309 | lam_1 -0.0000 lam_N 0.5792 lam_N+1 0.8589 gap 0.2797 | t_epoch   7.9s eta 59m03s (total ~1h06m)
epoch  59/500 | loss 1.3372 ce 0.8523 reg 4.8483e-01 | test_acc 0.8300 | lam_1 0.0000 lam_N 0.5672 lam_N+1 0.8601 gap 0.2928 | t_epoch   7.9s eta 58m54s (total ~1h06m)
epoch  60/500 | loss 1.3384 ce 0.8542 reg 4.8428e-01 | test_acc 0.8370 | lam_1 0.0000 lam_N 0.5765 lam_N+1 0.8594 gap 0.2829 | t_epoch   7.9s eta 58m46s (total ~1h06m)
epoch  61/500 | loss 1.3354 ce 0.8496 reg 4.8582e-01 | test_acc 0.8236 | lam_1 0.0000 lam_N 0.5772 lam_N+1 0.8626 gap 0.2853 | t_epoch   8.0s eta 58m38s (total ~1h06m)
epoch  62/500 | loss 1.3347 ce 0.8487 reg 4.8602e-01 | test_acc 0.8330 | lam_1 0.0000 lam_N 0.5615 lam_N+1 0.8591 gap 0.2977 | t_epoch   8.0s eta 58m30s (total ~1h06m)
epoch  63/500 | loss 1.3331 ce 0.8461 reg 4.8694e-01 | test_acc 0.8406 | lam_1 0.0000 lam_N 0.5674 lam_N+1 0.8567 gap 0.2892 | t_epoch   7.9s eta 58m21s (total ~1h06m)
epoch  64/500 | loss 1.3333 ce 0.8470 reg 4.8634e-01 | test_acc 0.8391 | lam_1 0.0000 lam_N 0.5617 lam_N+1 0.8561 gap 0.2944 | t_epoch   8.0s eta 58m13s (total ~1h06m)
epoch  65/500 | loss 1.3272 ce 0.8377 reg 4.8946e-01 | test_acc 0.8392 | lam_1 0.0000 lam_N 0.5574 lam_N+1 0.8527 gap 0.2953 | t_epoch   8.0s eta 58m05s (total ~1h06m)
epoch  66/500 | loss 1.3270 ce 0.8380 reg 4.8905e-01 | test_acc 0.8442 | lam_1 0.0000 lam_N 0.5590 lam_N+1 0.8543 gap 0.2953 | t_epoch   8.0s eta 57m57s (total ~1h06m)
epoch  67/500 | loss 1.3255 ce 0.8354 reg 4.9009e-01 | test_acc 0.8328 | lam_1 -0.0000 lam_N 0.5511 lam_N+1 0.8513 gap 0.3002 | t_epoch   8.1s eta 57m49s (total ~1h06m)
epoch  68/500 | loss 1.3300 ce 0.8426 reg 4.8738e-01 | test_acc 0.8340 | lam_1 0.0000 lam_N 0.5523 lam_N+1 0.8498 gap 0.2975 | t_epoch   8.0s eta 57m41s (total ~1h06m)
epoch  69/500 | loss 1.3233 ce 0.8323 reg 4.9103e-01 | test_acc 0.8438 | lam_1 0.0000 lam_N 0.5502 lam_N+1 0.8494 gap 0.2992 | t_epoch   8.0s eta 57m33s (total ~1h06m)
epoch  70/500 | loss 1.3246 ce 0.8340 reg 4.9062e-01 | test_acc 0.8441 | lam_1 0.0000 lam_N 0.5500 lam_N+1 0.8489 gap 0.2989 | t_epoch   8.0s eta 57m25s (total ~1h06m)
epoch  71/500 | loss 1.3221 ce 0.8306 reg 4.9148e-01 | test_acc 0.8410 | lam_1 -0.0000 lam_N 0.5550 lam_N+1 0.8474 gap 0.2924 | t_epoch   8.1s eta 57m17s (total ~1h06m)
epoch  72/500 | loss 1.3239 ce 0.8328 reg 4.9109e-01 | test_acc 0.8570 | lam_1 -0.0000 lam_N 0.5428 lam_N+1 0.8504 gap 0.3076 | t_epoch   8.1s eta 57m09s (total ~1h06m)
epoch  73/500 | loss 1.3201 ce 0.8278 reg 4.9228e-01 | test_acc 0.8528 | lam_1 0.0000 lam_N 0.5442 lam_N+1 0.8450 gap 0.3008 | t_epoch   8.0s eta 57m01s (total ~1h06m)
epoch  74/500 | loss 1.3185 ce 0.8246 reg 4.9391e-01 | test_acc 0.8552 | lam_1 0.0000 lam_N 0.5460 lam_N+1 0.8493 gap 0.3033 | t_epoch   8.1s eta 56m54s (total ~1h06m)
epoch  75/500 | loss 1.3190 ce 0.8253 reg 4.9370e-01 | test_acc 0.8628 | lam_1 0.0000 lam_N 0.5398 lam_N+1 0.8466 gap 0.3068 | t_epoch   8.0s eta 56m45s (total ~1h06m)
epoch  76/500 | loss 1.3166 ce 0.8206 reg 4.9603e-01 | test_acc 0.8684 | lam_1 0.0000 lam_N 0.5453 lam_N+1 0.8453 gap 0.3000 | t_epoch   8.0s eta 56m37s (total ~1h06m)
epoch  77/500 | loss 1.3147 ce 0.8165 reg 4.9820e-01 | test_acc 0.8808 | lam_1 0.0000 lam_N 0.5453 lam_N+1 0.8475 gap 0.3022 | t_epoch   8.1s eta 56m30s (total ~1h06m)
epoch  78/500 | loss 1.3130 ce 0.8122 reg 5.0084e-01 | test_acc 0.8872 | lam_1 -0.0000 lam_N 0.5368 lam_N+1 0.8437 gap 0.3070 | t_epoch   8.1s eta 56m22s (total ~1h06m)
epoch  79/500 | loss 1.3112 ce 0.8060 reg 5.0522e-01 | test_acc 0.8907 | lam_1 0.0000 lam_N 0.5372 lam_N+1 0.8459 gap 0.3087 | t_epoch   8.0s eta 56m14s (total ~1h06m)
epoch  80/500 | loss 1.3072 ce 0.7980 reg 5.0919e-01 | test_acc 0.8990 | lam_1 -0.0000 lam_N 0.5311 lam_N+1 0.8452 gap 0.3140 | t_epoch   7.9s eta 56m05s (total ~1h06m)
epoch  81/500 | loss 1.3027 ce 0.7896 reg 5.1307e-01 | test_acc 0.9027 | lam_1 -0.0000 lam_N 0.5376 lam_N+1 0.8491 gap 0.3115 | t_epoch   8.0s eta 55m57s (total ~1h06m)
epoch  82/500 | loss 1.3025 ce 0.7875 reg 5.1497e-01 | test_acc 0.8983 | lam_1 -0.0000 lam_N 0.5302 lam_N+1 0.8487 gap 0.3185 | t_epoch   8.1s eta 55m50s (total ~1h06m)
epoch  83/500 | loss 1.3017 ce 0.7857 reg 5.1596e-01 | test_acc 0.9010 | lam_1 -0.0000 lam_N 0.5350 lam_N+1 0.8448 gap 0.3098 | t_epoch   8.0s eta 55m41s (total ~1h06m)
epoch  84/500 | loss 1.3009 ce 0.7840 reg 5.1692e-01 | test_acc 0.8955 | lam_1 0.0000 lam_N 0.5217 lam_N+1 0.8455 gap 0.3238 | t_epoch   8.0s eta 55m33s (total ~1h06m)
epoch  85/500 | loss 1.2951 ce 0.7751 reg 5.2006e-01 | test_acc 0.9101 | lam_1 -0.0000 lam_N 0.5224 lam_N+1 0.8420 gap 0.3196 | t_epoch   8.0s eta 55m25s (total ~1h06m)
epoch  86/500 | loss 1.2943 ce 0.7734 reg 5.2096e-01 | test_acc 0.9088 | lam_1 0.0000 lam_N 0.5212 lam_N+1 0.8435 gap 0.3223 | t_epoch   7.9s eta 55m16s (total ~1h06m)
epoch  87/500 | loss 1.2913 ce 0.7688 reg 5.2242e-01 | test_acc 0.9132 | lam_1 0.0000 lam_N 0.5204 lam_N+1 0.8429 gap 0.3225 | t_epoch   8.0s eta 55m09s (total ~1h06m)
epoch  88/500 | loss 1.2917 ce 0.7686 reg 5.2302e-01 | test_acc 0.9032 | lam_1 -0.0000 lam_N 0.5196 lam_N+1 0.8388 gap 0.3192 | t_epoch   8.1s eta 55m01s (total ~1h06m)
epoch  89/500 | loss 1.2876 ce 0.7626 reg 5.2504e-01 | test_acc 0.9016 | lam_1 0.0000 lam_N 0.5270 lam_N+1 0.8393 gap 0.3124 | t_epoch   8.2s eta 54m54s (total ~1h06m)
epoch  90/500 | loss 1.2845 ce 0.7587 reg 5.2579e-01 | test_acc 0.9117 | lam_1 0.0000 lam_N 0.5184 lam_N+1 0.8406 gap 0.3222 | t_epoch   8.0s eta 54m45s (total ~1h06m)
epoch  91/500 | loss 1.2865 ce 0.7607 reg 5.2581e-01 | test_acc 0.9114 | lam_1 -0.0000 lam_N 0.5065 lam_N+1 0.8420 gap 0.3355 | t_epoch   8.0s eta 54m38s (total ~1h06m)
epoch  92/500 | loss 1.2809 ce 0.7531 reg 5.2780e-01 | test_acc 0.9140 | lam_1 -0.0000 lam_N 0.5152 lam_N+1 0.8382 gap 0.3229 | t_epoch   8.1s eta 54m30s (total ~1h06m)
epoch  93/500 | loss 1.2800 ce 0.7518 reg 5.2820e-01 | test_acc 0.9120 | lam_1 -0.0000 lam_N 0.5117 lam_N+1 0.8419 gap 0.3302 | t_epoch   8.0s eta 54m22s (total ~1h06m)
epoch  94/500 | loss 1.2838 ce 0.7566 reg 5.2713e-01 | test_acc 0.9087 | lam_1 0.0000 lam_N 0.4996 lam_N+1 0.8361 gap 0.3366 | t_epoch   8.1s eta 54m14s (total ~1h06m)
epoch  95/500 | loss 1.2800 ce 0.7515 reg 5.2850e-01 | test_acc 0.9049 | lam_1 -0.0000 lam_N 0.5054 lam_N+1 0.8397 gap 0.3342 | t_epoch   8.0s eta 54m06s (total ~1h06m)
epoch  96/500 | loss 1.2774 ce 0.7477 reg 5.2962e-01 | test_acc 0.9049 | lam_1 0.0000 lam_N 0.5127 lam_N+1 0.8374 gap 0.3248 | t_epoch   8.0s eta 53m58s (total ~1h06m)
epoch  97/500 | loss 1.2744 ce 0.7433 reg 5.3112e-01 | test_acc 0.9026 | lam_1 -0.0000 lam_N 0.5093 lam_N+1 0.8372 gap 0.3278 | t_epoch   8.0s eta 53m50s (total ~1h06m)
epoch  98/500 | loss 1.2761 ce 0.7457 reg 5.3040e-01 | test_acc 0.9107 | lam_1 -0.0000 lam_N 0.5049 lam_N+1 0.8349 gap 0.3301 | t_epoch   8.0s eta 53m42s (total ~1h06m)
epoch  99/500 | loss 1.2775 ce 0.7477 reg 5.2981e-01 | test_acc 0.9082 | lam_1 -0.0000 lam_N 0.4984 lam_N+1 0.8327 gap 0.3343 | t_epoch   8.1s eta 53m34s (total ~1h06m)
epoch 100/500 | loss 1.2719 ce 0.7393 reg 5.3256e-01 | test_acc 0.9146 | lam_1 -0.0000 lam_N 0.4951 lam_N+1 0.8320 gap 0.3370 | t_epoch   8.1s eta 53m26s (total ~1h06m)
epoch 101/500 | loss 1.2729 ce 0.7408 reg 5.3200e-01 | test_acc 0.9106 | lam_1 -0.0000 lam_N 0.5035 lam_N+1 0.8335 gap 0.3300 | t_epoch   8.0s eta 53m18s (total ~1h06m)
epoch 102/500 | loss 1.2735 ce 0.7422 reg 5.3129e-01 | test_acc 0.9135 | lam_1 0.0000 lam_N 0.5059 lam_N+1 0.8350 gap 0.3291 | t_epoch   8.0s eta 53m10s (total ~1h06m)
epoch 103/500 | loss 1.2691 ce 0.7354 reg 5.3365e-01 | test_acc 0.9130 | lam_1 0.0000 lam_N 0.4962 lam_N+1 0.8358 gap 0.3396 | t_epoch   8.0s eta 53m02s (total ~1h06m)
epoch 104/500 | loss 1.2692 ce 0.7361 reg 5.3309e-01 | test_acc 0.9166 | lam_1 0.0000 lam_N 0.5039 lam_N+1 0.8312 gap 0.3273 | t_epoch   8.0s eta 52m54s (total ~1h06m)
epoch 105/500 | loss 1.2688 ce 0.7351 reg 5.3363e-01 | test_acc 0.9133 | lam_1 -0.0000 lam_N 0.5065 lam_N+1 0.8293 gap 0.3228 | t_epoch   8.0s eta 52m46s (total ~1h06m)
epoch 106/500 | loss 1.2676 ce 0.7334 reg 5.3420e-01 | test_acc 0.9101 | lam_1 -0.0000 lam_N 0.4923 lam_N+1 0.8277 gap 0.3354 | t_epoch   8.1s eta 52m38s (total ~1h06m)
epoch 107/500 | loss 1.2658 ce 0.7311 reg 5.3474e-01 | test_acc 0.9102 | lam_1 -0.0000 lam_N 0.4927 lam_N+1 0.8296 gap 0.3370 | t_epoch   8.0s eta 52m30s (total ~1h06m)
epoch 108/500 | loss 1.2670 ce 0.7327 reg 5.3428e-01 | test_acc 0.9224 | lam_1 -0.0000 lam_N 0.4958 lam_N+1 0.8323 gap 0.3365 | t_epoch   8.0s eta 52m22s (total ~1h06m)
epoch 109/500 | loss 1.2646 ce 0.7292 reg 5.3542e-01 | test_acc 0.9151 | lam_1 0.0000 lam_N 0.4848 lam_N+1 0.8270 gap 0.3422 | t_epoch   8.0s eta 52m14s (total ~1h06m)
epoch 110/500 | loss 1.2656 ce 0.7307 reg 5.3489e-01 | test_acc 0.9045 | lam_1 0.0000 lam_N 0.4863 lam_N+1 0.8296 gap 0.3433 | t_epoch   8.1s eta 52m06s (total ~1h06m)
epoch 111/500 | loss 1.2653 ce 0.7298 reg 5.3542e-01 | test_acc 0.9139 | lam_1 -0.0000 lam_N 0.4790 lam_N+1 0.8304 gap 0.3514 | t_epoch   8.0s eta 51m58s (total ~1h06m)
epoch 112/500 | loss 1.2639 ce 0.7284 reg 5.3551e-01 | test_acc 0.9203 | lam_1 0.0000 lam_N 0.4930 lam_N+1 0.8278 gap 0.3348 | t_epoch   8.0s eta 51m50s (total ~1h06m)
epoch 113/500 | loss 1.2616 ce 0.7253 reg 5.3637e-01 | test_acc 0.9140 | lam_1 0.0000 lam_N 0.4853 lam_N+1 0.8246 gap 0.3392 | t_epoch   8.1s eta 51m42s (total ~1h06m)
epoch 114/500 | loss 1.2605 ce 0.7235 reg 5.3700e-01 | test_acc 0.9179 | lam_1 -0.0000 lam_N 0.4816 lam_N+1 0.8269 gap 0.3453 | t_epoch   8.0s eta 51m34s (total ~1h06m)
epoch 115/500 | loss 1.2617 ce 0.7253 reg 5.3639e-01 | test_acc 0.9148 | lam_1 0.0000 lam_N 0.4868 lam_N+1 0.8292 gap 0.3425 | t_epoch   8.0s eta 51m26s (total ~1h06m)
epoch 116/500 | loss 1.2600 ce 0.7227 reg 5.3729e-01 | test_acc 0.9163 | lam_1 0.0000 lam_N 0.4841 lam_N+1 0.8243 gap 0.3402 | t_epoch   8.0s eta 51m18s (total ~1h06m)
epoch 117/500 | loss 1.2612 ce 0.7243 reg 5.3695e-01 | test_acc 0.9115 | lam_1 0.0000 lam_N 0.4836 lam_N+1 0.8270 gap 0.3434 | t_epoch   8.0s eta 51m10s (total ~1h06m)
epoch 118/500 | loss 1.2602 ce 0.7232 reg 5.3696e-01 | test_acc 0.9111 | lam_1 -0.0000 lam_N 0.4823 lam_N+1 0.8254 gap 0.3431 | t_epoch   8.1s eta 51m02s (total ~1h06m)
epoch 119/500 | loss 1.2576 ce 0.7193 reg 5.3831e-01 | test_acc 0.9137 | lam_1 0.0000 lam_N 0.4807 lam_N+1 0.8252 gap 0.3444 | t_epoch   8.0s eta 50m54s (total ~1h06m)
epoch 120/500 | loss 1.2618 ce 0.7251 reg 5.3665e-01 | test_acc 0.9102 | lam_1 -0.0000 lam_N 0.4830 lam_N+1 0.8259 gap 0.3429 | t_epoch   8.0s eta 50m46s (total ~1h06m)
epoch 121/500 | loss 1.2576 ce 0.7197 reg 5.3790e-01 | test_acc 0.9191 | lam_1 0.0000 lam_N 0.4818 lam_N+1 0.8230 gap 0.3411 | t_epoch   8.1s eta 50m39s (total ~1h06m)
epoch 122/500 | loss 1.2559 ce 0.7170 reg 5.3896e-01 | test_acc 0.9147 | lam_1 -0.0000 lam_N 0.4850 lam_N+1 0.8241 gap 0.3391 | t_epoch   8.1s eta 50m31s (total ~1h06m)
epoch 123/500 | loss 1.2572 ce 0.7192 reg 5.3804e-01 | test_acc 0.9159 | lam_1 -0.0000 lam_N 0.4852 lam_N+1 0.8239 gap 0.3387 | t_epoch   7.9s eta 50m22s (total ~1h06m)
epoch 124/500 | loss 1.2567 ce 0.7185 reg 5.3820e-01 | test_acc 0.9153 | lam_1 -0.0000 lam_N 0.4768 lam_N+1 0.8253 gap 0.3485 | t_epoch   7.9s eta 50m14s (total ~1h06m)
epoch 125/500 | loss 1.2555 ce 0.7165 reg 5.3902e-01 | test_acc 0.9172 | lam_1 0.0000 lam_N 0.4718 lam_N+1 0.8218 gap 0.3499 | t_epoch   8.1s eta 50m06s (total ~1h06m)
epoch 126/500 | loss 1.2562 ce 0.7175 reg 5.3876e-01 | test_acc 0.9168 | lam_1 -0.0000 lam_N 0.4728 lam_N+1 0.8240 gap 0.3512 | t_epoch   8.1s eta 49m59s (total ~1h06m)
epoch 127/500 | loss 1.2557 ce 0.7170 reg 5.3873e-01 | test_acc 0.9184 | lam_1 -0.0000 lam_N 0.4746 lam_N+1 0.8248 gap 0.3502 | t_epoch   8.0s eta 49m50s (total ~1h06m)
epoch 128/500 | loss 1.2543 ce 0.7150 reg 5.3923e-01 | test_acc 0.9178 | lam_1 0.0000 lam_N 0.4699 lam_N+1 0.8182 gap 0.3483 | t_epoch   8.1s eta 49m43s (total ~1h06m)
epoch 129/500 | loss 1.2534 ce 0.7135 reg 5.3993e-01 | test_acc 0.9135 | lam_1 -0.0000 lam_N 0.4748 lam_N+1 0.8203 gap 0.3456 | t_epoch   8.0s eta 49m35s (total ~1h06m)
epoch 130/500 | loss 1.2549 ce 0.7158 reg 5.3914e-01 | test_acc 0.9147 | lam_1 0.0000 lam_N 0.4780 lam_N+1 0.8198 gap 0.3418 | t_epoch   8.0s eta 49m26s (total ~1h06m)
epoch 131/500 | loss 1.2543 ce 0.7146 reg 5.3969e-01 | test_acc 0.9175 | lam_1 0.0000 lam_N 0.4706 lam_N+1 0.8209 gap 0.3503 | t_epoch   8.0s eta 49m19s (total ~1h06m)
epoch 132/500 | loss 1.2565 ce 0.7179 reg 5.3857e-01 | test_acc 0.9117 | lam_1 0.0000 lam_N 0.4668 lam_N+1 0.8206 gap 0.3538 | t_epoch   8.0s eta 49m11s (total ~1h06m)
epoch 133/500 | loss 1.2509 ce 0.7104 reg 5.4044e-01 | test_acc 0.9185 | lam_1 0.0000 lam_N 0.4634 lam_N+1 0.8211 gap 0.3576 | t_epoch   8.0s eta 49m02s (total ~1h06m)
epoch 134/500 | loss 1.2527 ce 0.7125 reg 5.4023e-01 | test_acc 0.9168 | lam_1 -0.0000 lam_N 0.4693 lam_N+1 0.8181 gap 0.3488 | t_epoch   8.0s eta 48m55s (total ~1h06m)
epoch 135/500 | loss 1.2526 ce 0.7125 reg 5.4007e-01 | test_acc 0.9216 | lam_1 -0.0000 lam_N 0.4633 lam_N+1 0.8213 gap 0.3579 | t_epoch   7.9s eta 48m46s (total ~1h06m)
epoch 136/500 | loss 1.2534 ce 0.7139 reg 5.3949e-01 | test_acc 0.9134 | lam_1 -0.0000 lam_N 0.4659 lam_N+1 0.8173 gap 0.3513 | t_epoch   7.9s eta 48m38s (total ~1h06m)
epoch 137/500 | loss 1.2538 ce 0.7141 reg 5.3965e-01 | test_acc 0.9186 | lam_1 -0.0000 lam_N 0.4658 lam_N+1 0.8194 gap 0.3536 | t_epoch   8.0s eta 48m30s (total ~1h06m)
epoch 138/500 | loss 1.2514 ce 0.7112 reg 5.4022e-01 | test_acc 0.9167 | lam_1 -0.0000 lam_N 0.4657 lam_N+1 0.8216 gap 0.3559 | t_epoch   8.1s eta 48m22s (total ~1h06m)
epoch 139/500 | loss 1.2490 ce 0.7076 reg 5.4146e-01 | test_acc 0.9109 | lam_1 0.0000 lam_N 0.4657 lam_N+1 0.8160 gap 0.3503 | t_epoch   8.0s eta 48m14s (total ~1h06m)
epoch 140/500 | loss 1.2526 ce 0.7125 reg 5.4004e-01 | test_acc 0.9120 | lam_1 -0.0000 lam_N 0.4662 lam_N+1 0.8160 gap 0.3497 | t_epoch   7.9s eta 48m06s (total ~1h06m)
epoch 141/500 | loss 1.2521 ce 0.7122 reg 5.3993e-01 | test_acc 0.9161 | lam_1 -0.0000 lam_N 0.4652 lam_N+1 0.8195 gap 0.3543 | t_epoch   8.0s eta 47m58s (total ~1h06m)
epoch 142/500 | loss 1.2514 ce 0.7108 reg 5.4058e-01 | test_acc 0.9164 | lam_1 -0.0000 lam_N 0.4625 lam_N+1 0.8176 gap 0.3552 | t_epoch   8.1s eta 47m50s (total ~1h06m)
epoch 143/500 | loss 1.2504 ce 0.7096 reg 5.4080e-01 | test_acc 0.9189 | lam_1 -0.0000 lam_N 0.4686 lam_N+1 0.8141 gap 0.3455 | t_epoch   8.1s eta 47m42s (total ~1h06m)
epoch 144/500 | loss 1.2495 ce 0.7084 reg 5.4105e-01 | test_acc 0.9165 | lam_1 -0.0000 lam_N 0.4569 lam_N+1 0.8126 gap 0.3557 | t_epoch   8.0s eta 47m34s (total ~1h06m)
epoch 145/500 | loss 1.2505 ce 0.7096 reg 5.4089e-01 | test_acc 0.9175 | lam_1 0.0000 lam_N 0.4556 lam_N+1 0.8186 gap 0.3629 | t_epoch   8.1s eta 47m26s (total ~1h06m)
epoch 146/500 | loss 1.2524 ce 0.7124 reg 5.3997e-01 | test_acc 0.9160 | lam_1 0.0000 lam_N 0.4530 lam_N+1 0.8131 gap 0.3601 | t_epoch   8.1s eta 47m18s (total ~1h06m)
epoch 147/500 | loss 1.2501 ce 0.7093 reg 5.4087e-01 | test_acc 0.9188 | lam_1 0.0000 lam_N 0.4610 lam_N+1 0.8158 gap 0.3548 | t_epoch   8.1s eta 47m10s (total ~1h06m)
epoch 148/500 | loss 1.2628 ce 0.7257 reg 5.3708e-01 | test_acc 0.9228 | lam_1 -0.0000 lam_N 0.4606 lam_N+1 0.8157 gap 0.3551 | t_epoch   8.0s eta 47m02s (total ~1h06m)
epoch 149/500 | loss 1.2488 ce 0.7076 reg 5.4122e-01 | test_acc 0.9244 | lam_1 -0.0000 lam_N 0.4638 lam_N+1 0.8130 gap 0.3493 | t_epoch   8.0s eta 46m54s (total ~1h06m)
epoch 150/500 | loss 1.2477 ce 0.7058 reg 5.4193e-01 | test_acc 0.9211 | lam_1 -0.0000 lam_N 0.4527 lam_N+1 0.8116 gap 0.3588 | t_epoch   8.0s eta 46m46s (total ~1h06m)
epoch 151/500 | loss 1.2489 ce 0.7075 reg 5.4138e-01 | test_acc 0.9244 | lam_1 0.0000 lam_N 0.4488 lam_N+1 0.8070 gap 0.3581 | t_epoch   8.0s eta 46m38s (total ~1h06m)
epoch 152/500 | loss 1.2479 ce 0.7064 reg 5.4154e-01 | test_acc 0.9174 | lam_1 -0.0000 lam_N 0.4590 lam_N+1 0.8175 gap 0.3585 | t_epoch   8.0s eta 46m30s (total ~1h06m)
epoch 153/500 | loss 1.2465 ce 0.7043 reg 5.4218e-01 | test_acc 0.9207 | lam_1 -0.0000 lam_N 0.4495 lam_N+1 0.8143 gap 0.3648 | t_epoch   8.1s eta 46m22s (total ~1h06m)
epoch 154/500 | loss 1.2492 ce 0.7080 reg 5.4119e-01 | test_acc 0.9147 | lam_1 -0.0000 lam_N 0.4508 lam_N+1 0.8111 gap 0.3603 | t_epoch   8.2s eta 46m14s (total ~1h06m)
epoch 155/500 | loss 1.2480 ce 0.7062 reg 5.4173e-01 | test_acc 0.9194 | lam_1 -0.0000 lam_N 0.4575 lam_N+1 0.8131 gap 0.3556 | t_epoch   8.0s eta 46m06s (total ~1h06m)
epoch 156/500 | loss 1.2456 ce 0.7031 reg 5.4248e-01 | test_acc 0.9139 | lam_1 -0.0000 lam_N 0.4523 lam_N+1 0.8139 gap 0.3616 | t_epoch   8.2s eta 45m59s (total ~1h06m)
epoch 157/500 | loss 1.2458 ce 0.7033 reg 5.4253e-01 | test_acc 0.9256 | lam_1 -0.0000 lam_N 0.4471 lam_N+1 0.8142 gap 0.3671 | t_epoch   8.1s eta 45m51s (total ~1h06m)
epoch 158/500 | loss 1.2464 ce 0.7039 reg 5.4243e-01 | test_acc 0.9151 | lam_1 0.0000 lam_N 0.4451 lam_N+1 0.8098 gap 0.3647 | t_epoch   8.0s eta 45m43s (total ~1h06m)
epoch 159/500 | loss 1.2444 ce 0.7014 reg 5.4305e-01 | test_acc 0.9158 | lam_1 0.0000 lam_N 0.4496 lam_N+1 0.8106 gap 0.3610 | t_epoch   8.2s eta 45m35s (total ~1h06m)
epoch 160/500 | loss 1.2453 ce 0.7027 reg 5.4251e-01 | test_acc 0.9168 | lam_1 0.0000 lam_N 0.4435 lam_N+1 0.8137 gap 0.3702 | t_epoch   8.0s eta 45m27s (total ~1h06m)
epoch 161/500 | loss 1.2455 ce 0.7030 reg 5.4257e-01 | test_acc 0.9143 | lam_1 0.0000 lam_N 0.4513 lam_N+1 0.8144 gap 0.3631 | t_epoch   8.0s eta 45m19s (total ~1h06m)
epoch 162/500 | loss 1.2468 ce 0.7047 reg 5.4207e-01 | test_acc 0.9171 | lam_1 0.0000 lam_N 0.4425 lam_N+1 0.8102 gap 0.3677 | t_epoch   8.0s eta 45m11s (total ~1h06m)
epoch 163/500 | loss 1.2485 ce 0.7070 reg 5.4158e-01 | test_acc 0.9160 | lam_1 0.0000 lam_N 0.4467 lam_N+1 0.8134 gap 0.3666 | t_epoch   8.2s eta 45m03s (total ~1h06m)
epoch 164/500 | loss 1.2441 ce 0.7008 reg 5.4329e-01 | test_acc 0.9180 | lam_1 0.0000 lam_N 0.4472 lam_N+1 0.8129 gap 0.3656 | t_epoch   8.0s eta 44m55s (total ~1h06m)
epoch 165/500 | loss 1.2456 ce 0.7032 reg 5.4236e-01 | test_acc 0.9143 | lam_1 -0.0000 lam_N 0.4466 lam_N+1 0.8120 gap 0.3653 | t_epoch   8.0s eta 44m47s (total ~1h06m)
epoch 166/500 | loss 1.2475 ce 0.7056 reg 5.4185e-01 | test_acc 0.9255 | lam_1 0.0000 lam_N 0.4373 lam_N+1 0.8127 gap 0.3754 | t_epoch   8.0s eta 44m39s (total ~1h06m)
epoch 167/500 | loss 1.2436 ce 0.7001 reg 5.4348e-01 | test_acc 0.9185 | lam_1 0.0000 lam_N 0.4393 lam_N+1 0.8074 gap 0.3681 | t_epoch   8.0s eta 44m31s (total ~1h06m)
epoch 168/500 | loss 1.2449 ce 0.7020 reg 5.4299e-01 | test_acc 0.9189 | lam_1 -0.0000 lam_N 0.4444 lam_N+1 0.8090 gap 0.3646 | t_epoch   7.9s eta 44m23s (total ~1h06m)
epoch 169/500 | loss 1.2443 ce 0.7013 reg 5.4298e-01 | test_acc 0.9193 | lam_1 -0.0000 lam_N 0.4376 lam_N+1 0.8105 gap 0.3729 | t_epoch   8.0s eta 44m15s (total ~1h06m)
epoch 170/500 | loss 1.2440 ce 0.7008 reg 5.4320e-01 | test_acc 0.9233 | lam_1 -0.0000 lam_N 0.4399 lam_N+1 0.8082 gap 0.3682 | t_epoch   8.0s eta 44m06s (total ~1h06m)
epoch 171/500 | loss 1.2460 ce 0.7034 reg 5.4253e-01 | test_acc 0.9214 | lam_1 -0.0000 lam_N 0.4333 lam_N+1 0.8090 gap 0.3757 | t_epoch   7.9s eta 43m58s (total ~1h06m)
epoch 172/500 | loss 1.2446 ce 0.7019 reg 5.4280e-01 | test_acc 0.9149 | lam_1 -0.0000 lam_N 0.4356 lam_N+1 0.8081 gap 0.3725 | t_epoch   7.9s eta 43m50s (total ~1h06m)
epoch 173/500 | loss 1.2452 ce 0.7024 reg 5.4278e-01 | test_acc 0.9207 | lam_1 0.0000 lam_N 0.4357 lam_N+1 0.8103 gap 0.3746 | t_epoch   8.0s eta 43m42s (total ~1h06m)
epoch 174/500 | loss 1.2439 ce 0.7010 reg 5.4284e-01 | test_acc 0.9175 | lam_1 0.0000 lam_N 0.4419 lam_N+1 0.8130 gap 0.3711 | t_epoch   8.0s eta 43m34s (total ~1h06m)
epoch 175/500 | loss 1.2433 ce 0.6999 reg 5.4340e-01 | test_acc 0.9154 | lam_1 0.0000 lam_N 0.4355 lam_N+1 0.8092 gap 0.3737 | t_epoch   8.0s eta 43m26s (total ~1h06m)
epoch 176/500 | loss 1.2429 ce 0.6993 reg 5.4359e-01 | test_acc 0.9199 | lam_1 -0.0000 lam_N 0.4364 lam_N+1 0.8063 gap 0.3699 | t_epoch   8.1s eta 43m18s (total ~1h06m)
epoch 177/500 | loss 1.2442 ce 0.7013 reg 5.4289e-01 | test_acc 0.9166 | lam_1 -0.0000 lam_N 0.4325 lam_N+1 0.8057 gap 0.3732 | t_epoch   8.1s eta 43m10s (total ~1h06m)
epoch 178/500 | loss 1.2432 ce 0.6996 reg 5.4359e-01 | test_acc 0.9220 | lam_1 0.0000 lam_N 0.4290 lam_N+1 0.8045 gap 0.3755 | t_epoch   8.0s eta 43m02s (total ~1h06m)
epoch 179/500 | loss 1.2415 ce 0.6974 reg 5.4409e-01 | test_acc 0.9167 | lam_1 -0.0000 lam_N 0.4296 lam_N+1 0.8065 gap 0.3769 | t_epoch   7.9s eta 42m54s (total ~1h06m)
epoch 180/500 | loss 1.2452 ce 0.7024 reg 5.4278e-01 | test_acc 0.9195 | lam_1 -0.0000 lam_N 0.4335 lam_N+1 0.8076 gap 0.3741 | t_epoch   8.1s eta 42m46s (total ~1h06m)
epoch 181/500 | loss 1.2419 ce 0.6978 reg 5.4410e-01 | test_acc 0.9189 | lam_1 -0.0000 lam_N 0.4335 lam_N+1 0.8039 gap 0.3704 | t_epoch   8.1s eta 42m38s (total ~1h06m)
epoch 182/500 | loss 1.2428 ce 0.6993 reg 5.4348e-01 | test_acc 0.9169 | lam_1 0.0000 lam_N 0.4349 lam_N+1 0.8082 gap 0.3733 | t_epoch   8.0s eta 42m30s (total ~1h06m)
epoch 183/500 | loss 1.2429 ce 0.6996 reg 5.4330e-01 | test_acc 0.9191 | lam_1 -0.0000 lam_N 0.4337 lam_N+1 0.8059 gap 0.3722 | t_epoch   8.1s eta 42m22s (total ~1h06m)
epoch 184/500 | loss 1.2428 ce 0.6993 reg 5.4350e-01 | test_acc 0.9217 | lam_1 0.0000 lam_N 0.4347 lam_N+1 0.8100 gap 0.3753 | t_epoch   8.0s eta 42m14s (total ~1h06m)
epoch 185/500 | loss 1.2433 ce 0.6998 reg 5.4356e-01 | test_acc 0.9168 | lam_1 -0.0000 lam_N 0.4310 lam_N+1 0.8078 gap 0.3769 | t_epoch   8.0s eta 42m06s (total ~1h06m)
epoch 186/500 | loss 1.2444 ce 0.7015 reg 5.4290e-01 | test_acc 0.9204 | lam_1 -0.0000 lam_N 0.4288 lam_N+1 0.8099 gap 0.3811 | t_epoch   8.1s eta 41m58s (total ~1h06m)
epoch 187/500 | loss 1.2415 ce 0.6975 reg 5.4402e-01 | test_acc 0.9224 | lam_1 0.0000 lam_N 0.4207 lam_N+1 0.8043 gap 0.3836 | t_epoch   8.0s eta 41m50s (total ~1h06m)
epoch 188/500 | loss 1.2413 ce 0.6971 reg 5.4418e-01 | test_acc 0.9197 | lam_1 -0.0000 lam_N 0.4259 lam_N+1 0.8061 gap 0.3802 | t_epoch   8.1s eta 41m42s (total ~1h06m)
epoch 189/500 | loss 1.2410 ce 0.6966 reg 5.4433e-01 | test_acc 0.9225 | lam_1 0.0000 lam_N 0.4230 lam_N+1 0.8063 gap 0.3833 | t_epoch   8.1s eta 41m34s (total ~1h06m)
epoch 190/500 | loss 1.2409 ce 0.6965 reg 5.4440e-01 | test_acc 0.9166 | lam_1 -0.0000 lam_N 0.4225 lam_N+1 0.8046 gap 0.3821 | t_epoch   8.1s eta 41m26s (total ~1h06m)
epoch 191/500 | loss 1.2417 ce 0.6976 reg 5.4402e-01 | test_acc 0.9158 | lam_1 0.0000 lam_N 0.4310 lam_N+1 0.8085 gap 0.3774 | t_epoch   8.1s eta 41m18s (total ~1h06m)
epoch 192/500 | loss 1.2407 ce 0.6964 reg 5.4425e-01 | test_acc 0.9241 | lam_1 -0.0000 lam_N 0.4259 lam_N+1 0.8044 gap 0.3785 | t_epoch   8.1s eta 41m11s (total ~1h06m)
epoch 193/500 | loss 1.2408 ce 0.6967 reg 5.4414e-01 | test_acc 0.9245 | lam_1 -0.0000 lam_N 0.4200 lam_N+1 0.8036 gap 0.3836 | t_epoch   8.2s eta 41m03s (total ~1h06m)
epoch 194/500 | loss 1.2411 ce 0.6968 reg 5.4432e-01 | test_acc 0.9181 | lam_1 -0.0000 lam_N 0.4224 lam_N+1 0.8018 gap 0.3794 | t_epoch   8.0s eta 40m55s (total ~1h06m)
epoch 195/500 | loss 1.2408 ce 0.6967 reg 5.4413e-01 | test_acc 0.9246 | lam_1 -0.0000 lam_N 0.4218 lam_N+1 0.8064 gap 0.3846 | t_epoch   7.9s eta 40m47s (total ~1h06m)
epoch 196/500 | loss 1.2415 ce 0.6974 reg 5.4405e-01 | test_acc 0.9187 | lam_1 0.0000 lam_N 0.4152 lam_N+1 0.8035 gap 0.3883 | t_epoch   8.0s eta 40m38s (total ~1h06m)
epoch 197/500 | loss 1.2408 ce 0.6967 reg 5.4415e-01 | test_acc 0.9167 | lam_1 0.0000 lam_N 0.4253 lam_N+1 0.8061 gap 0.3808 | t_epoch   8.1s eta 40m30s (total ~1h06m)
epoch 198/500 | loss 1.2423 ce 0.6985 reg 5.4379e-01 | test_acc 0.9204 | lam_1 -0.0000 lam_N 0.4216 lam_N+1 0.8023 gap 0.3806 | t_epoch   7.9s eta 40m22s (total ~1h06m)
epoch 199/500 | loss 1.2395 ce 0.6947 reg 5.4472e-01 | test_acc 0.9184 | lam_1 -0.0000 lam_N 0.4196 lam_N+1 0.8019 gap 0.3823 | t_epoch   8.0s eta 40m14s (total ~1h06m)
epoch 200/500 | loss 1.2402 ce 0.6958 reg 5.4446e-01 | test_acc 0.9255 | lam_1 -0.0000 lam_N 0.4115 lam_N+1 0.8052 gap 0.3938 | t_epoch   8.1s eta 40m06s (total ~1h06m)
epoch 201/500 | loss 1.2402 ce 0.6956 reg 5.4460e-01 | test_acc 0.9204 | lam_1 -0.0000 lam_N 0.4130 lam_N+1 0.8002 gap 0.3872 | t_epoch   8.0s eta 39m58s (total ~1h06m)
epoch 202/500 | loss 1.2400 ce 0.6956 reg 5.4440e-01 | test_acc 0.9250 | lam_1 -0.0000 lam_N 0.4119 lam_N+1 0.8022 gap 0.3903 | t_epoch   7.9s eta 39m50s (total ~1h06m)
epoch 203/500 | loss 1.2433 ce 0.6999 reg 5.4337e-01 | test_acc 0.9119 | lam_1 -0.0000 lam_N 0.4149 lam_N+1 0.8012 gap 0.3864 | t_epoch   8.0s eta 39m42s (total ~1h06m)
epoch 204/500 | loss 1.2405 ce 0.6962 reg 5.4430e-01 | test_acc 0.9197 | lam_1 -0.0000 lam_N 0.4203 lam_N+1 0.8056 gap 0.3853 | t_epoch   8.1s eta 39m34s (total ~1h06m)
epoch 205/500 | loss 1.2406 ce 0.6963 reg 5.4426e-01 | test_acc 0.9260 | lam_1 0.0000 lam_N 0.4150 lam_N+1 0.8032 gap 0.3882 | t_epoch   8.0s eta 39m26s (total ~1h06m)
epoch 206/500 | loss 1.2397 ce 0.6949 reg 5.4476e-01 | test_acc 0.9201 | lam_1 -0.0000 lam_N 0.4122 lam_N+1 0.8017 gap 0.3895 | t_epoch   7.9s eta 39m18s (total ~1h06m)
epoch 207/500 | loss 1.2408 ce 0.6967 reg 5.4412e-01 | test_acc 0.9267 | lam_1 0.0000 lam_N 0.4090 lam_N+1 0.8013 gap 0.3924 | t_epoch   8.0s eta 39m10s (total ~1h06m)
epoch 208/500 | loss 1.2387 ce 0.6937 reg 5.4498e-01 | test_acc 0.9227 | lam_1 -0.0000 lam_N 0.4146 lam_N+1 0.8031 gap 0.3885 | t_epoch   8.0s eta 39m02s (total ~1h06m)
epoch 209/500 | loss 1.2393 ce 0.6946 reg 5.4472e-01 | test_acc 0.9232 | lam_1 -0.0000 lam_N 0.4140 lam_N+1 0.8043 gap 0.3903 | t_epoch   8.0s eta 38m54s (total ~1h06m)
epoch 210/500 | loss 1.2409 ce 0.6968 reg 5.4411e-01 | test_acc 0.9149 | lam_1 0.0000 lam_N 0.4123 lam_N+1 0.8006 gap 0.3883 | t_epoch   7.9s eta 38m46s (total ~1h06m)
epoch 211/500 | loss 1.2391 ce 0.6946 reg 5.4450e-01 | test_acc 0.9232 | lam_1 -0.0000 lam_N 0.4215 lam_N+1 0.8006 gap 0.3791 | t_epoch   8.2s eta 38m38s (total ~1h06m)
epoch 212/500 | loss 1.2391 ce 0.6943 reg 5.4484e-01 | test_acc 0.9281 | lam_1 -0.0000 lam_N 0.4112 lam_N+1 0.7987 gap 0.3875 | t_epoch   8.1s eta 38m30s (total ~1h06m)
epoch 213/500 | loss 1.2376 ce 0.6921 reg 5.4550e-01 | test_acc 0.9211 | lam_1 -0.0000 lam_N 0.4083 lam_N+1 0.7991 gap 0.3909 | t_epoch   8.0s eta 38m22s (total ~1h06m)
epoch 214/500 | loss 1.2386 ce 0.6937 reg 5.4489e-01 | test_acc 0.9215 | lam_1 0.0000 lam_N 0.4088 lam_N+1 0.8033 gap 0.3945 | t_epoch   8.2s eta 38m14s (total ~1h06m)
epoch 215/500 | loss 1.2403 ce 0.6959 reg 5.4439e-01 | test_acc 0.9162 | lam_1 0.0000 lam_N 0.4065 lam_N+1 0.8029 gap 0.3964 | t_epoch   8.0s eta 38m06s (total ~1h06m)
epoch 216/500 | loss 1.2388 ce 0.6938 reg 5.4502e-01 | test_acc 0.9157 | lam_1 0.0000 lam_N 0.4038 lam_N+1 0.7997 gap 0.3958 | t_epoch   8.0s eta 37m58s (total ~1h06m)
epoch 217/500 | loss 1.2379 ce 0.6926 reg 5.4530e-01 | test_acc 0.9236 | lam_1 -0.0000 lam_N 0.4044 lam_N+1 0.7977 gap 0.3933 | t_epoch   8.0s eta 37m50s (total ~1h06m)
epoch 218/500 | loss 1.2377 ce 0.6923 reg 5.4535e-01 | test_acc 0.9213 | lam_1 0.0000 lam_N 0.4003 lam_N+1 0.8003 gap 0.4000 | t_epoch   8.0s eta 37m42s (total ~1h06m)
epoch 219/500 | loss 1.2393 ce 0.6946 reg 5.4465e-01 | test_acc 0.9264 | lam_1 -0.0000 lam_N 0.4033 lam_N+1 0.8032 gap 0.3999 | t_epoch   7.9s eta 37m33s (total ~1h06m)
epoch 220/500 | loss 1.2383 ce 0.6931 reg 5.4516e-01 | test_acc 0.9221 | lam_1 -0.0000 lam_N 0.4094 lam_N+1 0.8025 gap 0.3931 | t_epoch   8.1s eta 37m26s (total ~1h06m)
epoch 221/500 | loss 1.2382 ce 0.6931 reg 5.4511e-01 | test_acc 0.9227 | lam_1 -0.0000 lam_N 0.4006 lam_N+1 0.7985 gap 0.3979 | t_epoch   8.0s eta 37m17s (total ~1h06m)
epoch 222/500 | loss 1.2368 ce 0.6914 reg 5.4548e-01 | test_acc 0.9285 | lam_1 -0.0000 lam_N 0.4073 lam_N+1 0.8001 gap 0.3928 | t_epoch   8.0s eta 37m09s (total ~1h06m)
epoch 223/500 | loss 1.2385 ce 0.6933 reg 5.4522e-01 | test_acc 0.9248 | lam_1 -0.0000 lam_N 0.4062 lam_N+1 0.8004 gap 0.3942 | t_epoch   8.1s eta 37m01s (total ~1h06m)
epoch 224/500 | loss 1.2388 ce 0.6939 reg 5.4486e-01 | test_acc 0.9219 | lam_1 0.0000 lam_N 0.4079 lam_N+1 0.7991 gap 0.3912 | t_epoch   8.1s eta 36m53s (total ~1h06m)
epoch 225/500 | loss 1.2385 ce 0.6937 reg 5.4487e-01 | test_acc 0.9256 | lam_1 -0.0000 lam_N 0.4078 lam_N+1 0.7983 gap 0.3904 | t_epoch   8.1s eta 36m46s (total ~1h06m)
epoch 226/500 | loss 1.2381 ce 0.6929 reg 5.4517e-01 | test_acc 0.9155 | lam_1 0.0000 lam_N 0.3953 lam_N+1 0.8005 gap 0.4051 | t_epoch   8.1s eta 36m38s (total ~1h06m)
epoch 227/500 | loss 1.2377 ce 0.6923 reg 5.4542e-01 | test_acc 0.9276 | lam_1 -0.0000 lam_N 0.3982 lam_N+1 0.7988 gap 0.4006 | t_epoch   8.1s eta 36m30s (total ~1h06m)
epoch 228/500 | loss 1.2371 ce 0.6915 reg 5.4557e-01 | test_acc 0.9245 | lam_1 0.0000 lam_N 0.4017 lam_N+1 0.8025 gap 0.4008 | t_epoch   8.0s eta 36m22s (total ~1h06m)
epoch 229/500 | loss 1.2381 ce 0.6929 reg 5.4514e-01 | test_acc 0.9223 | lam_1 0.0000 lam_N 0.3987 lam_N+1 0.7983 gap 0.3995 | t_epoch   8.1s eta 36m14s (total ~1h06m)
epoch 230/500 | loss 1.2371 ce 0.6915 reg 5.4551e-01 | test_acc 0.9187 | lam_1 0.0000 lam_N 0.3978 lam_N+1 0.7985 gap 0.4007 | t_epoch   8.1s eta 36m06s (total ~1h06m)
epoch 231/500 | loss 1.2375 ce 0.6922 reg 5.4521e-01 | test_acc 0.9223 | lam_1 -0.0000 lam_N 0.3986 lam_N+1 0.7976 gap 0.3990 | t_epoch   8.0s eta 35m58s (total ~1h06m)
epoch 232/500 | loss 1.2360 ce 0.6899 reg 5.4605e-01 | test_acc 0.9266 | lam_1 0.0000 lam_N 0.4017 lam_N+1 0.7989 gap 0.3971 | t_epoch   8.0s eta 35m50s (total ~1h06m)
epoch 233/500 | loss 1.2372 ce 0.6917 reg 5.4549e-01 | test_acc 0.9251 | lam_1 0.0000 lam_N 0.4071 lam_N+1 0.7979 gap 0.3908 | t_epoch   8.0s eta 35m42s (total ~1h06m)
epoch 234/500 | loss 1.2366 ce 0.6908 reg 5.4576e-01 | test_acc 0.9258 | lam_1 0.0000 lam_N 0.3994 lam_N+1 0.7997 gap 0.4003 | t_epoch   8.0s eta 35m34s (total ~1h06m)
epoch 235/500 | loss 1.2368 ce 0.6912 reg 5.4554e-01 | test_acc 0.9216 | lam_1 -0.0000 lam_N 0.3939 lam_N+1 0.7984 gap 0.4045 | t_epoch   8.0s eta 35m25s (total ~1h06m)
epoch 236/500 | loss 1.2378 ce 0.6927 reg 5.4516e-01 | test_acc 0.9258 | lam_1 -0.0000 lam_N 0.3867 lam_N+1 0.7970 gap 0.4103 | t_epoch   8.0s eta 35m17s (total ~1h06m)
epoch 237/500 | loss 1.2372 ce 0.6915 reg 5.4567e-01 | test_acc 0.9217 | lam_1 -0.0000 lam_N 0.3920 lam_N+1 0.7955 gap 0.4034 | t_epoch   7.9s eta 35m09s (total ~1h06m)
epoch 238/500 | loss 1.2360 ce 0.6901 reg 5.4585e-01 | test_acc 0.9220 | lam_1 0.0000 lam_N 0.3925 lam_N+1 0.7954 gap 0.4029 | t_epoch   8.0s eta 35m01s (total ~1h06m)
epoch 239/500 | loss 1.2366 ce 0.6910 reg 5.4558e-01 | test_acc 0.9219 | lam_1 -0.0000 lam_N 0.3938 lam_N+1 0.7949 gap 0.4011 | t_epoch   8.1s eta 34m53s (total ~1h06m)
epoch 240/500 | loss 1.2359 ce 0.6898 reg 5.4615e-01 | test_acc 0.9206 | lam_1 0.0000 lam_N 0.3848 lam_N+1 0.7939 gap 0.4091 | t_epoch   8.1s eta 34m45s (total ~1h06m)
epoch 241/500 | loss 1.2373 ce 0.6921 reg 5.4526e-01 | test_acc 0.9233 | lam_1 -0.0000 lam_N 0.3954 lam_N+1 0.7980 gap 0.4026 | t_epoch   8.0s eta 34m37s (total ~1h06m)
epoch 242/500 | loss 1.2364 ce 0.6905 reg 5.4587e-01 | test_acc 0.9300 | lam_1 -0.0000 lam_N 0.3853 lam_N+1 0.7965 gap 0.4111 | t_epoch   8.0s eta 34m29s (total ~1h06m)
epoch 243/500 | loss 1.2363 ce 0.6907 reg 5.4565e-01 | test_acc 0.9193 | lam_1 -0.0000 lam_N 0.3924 lam_N+1 0.7977 gap 0.4054 | t_epoch   7.9s eta 34m21s (total ~1h06m)
epoch 244/500 | loss 1.2347 ce 0.6881 reg 5.4655e-01 | test_acc 0.9258 | lam_1 -0.0000 lam_N 0.3903 lam_N+1 0.7974 gap 0.4072 | t_epoch   7.9s eta 34m13s (total ~1h06m)
epoch 245/500 | loss 1.2359 ce 0.6900 reg 5.4590e-01 | test_acc 0.9217 | lam_1 0.0000 lam_N 0.3856 lam_N+1 0.7975 gap 0.4119 | t_epoch   8.1s eta 34m05s (total ~1h06m)
epoch 246/500 | loss 1.2364 ce 0.6907 reg 5.4574e-01 | test_acc 0.9226 | lam_1 0.0000 lam_N 0.3896 lam_N+1 0.7950 gap 0.4054 | t_epoch   8.1s eta 33m57s (total ~1h06m)
epoch 247/500 | loss 1.2364 ce 0.6908 reg 5.4567e-01 | test_acc 0.9254 | lam_1 0.0000 lam_N 0.3929 lam_N+1 0.7995 gap 0.4066 | t_epoch   8.1s eta 33m49s (total ~1h06m)
epoch 248/500 | loss 1.2356 ce 0.6896 reg 5.4600e-01 | test_acc 0.9210 | lam_1 0.0000 lam_N 0.3869 lam_N+1 0.7974 gap 0.4105 | t_epoch   8.0s eta 33m41s (total ~1h06m)
epoch 249/500 | loss 1.2346 ce 0.6882 reg 5.4645e-01 | test_acc 0.9229 | lam_1 -0.0000 lam_N 0.3842 lam_N+1 0.7953 gap 0.4110 | t_epoch   7.9s eta 33m33s (total ~1h06m)
epoch 250/500 | loss 1.2361 ce 0.6902 reg 5.4583e-01 | test_acc 0.9211 | lam_1 -0.0000 lam_N 0.3830 lam_N+1 0.7935 gap 0.4105 | t_epoch   8.0s eta 33m25s (total ~1h06m)
epoch 251/500 | loss 1.2363 ce 0.6905 reg 5.4578e-01 | test_acc 0.9278 | lam_1 -0.0000 lam_N 0.3826 lam_N+1 0.7941 gap 0.4116 | t_epoch   8.1s eta 33m17s (total ~1h06m)
epoch 252/500 | loss 1.2368 ce 0.6912 reg 5.4561e-01 | test_acc 0.9194 | lam_1 -0.0000 lam_N 0.3854 lam_N+1 0.7955 gap 0.4100 | t_epoch   8.1s eta 33m09s (total ~1h06m)
epoch 253/500 | loss 1.2352 ce 0.6891 reg 5.4611e-01 | test_acc 0.9264 | lam_1 0.0000 lam_N 0.3803 lam_N+1 0.7952 gap 0.4149 | t_epoch   7.9s eta 33m01s (total ~1h06m)
epoch 254/500 | loss 1.2354 ce 0.6894 reg 5.4601e-01 | test_acc 0.9210 | lam_1 -0.0000 lam_N 0.3883 lam_N+1 0.8000 gap 0.4117 | t_epoch   8.1s eta 32m53s (total ~1h06m)
epoch 255/500 | loss 1.2359 ce 0.6899 reg 5.4602e-01 | test_acc 0.9219 | lam_1 0.0000 lam_N 0.3853 lam_N+1 0.7949 gap 0.4096 | t_epoch   8.1s eta 32m45s (total ~1h06m)
epoch 256/500 | loss 1.2342 ce 0.6877 reg 5.4651e-01 | test_acc 0.9301 | lam_1 0.0000 lam_N 0.3818 lam_N+1 0.7965 gap 0.4148 | t_epoch   8.0s eta 32m37s (total ~1h06m)
epoch 257/500 | loss 1.2359 ce 0.6901 reg 5.4578e-01 | test_acc 0.9285 | lam_1 -0.0000 lam_N 0.3857 lam_N+1 0.7921 gap 0.4064 | t_epoch   8.2s eta 32m29s (total ~1h06m)
epoch 258/500 | loss 1.2343 ce 0.6876 reg 5.4664e-01 | test_acc 0.9263 | lam_1 0.0000 lam_N 0.3791 lam_N+1 0.7938 gap 0.4146 | t_epoch   8.0s eta 32m21s (total ~1h06m)
epoch 259/500 | loss 1.2346 ce 0.6882 reg 5.4641e-01 | test_acc 0.9271 | lam_1 0.0000 lam_N 0.3784 lam_N+1 0.7933 gap 0.4149 | t_epoch   8.0s eta 32m13s (total ~1h06m)
epoch 260/500 | loss 1.2340 ce 0.6874 reg 5.4667e-01 | test_acc 0.9250 | lam_1 -0.0000 lam_N 0.3788 lam_N+1 0.7939 gap 0.4151 | t_epoch   8.1s eta 32m05s (total ~1h06m)
epoch 261/500 | loss 1.2346 ce 0.6884 reg 5.4619e-01 | test_acc 0.9226 | lam_1 -0.0000 lam_N 0.3818 lam_N+1 0.7954 gap 0.4136 | t_epoch   8.1s eta 31m57s (total ~1h06m)
epoch 262/500 | loss 1.2353 ce 0.6891 reg 5.4613e-01 | test_acc 0.9272 | lam_1 -0.0000 lam_N 0.3788 lam_N+1 0.7939 gap 0.4151 | t_epoch   8.0s eta 31m49s (total ~1h06m)
epoch 263/500 | loss 1.2356 ce 0.6896 reg 5.4598e-01 | test_acc 0.9192 | lam_1 -0.0000 lam_N 0.3751 lam_N+1 0.7917 gap 0.4166 | t_epoch   8.1s eta 31m41s (total ~1h06m)
epoch 264/500 | loss 1.2353 ce 0.6891 reg 5.4616e-01 | test_acc 0.9276 | lam_1 0.0000 lam_N 0.3678 lam_N+1 0.7909 gap 0.4230 | t_epoch   7.9s eta 31m33s (total ~1h06m)
epoch 265/500 | loss 1.2338 ce 0.6869 reg 5.4686e-01 | test_acc 0.9237 | lam_1 -0.0000 lam_N 0.3723 lam_N+1 0.7923 gap 0.4201 | t_epoch   8.1s eta 31m25s (total ~1h06m)
epoch 266/500 | loss 1.2349 ce 0.6889 reg 5.4600e-01 | test_acc 0.9230 | lam_1 -0.0000 lam_N 0.3820 lam_N+1 0.7925 gap 0.4105 | t_epoch   8.0s eta 31m17s (total ~1h06m)
epoch 267/500 | loss 1.2361 ce 0.6903 reg 5.4582e-01 | test_acc 0.9250 | lam_1 0.0000 lam_N 0.3685 lam_N+1 0.7899 gap 0.4214 | t_epoch   8.1s eta 31m09s (total ~1h06m)
epoch 268/500 | loss 1.2333 ce 0.6866 reg 5.4671e-01 | test_acc 0.9253 | lam_1 -0.0000 lam_N 0.3743 lam_N+1 0.7919 gap 0.4176 | t_epoch   8.1s eta 31m01s (total ~1h06m)
epoch 269/500 | loss 1.2345 ce 0.6881 reg 5.4634e-01 | test_acc 0.9243 | lam_1 0.0000 lam_N 0.3701 lam_N+1 0.7933 gap 0.4232 | t_epoch   8.1s eta 30m53s (total ~1h06m)
epoch 270/500 | loss 1.2349 ce 0.6887 reg 5.4616e-01 | test_acc 0.9267 | lam_1 0.0000 lam_N 0.3741 lam_N+1 0.7967 gap 0.4227 | t_epoch   8.1s eta 30m45s (total ~1h06m)
epoch 271/500 | loss 1.2339 ce 0.6874 reg 5.4651e-01 | test_acc 0.9173 | lam_1 0.0000 lam_N 0.3738 lam_N+1 0.7937 gap 0.4200 | t_epoch   8.0s eta 30m37s (total ~1h06m)
epoch 272/500 | loss 1.2342 ce 0.6877 reg 5.4649e-01 | test_acc 0.9252 | lam_1 0.0000 lam_N 0.3725 lam_N+1 0.7927 gap 0.4202 | t_epoch   8.0s eta 30m29s (total ~1h06m)
epoch 273/500 | loss 1.2350 ce 0.6889 reg 5.4607e-01 | test_acc 0.9187 | lam_1 -0.0000 lam_N 0.3655 lam_N+1 0.7929 gap 0.4273 | t_epoch   8.1s eta 30m21s (total ~1h06m)
epoch 274/500 | loss 1.2340 ce 0.6874 reg 5.4653e-01 | test_acc 0.9239 | lam_1 0.0000 lam_N 0.3687 lam_N+1 0.7912 gap 0.4226 | t_epoch   8.0s eta 30m13s (total ~1h06m)
epoch 275/500 | loss 1.2333 ce 0.6863 reg 5.4694e-01 | test_acc 0.9221 | lam_1 0.0000 lam_N 0.3735 lam_N+1 0.7912 gap 0.4177 | t_epoch   7.9s eta 30m05s (total ~1h06m)
epoch 276/500 | loss 1.2332 ce 0.6863 reg 5.4683e-01 | test_acc 0.9245 | lam_1 0.0000 lam_N 0.3712 lam_N+1 0.7927 gap 0.4215 | t_epoch   8.1s eta 29m57s (total ~1h06m)
epoch 277/500 | loss 1.2333 ce 0.6864 reg 5.4688e-01 | test_acc 0.9233 | lam_1 0.0000 lam_N 0.3671 lam_N+1 0.7928 gap 0.4257 | t_epoch   8.0s eta 29m49s (total ~1h06m)
epoch 278/500 | loss 1.2337 ce 0.6870 reg 5.4665e-01 | test_acc 0.9221 | lam_1 0.0000 lam_N 0.3604 lam_N+1 0.7886 gap 0.4281 | t_epoch   8.0s eta 29m41s (total ~1h06m)
epoch 279/500 | loss 1.2335 ce 0.6866 reg 5.4689e-01 | test_acc 0.9241 | lam_1 -0.0000 lam_N 0.3614 lam_N+1 0.7905 gap 0.4290 | t_epoch   8.1s eta 29m33s (total ~1h06m)
epoch 280/500 | loss 1.2333 ce 0.6866 reg 5.4668e-01 | test_acc 0.9262 | lam_1 0.0000 lam_N 0.3593 lam_N+1 0.7910 gap 0.4317 | t_epoch   8.1s eta 29m25s (total ~1h06m)
epoch 281/500 | loss 1.2341 ce 0.6875 reg 5.4658e-01 | test_acc 0.9273 | lam_1 -0.0000 lam_N 0.3625 lam_N+1 0.7917 gap 0.4292 | t_epoch   8.0s eta 29m17s (total ~1h06m)
epoch 282/500 | loss 1.2336 ce 0.6870 reg 5.4664e-01 | test_acc 0.9301 | lam_1 0.0000 lam_N 0.3580 lam_N+1 0.7928 gap 0.4348 | t_epoch   8.1s eta 29m09s (total ~1h06m)
epoch 283/500 | loss 1.2324 ce 0.6853 reg 5.4716e-01 | test_acc 0.9245 | lam_1 -0.0000 lam_N 0.3599 lam_N+1 0.7912 gap 0.4313 | t_epoch   8.1s eta 29m01s (total ~1h06m)
epoch 284/500 | loss 1.2333 ce 0.6866 reg 5.4680e-01 | test_acc 0.9249 | lam_1 -0.0000 lam_N 0.3568 lam_N+1 0.7928 gap 0.4360 | t_epoch   8.1s eta 28m53s (total ~1h06m)
epoch 285/500 | loss 1.2332 ce 0.6863 reg 5.4691e-01 | test_acc 0.9277 | lam_1 0.0000 lam_N 0.3560 lam_N+1 0.7899 gap 0.4339 | t_epoch   8.0s eta 28m45s (total ~1h06m)
epoch 286/500 | loss 1.2335 ce 0.6868 reg 5.4668e-01 | test_acc 0.9239 | lam_1 0.0000 lam_N 0.3606 lam_N+1 0.7905 gap 0.4299 | t_epoch   8.0s eta 28m37s (total ~1h06m)
epoch 287/500 | loss 1.2330 ce 0.6863 reg 5.4671e-01 | test_acc 0.9203 | lam_1 0.0000 lam_N 0.3651 lam_N+1 0.7926 gap 0.4275 | t_epoch   8.1s eta 28m29s (total ~1h06m)
epoch 288/500 | loss 1.2325 ce 0.6854 reg 5.4710e-01 | test_acc 0.9223 | lam_1 0.0000 lam_N 0.3628 lam_N+1 0.7925 gap 0.4298 | t_epoch   7.9s eta 28m21s (total ~1h06m)
epoch 289/500 | loss 1.2324 ce 0.6852 reg 5.4724e-01 | test_acc 0.9226 | lam_1 -0.0000 lam_N 0.3560 lam_N+1 0.7899 gap 0.4340 | t_epoch   8.0s eta 28m13s (total ~1h06m)
epoch 290/500 | loss 1.2327 ce 0.6857 reg 5.4703e-01 | test_acc 0.9308 | lam_1 -0.0000 lam_N 0.3571 lam_N+1 0.7913 gap 0.4343 | t_epoch   8.0s eta 28m05s (total ~1h06m)
epoch 291/500 | loss 1.2333 ce 0.6865 reg 5.4675e-01 | test_acc 0.9275 | lam_1 -0.0000 lam_N 0.3528 lam_N+1 0.7931 gap 0.4404 | t_epoch   8.1s eta 27m57s (total ~1h06m)
epoch 292/500 | loss 1.2337 ce 0.6871 reg 5.4660e-01 | test_acc 0.9235 | lam_1 -0.0000 lam_N 0.3498 lam_N+1 0.7893 gap 0.4395 | t_epoch   8.1s eta 27m49s (total ~1h06m)
epoch 293/500 | loss 1.2320 ce 0.6848 reg 5.4729e-01 | test_acc 0.9320 | lam_1 0.0000 lam_N 0.3546 lam_N+1 0.7871 gap 0.4325 | t_epoch   8.0s eta 27m41s (total ~1h06m)
epoch 294/500 | loss 1.2324 ce 0.6852 reg 5.4723e-01 | test_acc 0.9304 | lam_1 0.0000 lam_N 0.3502 lam_N+1 0.7886 gap 0.4384 | t_epoch   8.0s eta 27m33s (total ~1h06m)
epoch 295/500 | loss 1.2329 ce 0.6861 reg 5.4686e-01 | test_acc 0.9276 | lam_1 -0.0000 lam_N 0.3524 lam_N+1 0.7884 gap 0.4359 | t_epoch   8.0s eta 27m25s (total ~1h06m)
epoch 296/500 | loss 1.2326 ce 0.6855 reg 5.4704e-01 | test_acc 0.9297 | lam_1 -0.0000 lam_N 0.3503 lam_N+1 0.7907 gap 0.4405 | t_epoch   8.0s eta 27m17s (total ~1h06m)
epoch 297/500 | loss 1.2320 ce 0.6846 reg 5.4739e-01 | test_acc 0.9251 | lam_1 0.0000 lam_N 0.3442 lam_N+1 0.7871 gap 0.4429 | t_epoch   8.1s eta 27m09s (total ~1h06m)
epoch 298/500 | loss 1.2324 ce 0.6854 reg 5.4704e-01 | test_acc 0.9279 | lam_1 0.0000 lam_N 0.3449 lam_N+1 0.7886 gap 0.4437 | t_epoch   8.0s eta 27m01s (total ~1h06m)
epoch 299/500 | loss 1.2324 ce 0.6854 reg 5.4707e-01 | test_acc 0.9267 | lam_1 0.0000 lam_N 0.3512 lam_N+1 0.7893 gap 0.4381 | t_epoch   8.2s eta 26m53s (total ~1h06m)
epoch 300/500 | loss 1.2327 ce 0.6857 reg 5.4704e-01 | test_acc 0.9284 | lam_1 -0.0000 lam_N 0.3491 lam_N+1 0.7845 gap 0.4354 | t_epoch   8.1s eta 26m45s (total ~1h06m)
epoch 301/500 | loss 1.2324 ce 0.6852 reg 5.4716e-01 | test_acc 0.9144 | lam_1 0.0000 lam_N 0.3411 lam_N+1 0.7860 gap 0.4449 | t_epoch   7.9s eta 26m37s (total ~1h06m)
epoch 302/500 | loss 1.2337 ce 0.6870 reg 5.4669e-01 | test_acc 0.9303 | lam_1 0.0000 lam_N 0.3415 lam_N+1 0.7862 gap 0.4448 | t_epoch   8.1s eta 26m29s (total ~1h06m)
epoch 303/500 | loss 1.2335 ce 0.6868 reg 5.4666e-01 | test_acc 0.9286 | lam_1 0.0000 lam_N 0.3432 lam_N+1 0.7873 gap 0.4441 | t_epoch   8.0s eta 26m20s (total ~1h06m)
epoch 304/500 | loss 1.2326 ce 0.6856 reg 5.4693e-01 | test_acc 0.9312 | lam_1 0.0000 lam_N 0.3433 lam_N+1 0.7859 gap 0.4425 | t_epoch   8.1s eta 26m12s (total ~1h06m)
epoch 305/500 | loss 1.2314 ce 0.6838 reg 5.4755e-01 | test_acc 0.9223 | lam_1 0.0000 lam_N 0.3444 lam_N+1 0.7847 gap 0.4403 | t_epoch   7.9s eta 26m04s (total ~1h06m)
epoch 306/500 | loss 1.2324 ce 0.6853 reg 5.4707e-01 | test_acc 0.9298 | lam_1 0.0000 lam_N 0.3396 lam_N+1 0.7860 gap 0.4463 | t_epoch   7.9s eta 25m56s (total ~1h06m)
epoch 307/500 | loss 1.2316 ce 0.6840 reg 5.4754e-01 | test_acc 0.9202 | lam_1 -0.0000 lam_N 0.3395 lam_N+1 0.7840 gap 0.4445 | t_epoch   8.0s eta 25m48s (total ~1h06m)
epoch 308/500 | loss 1.2318 ce 0.6845 reg 5.4727e-01 | test_acc 0.9197 | lam_1 0.0000 lam_N 0.3374 lam_N+1 0.7873 gap 0.4499 | t_epoch   8.1s eta 25m40s (total ~1h06m)
epoch 309/500 | loss 1.2322 ce 0.6850 reg 5.4716e-01 | test_acc 0.9244 | lam_1 -0.0000 lam_N 0.3394 lam_N+1 0.7890 gap 0.4497 | t_epoch   7.9s eta 25m32s (total ~1h06m)
epoch 310/500 | loss 1.2317 ce 0.6842 reg 5.4743e-01 | test_acc 0.9274 | lam_1 0.0000 lam_N 0.3396 lam_N+1 0.7893 gap 0.4497 | t_epoch   8.0s eta 25m24s (total ~1h06m)
epoch 311/500 | loss 1.2319 ce 0.6847 reg 5.4722e-01 | test_acc 0.9252 | lam_1 -0.0000 lam_N 0.3445 lam_N+1 0.7883 gap 0.4438 | t_epoch   8.0s eta 25m16s (total ~1h06m)
epoch 312/500 | loss 1.2312 ce 0.6836 reg 5.4755e-01 | test_acc 0.9274 | lam_1 -0.0000 lam_N 0.3420 lam_N+1 0.7873 gap 0.4454 | t_epoch   8.0s eta 25m08s (total ~1h06m)
epoch 313/500 | loss 1.2315 ce 0.6841 reg 5.4741e-01 | test_acc 0.9230 | lam_1 0.0000 lam_N 0.3424 lam_N+1 0.7855 gap 0.4430 | t_epoch   8.0s eta 25m00s (total ~1h06m)
epoch 314/500 | loss 1.2319 ce 0.6845 reg 5.4732e-01 | test_acc 0.9301 | lam_1 -0.0000 lam_N 0.3379 lam_N+1 0.7867 gap 0.4488 | t_epoch   8.2s eta 24m52s (total ~1h06m)
epoch 315/500 | loss 1.2322 ce 0.6852 reg 5.4709e-01 | test_acc 0.9240 | lam_1 0.0000 lam_N 0.3418 lam_N+1 0.7865 gap 0.4447 | t_epoch   8.1s eta 24m44s (total ~1h06m)
epoch 316/500 | loss 1.2311 ce 0.6836 reg 5.4749e-01 | test_acc 0.9293 | lam_1 -0.0000 lam_N 0.3398 lam_N+1 0.7879 gap 0.4481 | t_epoch   8.0s eta 24m36s (total ~1h06m)
epoch 317/500 | loss 1.2314 ce 0.6839 reg 5.4746e-01 | test_acc 0.9238 | lam_1 -0.0000 lam_N 0.3355 lam_N+1 0.7850 gap 0.4495 | t_epoch   8.2s eta 24m28s (total ~1h06m)
epoch 318/500 | loss 1.2309 ce 0.6833 reg 5.4765e-01 | test_acc 0.9269 | lam_1 -0.0000 lam_N 0.3322 lam_N+1 0.7825 gap 0.4502 | t_epoch   8.0s eta 24m20s (total ~1h06m)
epoch 319/500 | loss 1.2312 ce 0.6838 reg 5.4739e-01 | test_acc 0.9281 | lam_1 0.0000 lam_N 0.3342 lam_N+1 0.7825 gap 0.4483 | t_epoch   8.1s eta 24m12s (total ~1h06m)
epoch 320/500 | loss 1.2314 ce 0.6839 reg 5.4747e-01 | test_acc 0.9219 | lam_1 0.0000 lam_N 0.3316 lam_N+1 0.7844 gap 0.4528 | t_epoch   8.0s eta 24m04s (total ~1h06m)
