run_dir=results/N2_reg1.0_h1024 device=cuda N=2 hidden_dim=1024 reg_weight=1.0 alpha=2.0 epochs=100
epoch  0 (init)            | first 10 eigs = [0.0000, 0.9777, 0.9793, 0.9798, 0.9803, 0.9808, 0.9812, 0.9814, 0.9819, 0.9823]
epoch   1/100 | loss 2.0050 ce 1.9032 reg 1.0176e-01 | test_acc 0.3594 | lam_1 -0.0000 lam_N 0.8689 lam_N+1 0.9116 gap 0.0427 | t_epoch   6.7s eta 11m01s (total ~11m08s)
epoch   2/100 | loss 1.6685 ce 1.5141 reg 1.5441e-01 | test_acc 0.4100 | lam_1 -0.0000 lam_N 0.7595 lam_N+1 0.9097 gap 0.1502 | t_epoch   6.0s eta 10m22s (total ~10m35s)
epoch   3/100 | loss 1.4873 ce 1.2754 reg 2.1186e-01 | test_acc 0.6004 | lam_1 -0.0000 lam_N 0.6458 lam_N+1 0.8865 gap 0.2406 | t_epoch   6.0s eta 10m05s (total ~10m24s)
epoch   4/100 | loss 1.3462 ce 1.1007 reg 2.4550e-01 | test_acc 0.6342 | lam_1 -0.0000 lam_N 0.5424 lam_N+1 0.8508 gap 0.3084 | t_epoch   6.2s eta 9m58s (total ~10m23s)
epoch   5/100 | loss 1.2358 ce 0.9665 reg 2.6923e-01 | test_acc 0.7172 | lam_1 0.0000 lam_N 0.4600 lam_N+1 0.8184 gap 0.3584 | t_epoch   6.1s eta 9m49s (total ~10m20s)
epoch   6/100 | loss 1.1530 ce 0.8644 reg 2.8861e-01 | test_acc 0.7174 | lam_1 0.0000 lam_N 0.3982 lam_N+1 0.8079 gap 0.4096 | t_epoch   6.0s eta 9m40s (total ~10m17s)
epoch   7/100 | loss 1.0993 ce 0.8007 reg 2.9866e-01 | test_acc 0.7546 | lam_1 0.0000 lam_N 0.3881 lam_N+1 0.8029 gap 0.4148 | t_epoch   6.1s eta 9m32s (total ~10m15s)
epoch   8/100 | loss 1.0565 ce 0.7502 reg 3.0630e-01 | test_acc 0.7960 | lam_1 -0.0000 lam_N 0.3175 lam_N+1 0.7861 gap 0.4686 | t_epoch   6.2s eta 9m27s (total ~10m16s)
epoch   9/100 | loss 1.0094 ce 0.6938 reg 3.1556e-01 | test_acc 0.8011 | lam_1 -0.0000 lam_N 0.3243 lam_N+1 0.7859 gap 0.4616 | t_epoch   6.8s eta 9m27s (total ~10m23s)
epoch  10/100 | loss 0.9844 ce 0.6643 reg 3.2016e-01 | test_acc 0.8277 | lam_1 0.0000 lam_N 0.3164 lam_N+1 0.7889 gap 0.4725 | t_epoch   6.1s eta 9m20s (total ~10m22s)
epoch  11/100 | loss 0.9525 ce 0.6260 reg 3.2646e-01 | test_acc 0.8493 | lam_1 0.0000 lam_N 0.2709 lam_N+1 0.7789 gap 0.5079 | t_epoch   6.3s eta 9m14s (total ~10m22s)
epoch  12/100 | loss 0.9354 ce 0.6062 reg 3.2916e-01 | test_acc 0.8346 | lam_1 0.0000 lam_N 0.2759 lam_N+1 0.7766 gap 0.5006 | t_epoch   6.1s eta 9m07s (total ~10m22s)
epoch  13/100 | loss 0.9140 ce 0.5810 reg 3.3296e-01 | test_acc 0.8461 | lam_1 0.0000 lam_N 0.2605 lam_N+1 0.7745 gap 0.5140 | t_epoch   6.2s eta 9m01s (total ~10m22s)
epoch  14/100 | loss 0.8947 ce 0.5580 reg 3.3673e-01 | test_acc 0.8701 | lam_1 -0.0000 lam_N 0.2571 lam_N+1 0.7725 gap 0.5154 | t_epoch   6.1s eta 8m54s (total ~10m21s)
epoch  15/100 | loss 0.8750 ce 0.5350 reg 3.4009e-01 | test_acc 0.8711 | lam_1 -0.0000 lam_N 0.2878 lam_N+1 0.7800 gap 0.4923 | t_epoch   6.2s eta 8m48s (total ~10m21s)
epoch  16/100 | loss 0.8609 ce 0.5181 reg 3.4285e-01 | test_acc 0.8651 | lam_1 0.0000 lam_N 0.2564 lam_N+1 0.7847 gap 0.5283 | t_epoch   6.2s eta 8m41s (total ~10m21s)
epoch  17/100 | loss 0.8495 ce 0.5046 reg 3.4482e-01 | test_acc 0.8174 | lam_1 0.0000 lam_N 0.2412 lam_N+1 0.7758 gap 0.5346 | t_epoch   6.2s eta 8m35s (total ~10m21s)
epoch  18/100 | loss 0.8354 ce 0.4888 reg 3.4656e-01 | test_acc 0.8646 | lam_1 -0.0000 lam_N 0.2758 lam_N+1 0.7861 gap 0.5103 | t_epoch   6.1s eta 8m29s (total ~10m20s)
epoch  19/100 | loss 0.8217 ce 0.4715 reg 3.5017e-01 | test_acc 0.8794 | lam_1 -0.0000 lam_N 0.2183 lam_N+1 0.7773 gap 0.5590 | t_epoch   6.1s eta 8m22s (total ~10m20s)
epoch  20/100 | loss 0.8157 ce 0.4652 reg 3.5055e-01 | test_acc 0.8807 | lam_1 -0.0000 lam_N 0.2333 lam_N+1 0.7800 gap 0.5467 | t_epoch   6.1s eta 8m15s (total ~10m19s)
epoch  21/100 | loss 0.8072 ce 0.4544 reg 3.5284e-01 | test_acc 0.8851 | lam_1 -0.0000 lam_N 0.2586 lam_N+1 0.7792 gap 0.5206 | t_epoch   6.1s eta 8m09s (total ~10m19s)
epoch  22/100 | loss 0.7958 ce 0.4422 reg 3.5362e-01 | test_acc 0.8842 | lam_1 -0.0000 lam_N 0.2252 lam_N+1 0.7737 gap 0.5485 | t_epoch   6.2s eta 8m03s (total ~10m19s)
epoch  23/100 | loss 0.7865 ce 0.4303 reg 3.5622e-01 | test_acc 0.8796 | lam_1 0.0000 lam_N 0.2217 lam_N+1 0.7695 gap 0.5479 | t_epoch   6.1s eta 7m56s (total ~10m18s)
epoch  24/100 | loss 0.7766 ce 0.4197 reg 3.5696e-01 | test_acc 0.8904 | lam_1 0.0000 lam_N 0.2138 lam_N+1 0.7789 gap 0.5651 | t_epoch   6.2s eta 7m50s (total ~10m19s)
epoch  25/100 | loss 0.7711 ce 0.4126 reg 3.5846e-01 | test_acc 0.8903 | lam_1 -0.0000 lam_N 0.2141 lam_N+1 0.7791 gap 0.5650 | t_epoch   6.1s eta 7m44s (total ~10m18s)
epoch  26/100 | loss 0.7635 ce 0.4037 reg 3.5977e-01 | test_acc 0.8925 | lam_1 0.0000 lam_N 0.2019 lam_N+1 0.7744 gap 0.5724 | t_epoch   6.3s eta 7m38s (total ~10m19s)
epoch  27/100 | loss 0.7572 ce 0.3963 reg 3.6092e-01 | test_acc 0.8902 | lam_1 -0.0000 lam_N 0.2198 lam_N+1 0.7791 gap 0.5593 | t_epoch   6.1s eta 7m31s (total ~10m18s)
epoch  28/100 | loss 0.7514 ce 0.3896 reg 3.6171e-01 | test_acc 0.9023 | lam_1 -0.0000 lam_N 0.2117 lam_N+1 0.7755 gap 0.5638 | t_epoch   6.3s eta 7m25s (total ~10m18s)
epoch  29/100 | loss 0.7451 ce 0.3823 reg 3.6279e-01 | test_acc 0.9008 | lam_1 -0.0000 lam_N 0.1944 lam_N+1 0.7790 gap 0.5847 | t_epoch   6.2s eta 7m19s (total ~10m18s)
epoch  30/100 | loss 0.7386 ce 0.3746 reg 3.6401e-01 | test_acc 0.9011 | lam_1 -0.0000 lam_N 0.2084 lam_N+1 0.7770 gap 0.5686 | t_epoch   6.1s eta 7m13s (total ~10m18s)
epoch  31/100 | loss 0.7400 ce 0.3761 reg 3.6389e-01 | test_acc 0.9051 | lam_1 -0.0000 lam_N 0.1953 lam_N+1 0.7766 gap 0.5812 | t_epoch   6.2s eta 7m06s (total ~10m18s)
epoch  32/100 | loss 0.7313 ce 0.3662 reg 3.6506e-01 | test_acc 0.9015 | lam_1 0.0000 lam_N 0.2027 lam_N+1 0.7711 gap 0.5684 | t_epoch   6.1s eta 7m00s (total ~10m18s)
epoch  33/100 | loss 0.7228 ce 0.3563 reg 3.6646e-01 | test_acc 0.8996 | lam_1 0.0000 lam_N 0.1927 lam_N+1 0.7721 gap 0.5794 | t_epoch   6.1s eta 6m54s (total ~10m18s)
epoch  34/100 | loss 0.7188 ce 0.3518 reg 3.6701e-01 | test_acc 0.9092 | lam_1 0.0000 lam_N 0.1771 lam_N+1 0.7754 gap 0.5983 | t_epoch   6.1s eta 6m48s (total ~10m18s)
epoch  35/100 | loss 0.7152 ce 0.3473 reg 3.6789e-01 | test_acc 0.8989 | lam_1 0.0000 lam_N 0.1940 lam_N+1 0.7714 gap 0.5774 | t_epoch   6.1s eta 6m41s (total ~10m17s)
epoch  36/100 | loss 0.7107 ce 0.3422 reg 3.6849e-01 | test_acc 0.9126 | lam_1 0.0000 lam_N 0.1814 lam_N+1 0.7784 gap 0.5970 | t_epoch   6.2s eta 6m35s (total ~10m17s)
epoch  37/100 | loss 0.7077 ce 0.3384 reg 3.6922e-01 | test_acc 0.8996 | lam_1 -0.0000 lam_N 0.1792 lam_N+1 0.7738 gap 0.5946 | t_epoch   6.2s eta 6m29s (total ~10m17s)
epoch  38/100 | loss 0.7058 ce 0.3365 reg 3.6934e-01 | test_acc 0.9122 | lam_1 0.0000 lam_N 0.1766 lam_N+1 0.7790 gap 0.6024 | t_epoch   6.1s eta 6m23s (total ~10m17s)
epoch  39/100 | loss 0.6956 ce 0.3245 reg 3.7109e-01 | test_acc 0.9121 | lam_1 0.0000 lam_N 0.1739 lam_N+1 0.7727 gap 0.5988 | t_epoch   6.1s eta 6m16s (total ~10m17s)
epoch  40/100 | loss 0.6955 ce 0.3243 reg 3.7111e-01 | test_acc 0.9160 | lam_1 0.0000 lam_N 0.1725 lam_N+1 0.7718 gap 0.5993 | t_epoch   6.1s eta 6m10s (total ~10m17s)
epoch  41/100 | loss 0.6922 ce 0.3205 reg 3.7178e-01 | test_acc 0.9151 | lam_1 0.0000 lam_N 0.1609 lam_N+1 0.7753 gap 0.6144 | t_epoch   6.3s eta 6m04s (total ~10m17s)
epoch  42/100 | loss 0.6911 ce 0.3199 reg 3.7121e-01 | test_acc 0.9109 | lam_1 0.0000 lam_N 0.1552 lam_N+1 0.7740 gap 0.6188 | t_epoch   6.1s eta 5m58s (total ~10m17s)
epoch  43/100 | loss 0.6843 ce 0.3117 reg 3.7261e-01 | test_acc 0.9093 | lam_1 -0.0000 lam_N 0.1539 lam_N+1 0.7702 gap 0.6163 | t_epoch   6.1s eta 5m52s (total ~10m17s)
epoch  44/100 | loss 0.6841 ce 0.3110 reg 3.7308e-01 | test_acc 0.9161 | lam_1 -0.0000 lam_N 0.1657 lam_N+1 0.7687 gap 0.6030 | t_epoch   6.1s eta 5m45s (total ~10m17s)
epoch  45/100 | loss 0.6806 ce 0.3073 reg 3.7325e-01 | test_acc 0.9168 | lam_1 -0.0000 lam_N 0.1531 lam_N+1 0.7623 gap 0.6092 | t_epoch   6.2s eta 5m39s (total ~10m17s)
epoch  46/100 | loss 0.6752 ce 0.3010 reg 3.7423e-01 | test_acc 0.9116 | lam_1 -0.0000 lam_N 0.1519 lam_N+1 0.7675 gap 0.6156 | t_epoch   6.3s eta 5m33s (total ~10m17s)
epoch  47/100 | loss 0.6764 ce 0.3023 reg 3.7411e-01 | test_acc 0.9166 | lam_1 -0.0000 lam_N 0.1448 lam_N+1 0.7698 gap 0.6250 | t_epoch   6.1s eta 5m27s (total ~10m17s)
epoch  48/100 | loss 0.6691 ce 0.2942 reg 3.7495e-01 | test_acc 0.9098 | lam_1 -0.0000 lam_N 0.1620 lam_N+1 0.7629 gap 0.6009 | t_epoch   6.1s eta 5m21s (total ~10m17s)
epoch  49/100 | loss 0.6692 ce 0.2941 reg 3.7512e-01 | test_acc 0.9195 | lam_1 0.0000 lam_N 0.1371 lam_N+1 0.7691 gap 0.6320 | t_epoch   6.1s eta 5m14s (total ~10m17s)
epoch  50/100 | loss 0.6688 ce 0.2936 reg 3.7512e-01 | test_acc 0.9185 | lam_1 -0.0000 lam_N 0.1400 lam_N+1 0.7649 gap 0.6249 | t_epoch   6.1s eta 5m08s (total ~10m17s)
epoch  51/100 | loss 0.6652 ce 0.2899 reg 3.7526e-01 | test_acc 0.9114 | lam_1 0.0000 lam_N 0.1455 lam_N+1 0.7675 gap 0.6220 | t_epoch   6.1s eta 5m02s (total ~10m17s)
epoch  52/100 | loss 0.6645 ce 0.2889 reg 3.7557e-01 | test_acc 0.9153 | lam_1 0.0000 lam_N 0.1295 lam_N+1 0.7638 gap 0.6343 | t_epoch   6.3s eta 4m56s (total ~10m17s)
epoch  53/100 | loss 0.6596 ce 0.2830 reg 3.7659e-01 | test_acc 0.9217 | lam_1 0.0000 lam_N 0.1407 lam_N+1 0.7615 gap 0.6207 | t_epoch   6.1s eta 4m50s (total ~10m17s)
epoch  54/100 | loss 0.6591 ce 0.2829 reg 3.7627e-01 | test_acc 0.9199 | lam_1 -0.0000 lam_N 0.1327 lam_N+1 0.7603 gap 0.6276 | t_epoch   6.2s eta 4m44s (total ~10m17s)
epoch  55/100 | loss 0.6564 ce 0.2796 reg 3.7685e-01 | test_acc 0.9199 | lam_1 -0.0000 lam_N 0.1296 lam_N+1 0.7587 gap 0.6292 | t_epoch   6.1s eta 4m37s (total ~10m17s)
epoch  56/100 | loss 0.6559 ce 0.2791 reg 3.7685e-01 | test_acc 0.9231 | lam_1 -0.0000 lam_N 0.1063 lam_N+1 0.7513 gap 0.6450 | t_epoch   6.2s eta 4m31s (total ~10m17s)
epoch  57/100 | loss 0.6538 ce 0.2767 reg 3.7711e-01 | test_acc 0.9172 | lam_1 0.0000 lam_N 0.1206 lam_N+1 0.7547 gap 0.6341 | t_epoch   6.1s eta 4m25s (total ~10m17s)
epoch  58/100 | loss 0.6530 ce 0.2758 reg 3.7715e-01 | test_acc 0.9190 | lam_1 0.0000 lam_N 0.1170 lam_N+1 0.7575 gap 0.6406 | t_epoch   6.1s eta 4m19s (total ~10m17s)
epoch  59/100 | loss 0.6533 ce 0.2764 reg 3.7697e-01 | test_acc 0.9173 | lam_1 0.0000 lam_N 0.1146 lam_N+1 0.7597 gap 0.6451 | t_epoch   6.2s eta 4m13s (total ~10m17s)
epoch  60/100 | loss 0.6508 ce 0.2731 reg 3.7772e-01 | test_acc 0.9177 | lam_1 -0.0000 lam_N 0.1142 lam_N+1 0.7590 gap 0.6447 | t_epoch   6.2s eta 4m06s (total ~10m17s)
epoch  61/100 | loss 0.6465 ce 0.2682 reg 3.7822e-01 | test_acc 0.9239 | lam_1 -0.0000 lam_N 0.1164 lam_N+1 0.7632 gap 0.6468 | t_epoch   6.1s eta 4m00s (total ~10m17s)
epoch  62/100 | loss 0.6447 ce 0.2662 reg 3.7852e-01 | test_acc 0.9211 | lam_1 -0.0000 lam_N 0.1072 lam_N+1 0.7552 gap 0.6479 | t_epoch   6.1s eta 3m54s (total ~10m16s)
epoch  63/100 | loss 0.6457 ce 0.2674 reg 3.7829e-01 | test_acc 0.9269 | lam_1 0.0000 lam_N 0.1265 lam_N+1 0.7540 gap 0.6275 | t_epoch   6.2s eta 3m48s (total ~10m17s)
epoch  64/100 | loss 0.6474 ce 0.2696 reg 3.7783e-01 | test_acc 0.9234 | lam_1 -0.0000 lam_N 0.1097 lam_N+1 0.7555 gap 0.6458 | t_epoch   6.3s eta 3m42s (total ~10m17s)
epoch  65/100 | loss 0.6464 ce 0.2682 reg 3.7817e-01 | test_acc 0.9200 | lam_1 0.0000 lam_N 0.0929 lam_N+1 0.7499 gap 0.6570 | t_epoch   6.1s eta 3m35s (total ~10m17s)
epoch  66/100 | loss 0.6428 ce 0.2640 reg 3.7874e-01 | test_acc 0.9281 | lam_1 -0.0000 lam_N 0.1105 lam_N+1 0.7526 gap 0.6421 | t_epoch   6.1s eta 3m29s (total ~10m16s)
epoch  67/100 | loss 0.6417 ce 0.2633 reg 3.7845e-01 | test_acc 0.9203 | lam_1 -0.0000 lam_N 0.0912 lam_N+1 0.7554 gap 0.6642 | t_epoch   6.1s eta 3m23s (total ~10m16s)
epoch  68/100 | loss 0.6423 ce 0.2637 reg 3.7861e-01 | test_acc 0.9237 | lam_1 0.0000 lam_N 0.0971 lam_N+1 0.7517 gap 0.6546 | t_epoch   6.1s eta 3m17s (total ~10m16s)
epoch  69/100 | loss 0.6420 ce 0.2634 reg 3.7868e-01 | test_acc 0.9248 | lam_1 0.0000 lam_N 0.0975 lam_N+1 0.7530 gap 0.6555 | t_epoch   6.1s eta 3m11s (total ~10m16s)
epoch  70/100 | loss 0.6392 ce 0.2601 reg 3.7910e-01 | test_acc 0.9246 | lam_1 -0.0000 lam_N 0.1067 lam_N+1 0.7539 gap 0.6472 | t_epoch   6.2s eta 3m05s (total ~10m16s)
epoch  71/100 | loss 0.6392 ce 0.2602 reg 3.7903e-01 | test_acc 0.9267 | lam_1 0.0000 lam_N 0.0828 lam_N+1 0.7485 gap 0.6657 | t_epoch   6.1s eta 2m58s (total ~10m16s)
epoch  72/100 | loss 0.6390 ce 0.2601 reg 3.7891e-01 | test_acc 0.9229 | lam_1 -0.0000 lam_N 0.0818 lam_N+1 0.7498 gap 0.6680 | t_epoch   6.1s eta 2m52s (total ~10m16s)
epoch  73/100 | loss 0.6372 ce 0.2579 reg 3.7935e-01 | test_acc 0.9244 | lam_1 0.0000 lam_N 0.0797 lam_N+1 0.7475 gap 0.6679 | t_epoch   6.2s eta 2m46s (total ~10m16s)
epoch  74/100 | loss 0.6369 ce 0.2576 reg 3.7924e-01 | test_acc 0.9226 | lam_1 -0.0000 lam_N 0.0789 lam_N+1 0.7538 gap 0.6749 | t_epoch   6.2s eta 2m40s (total ~10m16s)
epoch  75/100 | loss 0.6365 ce 0.2571 reg 3.7943e-01 | test_acc 0.9269 | lam_1 0.0000 lam_N 0.0824 lam_N+1 0.7508 gap 0.6684 | t_epoch   6.1s eta 2m34s (total ~10m16s)
epoch  76/100 | loss 0.6363 ce 0.2569 reg 3.7939e-01 | test_acc 0.9195 | lam_1 0.0000 lam_N 0.0763 lam_N+1 0.7478 gap 0.6715 | t_epoch   6.1s eta 2m27s (total ~10m16s)
epoch  77/100 | loss 0.6358 ce 0.2562 reg 3.7953e-01 | test_acc 0.9245 | lam_1 0.0000 lam_N 0.0695 lam_N+1 0.7501 gap 0.6806 | t_epoch   6.1s eta 2m21s (total ~10m16s)
epoch  78/100 | loss 0.6348 ce 0.2553 reg 3.7954e-01 | test_acc 0.9290 | lam_1 0.0000 lam_N 0.0673 lam_N+1 0.7482 gap 0.6809 | t_epoch   6.1s eta 2m15s (total ~10m16s)
epoch  79/100 | loss 0.6356 ce 0.2561 reg 3.7947e-01 | test_acc 0.9245 | lam_1 0.0000 lam_N 0.0645 lam_N+1 0.7490 gap 0.6844 | t_epoch   6.1s eta 2m09s (total ~10m16s)
epoch  80/100 | loss 0.6340 ce 0.2544 reg 3.7961e-01 | test_acc 0.9242 | lam_1 -0.0000 lam_N 0.0686 lam_N+1 0.7474 gap 0.6788 | t_epoch   6.1s eta 2m03s (total ~10m16s)
epoch  81/100 | loss 0.6336 ce 0.2537 reg 3.7988e-01 | test_acc 0.9270 | lam_1 -0.0000 lam_N 0.0694 lam_N+1 0.7486 gap 0.6792 | t_epoch   6.1s eta 1m57s (total ~10m16s)
epoch  82/100 | loss 0.6336 ce 0.2538 reg 3.7979e-01 | test_acc 0.9274 | lam_1 -0.0000 lam_N 0.0607 lam_N+1 0.7424 gap 0.6817 | t_epoch   6.1s eta 1m50s (total ~10m16s)
epoch  83/100 | loss 0.6332 ce 0.2535 reg 3.7966e-01 | test_acc 0.9241 | lam_1 -0.0000 lam_N 0.0502 lam_N+1 0.7462 gap 0.6959 | t_epoch   6.2s eta 1m44s (total ~10m16s)
epoch  84/100 | loss 0.6335 ce 0.2539 reg 3.7958e-01 | test_acc 0.9306 | lam_1 -0.0000 lam_N 0.0602 lam_N+1 0.7462 gap 0.6860 | t_epoch   6.1s eta 1m38s (total ~10m16s)
epoch  85/100 | loss 0.6328 ce 0.2529 reg 3.7990e-01 | test_acc 0.9309 | lam_1 -0.0000 lam_N 0.0513 lam_N+1 0.7431 gap 0.6918 | t_epoch   6.1s eta 1m32s (total ~10m16s)
epoch  86/100 | loss 0.6327 ce 0.2529 reg 3.7976e-01 | test_acc 0.9325 | lam_1 -0.0000 lam_N 0.0540 lam_N+1 0.7435 gap 0.6895 | t_epoch   6.1s eta 1m26s (total ~10m15s)
epoch  87/100 | loss 0.6324 ce 0.2525 reg 3.7987e-01 | test_acc 0.9317 | lam_1 -0.0000 lam_N 0.0473 lam_N+1 0.7449 gap 0.6975 | t_epoch   6.2s eta 1m20s (total ~10m16s)
epoch  88/100 | loss 0.6334 ce 0.2538 reg 3.7954e-01 | test_acc 0.9264 | lam_1 -0.0000 lam_N 0.0402 lam_N+1 0.7438 gap 0.7035 | t_epoch   6.2s eta 1m13s (total ~10m16s)
epoch  89/100 | loss 0.6327 ce 0.2530 reg 3.7965e-01 | test_acc 0.9291 | lam_1 0.0000 lam_N 0.0396 lam_N+1 0.7422 gap 0.7026 | t_epoch   6.2s eta 1m07s (total ~10m16s)
epoch  90/100 | loss 0.6325 ce 0.2527 reg 3.7982e-01 | test_acc 0.9280 | lam_1 -0.0000 lam_N 0.0344 lam_N+1 0.7430 gap 0.7086 | t_epoch   6.1s eta 1m01s (total ~10m15s)
epoch  91/100 | loss 0.6320 ce 0.2520 reg 3.7994e-01 | test_acc 0.9225 | lam_1 0.0000 lam_N 0.0317 lam_N+1 0.7428 gap 0.7111 | t_epoch   6.1s eta 55s (total ~10m15s)
epoch  92/100 | loss 0.6319 ce 0.2520 reg 3.7986e-01 | test_acc 0.9253 | lam_1 0.0000 lam_N 0.0324 lam_N+1 0.7430 gap 0.7106 | t_epoch   6.1s eta 49s (total ~10m15s)
epoch  93/100 | loss 0.6322 ce 0.2524 reg 3.7985e-01 | test_acc 0.9282 | lam_1 0.0000 lam_N 0.0337 lam_N+1 0.7420 gap 0.7082 | t_epoch   6.1s eta 43s (total ~10m15s)
epoch  94/100 | loss 0.6326 ce 0.2528 reg 3.7976e-01 | test_acc 0.9274 | lam_1 -0.0000 lam_N 0.0328 lam_N+1 0.7423 gap 0.7095 | t_epoch   6.2s eta 36s (total ~10m15s)
epoch  95/100 | loss 0.6321 ce 0.2524 reg 3.7968e-01 | test_acc 0.9296 | lam_1 -0.0000 lam_N 0.0292 lam_N+1 0.7417 gap 0.7125 | t_epoch   6.1s eta 30s (total ~10m15s)
epoch  96/100 | loss 0.6324 ce 0.2527 reg 3.7971e-01 | test_acc 0.9282 | lam_1 -0.0000 lam_N 0.0287 lam_N+1 0.7417 gap 0.7130 | t_epoch   6.1s eta 24s (total ~10m15s)
epoch  97/100 | loss 0.6316 ce 0.2519 reg 3.7969e-01 | test_acc 0.9297 | lam_1 0.0000 lam_N 0.0274 lam_N+1 0.7417 gap 0.7143 | t_epoch   6.1s eta 18s (total ~10m15s)
epoch  98/100 | loss 0.6318 ce 0.2517 reg 3.8015e-01 | test_acc 0.9303 | lam_1 -0.0000 lam_N 0.0271 lam_N+1 0.7416 gap 0.7145 | t_epoch   6.3s eta 12s (total ~10m15s)
epoch  99/100 | loss 0.6316 ce 0.2521 reg 3.7944e-01 | test_acc 0.9241 | lam_1 -0.0000 lam_N 0.0270 lam_N+1 0.7416 gap 0.7146 | t_epoch   6.2s eta 6s (total ~10m15s)
epoch 100/100 | loss 0.6318 ce 0.2516 reg 3.8021e-01 | test_acc 0.9281 | lam_1 -0.0000 lam_N 0.0269 lam_N+1 0.7416 gap 0.7147 | t_epoch   6.2s eta 0s (total ~10m15s)
training complete in 10m15s (mean 6.2s/epoch over 100 epochs)
saved metrics + weights + plots to results/N2_reg1.0_h1024
