run_dir=results/N8_reg1.0_h4096 device=cuda N=8 hidden_dim=4096 reg_weight=1.0 alpha=2.0 epochs=100
epoch  0 (init)            | first 10 eigs = [0.0000, 0.9947, 0.9947, 0.9948, 0.9948, 0.9949, 0.9949, 0.9950, 0.9950, 0.9950]
epoch   1/100 | loss 3.5815 ce 2.3411 reg 1.2404e+00 | test_acc 0.0993 | lam_1 -0.0000 lam_N 0.9919 lam_N+1 0.9920 gap 0.0002 | t_epoch  12.9s eta 21m12s (total ~21m25s)
epoch   2/100 | loss 2.3147 ce 2.3043 reg 1.0390e-02 | test_acc 0.1003 | lam_1 0.0000 lam_N 0.9913 lam_N+1 0.9916 gap 0.0003 | t_epoch  12.2s eta 20m27s (total ~20m52s)
epoch   3/100 | loss 2.3081 ce 2.3037 reg 4.3551e-03 | test_acc 0.1000 | lam_1 0.0000 lam_N 0.9903 lam_N+1 0.9909 gap 0.0006 | t_epoch  12.2s eta 20m04s (total ~20m42s)
epoch   4/100 | loss 2.3090 ce 2.3032 reg 5.8287e-03 | test_acc 0.0961 | lam_1 -0.0000 lam_N 0.9894 lam_N+1 0.9895 gap 0.0001 | t_epoch  12.2s eta 19m47s (total ~20m37s)
epoch   5/100 | loss 2.2997 ce 2.2954 reg 4.3444e-03 | test_acc 0.1392 | lam_1 0.0000 lam_N 0.9851 lam_N+1 0.9853 gap 0.0002 | t_epoch  12.2s eta 19m33s (total ~20m34s)
epoch   6/100 | loss 2.2627 ce 2.2336 reg 2.9126e-02 | test_acc 0.1687 | lam_1 0.0000 lam_N 0.9796 lam_N+1 0.9809 gap 0.0013 | t_epoch  12.2s eta 19m18s (total ~20m32s)
epoch   7/100 | loss 2.2179 ce 2.1627 reg 5.5107e-02 | test_acc 0.1886 | lam_1 0.0000 lam_N 0.9775 lam_N+1 0.9804 gap 0.0029 | t_epoch  12.2s eta 19m04s (total ~20m31s)
epoch   8/100 | loss 2.1908 ce 2.1219 reg 6.8893e-02 | test_acc 0.1843 | lam_1 -0.0000 lam_N 0.9748 lam_N+1 0.9833 gap 0.0084 | t_epoch  12.2s eta 18m51s (total ~20m29s)
epoch   9/100 | loss 2.1771 ce 2.1032 reg 7.3877e-02 | test_acc 0.1835 | lam_1 -0.0000 lam_N 0.9714 lam_N+1 0.9829 gap 0.0115 | t_epoch  12.2s eta 18m38s (total ~20m29s)
epoch  10/100 | loss 2.1590 ce 2.0797 reg 7.9333e-02 | test_acc 0.1841 | lam_1 0.0000 lam_N 0.9675 lam_N+1 0.9851 gap 0.0177 | t_epoch  12.2s eta 18m25s (total ~20m28s)
epoch  11/100 | loss 2.1416 ce 2.0558 reg 8.5794e-02 | test_acc 0.1851 | lam_1 -0.0000 lam_N 0.9608 lam_N+1 0.9859 gap 0.0252 | t_epoch  12.2s eta 18m12s (total ~20m28s)
epoch  12/100 | loss 2.1338 ce 2.0449 reg 8.8900e-02 | test_acc 0.1835 | lam_1 -0.0000 lam_N 0.9538 lam_N+1 0.9811 gap 0.0273 | t_epoch  12.3s eta 18m00s (total ~20m28s)
epoch  13/100 | loss 2.1140 ce 2.0235 reg 9.0515e-02 | test_acc 0.1872 | lam_1 -0.0000 lam_N 0.9482 lam_N+1 0.9846 gap 0.0364 | t_epoch  12.3s eta 17m48s (total ~20m28s)
epoch  14/100 | loss 2.0921 ce 1.9959 reg 9.6201e-02 | test_acc 0.1947 | lam_1 0.0000 lam_N 0.9404 lam_N+1 0.9903 gap 0.0499 | t_epoch  12.3s eta 17m36s (total ~20m28s)
epoch  15/100 | loss 2.0749 ce 1.9743 reg 1.0057e-01 | test_acc 0.1932 | lam_1 -0.0000 lam_N 0.9331 lam_N+1 0.9900 gap 0.0569 | t_epoch  12.3s eta 17m23s (total ~20m28s)
epoch  16/100 | loss 2.0647 ce 1.9629 reg 1.0177e-01 | test_acc 0.1922 | lam_1 -0.0000 lam_N 0.9265 lam_N+1 0.9882 gap 0.0618 | t_epoch  12.3s eta 17m11s (total ~20m28s)
epoch  17/100 | loss 2.0585 ce 1.9560 reg 1.0259e-01 | test_acc 0.1924 | lam_1 -0.0000 lam_N 0.9196 lam_N+1 0.9851 gap 0.0655 | t_epoch  12.2s eta 16m59s (total ~20m27s)
epoch  18/100 | loss 2.0449 ce 1.9412 reg 1.0374e-01 | test_acc 0.1999 | lam_1 0.0000 lam_N 0.9119 lam_N+1 0.9871 gap 0.0752 | t_epoch  12.2s eta 16m46s (total ~20m27s)
epoch  19/100 | loss 2.1008 ce 1.9908 reg 1.1001e-01 | test_acc 0.1339 | lam_1 -0.0000 lam_N 0.9096 lam_N+1 0.9895 gap 0.0798 | t_epoch  12.3s eta 16m34s (total ~20m27s)
epoch  20/100 | loss 2.1130 ce 2.0254 reg 8.7614e-02 | test_acc 0.1920 | lam_1 -0.0000 lam_N 0.8971 lam_N+1 0.9896 gap 0.0925 | t_epoch  12.2s eta 16m21s (total ~20m27s)
epoch  21/100 | loss 2.0703 ce 1.9771 reg 9.3222e-02 | test_acc 0.1928 | lam_1 -0.0000 lam_N 0.8840 lam_N+1 0.9862 gap 0.1022 | t_epoch  12.2s eta 16m09s (total ~20m26s)
epoch  22/100 | loss 2.0510 ce 1.9546 reg 9.6445e-02 | test_acc 0.2009 | lam_1 0.0000 lam_N 0.8731 lam_N+1 0.9884 gap 0.1153 | t_epoch  12.3s eta 15m57s (total ~20m27s)
epoch  23/100 | loss 2.0399 ce 1.9407 reg 9.9249e-02 | test_acc 0.2060 | lam_1 0.0000 lam_N 0.8647 lam_N+1 0.9891 gap 0.1245 | t_epoch  12.4s eta 15m45s (total ~20m27s)
epoch  24/100 | loss 2.0328 ce 1.9327 reg 1.0016e-01 | test_acc 0.1966 | lam_1 -0.0000 lam_N 0.8590 lam_N+1 0.9863 gap 0.1273 | t_epoch  12.3s eta 15m33s (total ~20m27s)
epoch  25/100 | loss 2.0254 ce 1.9233 reg 1.0215e-01 | test_acc 0.2053 | lam_1 -0.0000 lam_N 0.8515 lam_N+1 0.9859 gap 0.1344 | t_epoch  12.3s eta 15m20s (total ~20m27s)
epoch  26/100 | loss 2.0151 ce 1.9099 reg 1.0518e-01 | test_acc 0.2042 | lam_1 0.0000 lam_N 0.8496 lam_N+1 0.9857 gap 0.1362 | t_epoch  12.2s eta 15m08s (total ~20m27s)
epoch  27/100 | loss 2.0136 ce 1.9070 reg 1.0654e-01 | test_acc 0.2158 | lam_1 0.0000 lam_N 0.8512 lam_N+1 0.9867 gap 0.1354 | t_epoch  12.2s eta 14m56s (total ~20m27s)
epoch  28/100 | loss 2.0051 ce 1.8922 reg 1.1284e-01 | test_acc 0.2500 | lam_1 0.0000 lam_N 0.8724 lam_N+1 0.9872 gap 0.1147 | t_epoch  12.3s eta 14m43s (total ~20m27s)
epoch  29/100 | loss 1.9854 ce 1.8568 reg 1.2864e-01 | test_acc 0.2600 | lam_1 -0.0000 lam_N 0.9032 lam_N+1 0.9845 gap 0.0813 | t_epoch  12.2s eta 14m31s (total ~20m27s)
epoch  30/100 | loss 1.9722 ce 1.8313 reg 1.4090e-01 | test_acc 0.2779 | lam_1 -0.0000 lam_N 0.9162 lam_N+1 0.9798 gap 0.0635 | t_epoch  12.2s eta 14m19s (total ~20m27s)
epoch  31/100 | loss 1.9616 ce 1.8147 reg 1.4689e-01 | test_acc 0.2669 | lam_1 0.0000 lam_N 0.9211 lam_N+1 0.9772 gap 0.0561 | t_epoch  12.2s eta 14m06s (total ~20m27s)
epoch  32/100 | loss 1.9491 ce 1.7974 reg 1.5170e-01 | test_acc 0.2702 | lam_1 -0.0000 lam_N 0.9203 lam_N+1 0.9759 gap 0.0556 | t_epoch  12.3s eta 13m54s (total ~20m27s)
epoch  33/100 | loss 1.9430 ce 1.7908 reg 1.5225e-01 | test_acc 0.2966 | lam_1 -0.0000 lam_N 0.9180 lam_N+1 0.9757 gap 0.0576 | t_epoch  12.3s eta 13m42s (total ~20m27s)
epoch  34/100 | loss 1.9353 ce 1.7808 reg 1.5444e-01 | test_acc 0.2753 | lam_1 0.0000 lam_N 0.9144 lam_N+1 0.9753 gap 0.0609 | t_epoch  12.4s eta 13m30s (total ~20m27s)
epoch  35/100 | loss 1.9281 ce 1.7710 reg 1.5710e-01 | test_acc 0.2852 | lam_1 -0.0000 lam_N 0.9101 lam_N+1 0.9759 gap 0.0659 | t_epoch  12.2s eta 13m17s (total ~20m27s)
epoch  36/100 | loss 1.9152 ce 1.7553 reg 1.5992e-01 | test_acc 0.2919 | lam_1 -0.0000 lam_N 0.9062 lam_N+1 0.9765 gap 0.0703 | t_epoch  12.3s eta 13m05s (total ~20m27s)
epoch  37/100 | loss 1.9110 ce 1.7506 reg 1.6049e-01 | test_acc 0.2850 | lam_1 0.0000 lam_N 0.9022 lam_N+1 0.9771 gap 0.0750 | t_epoch  12.3s eta 12m53s (total ~20m27s)
epoch  38/100 | loss 1.9103 ce 1.7493 reg 1.6100e-01 | test_acc 0.2982 | lam_1 -0.0000 lam_N 0.8951 lam_N+1 0.9775 gap 0.0824 | t_epoch  12.3s eta 12m41s (total ~20m27s)
epoch  39/100 | loss 1.8986 ce 1.7357 reg 1.6287e-01 | test_acc 0.2953 | lam_1 0.0000 lam_N 0.8878 lam_N+1 0.9771 gap 0.0893 | t_epoch  12.3s eta 12m28s (total ~20m27s)
epoch  40/100 | loss 1.8917 ce 1.7280 reg 1.6375e-01 | test_acc 0.2967 | lam_1 -0.0000 lam_N 0.8813 lam_N+1 0.9766 gap 0.0953 | t_epoch  12.3s eta 12m16s (total ~20m27s)
epoch  41/100 | loss 1.8826 ce 1.7173 reg 1.6535e-01 | test_acc 0.3007 | lam_1 0.0000 lam_N 0.8732 lam_N+1 0.9753 gap 0.1021 | t_epoch  12.2s eta 12m04s (total ~20m27s)
epoch  42/100 | loss 1.8804 ce 1.7150 reg 1.6535e-01 | test_acc 0.2976 | lam_1 -0.0000 lam_N 0.8665 lam_N+1 0.9737 gap 0.1073 | t_epoch  12.2s eta 11m51s (total ~20m27s)
epoch  43/100 | loss 1.8722 ce 1.7043 reg 1.6784e-01 | test_acc 0.3095 | lam_1 -0.0000 lam_N 0.8603 lam_N+1 0.9721 gap 0.1118 | t_epoch  12.2s eta 11m39s (total ~20m27s)
epoch  44/100 | loss 1.8665 ce 1.6969 reg 1.6962e-01 | test_acc 0.3048 | lam_1 0.0000 lam_N 0.8548 lam_N+1 0.9700 gap 0.1153 | t_epoch  12.3s eta 11m27s (total ~20m27s)
epoch  45/100 | loss 1.8605 ce 1.6879 reg 1.7258e-01 | test_acc 0.3287 | lam_1 0.0000 lam_N 0.8462 lam_N+1 0.9672 gap 0.1210 | t_epoch  12.3s eta 11m14s (total ~20m27s)
epoch  46/100 | loss 1.8523 ce 1.6751 reg 1.7716e-01 | test_acc 0.3441 | lam_1 0.0000 lam_N 0.8456 lam_N+1 0.9658 gap 0.1201 | t_epoch  12.3s eta 11m02s (total ~20m27s)
epoch  47/100 | loss 1.8477 ce 1.6663 reg 1.8135e-01 | test_acc 0.3538 | lam_1 -0.0000 lam_N 0.8440 lam_N+1 0.9636 gap 0.1196 | t_epoch  12.2s eta 10m50s (total ~20m27s)
epoch  48/100 | loss 1.8367 ce 1.6488 reg 1.8790e-01 | test_acc 0.3679 | lam_1 0.0000 lam_N 0.8422 lam_N+1 0.9626 gap 0.1204 | t_epoch  12.3s eta 10m38s (total ~20m27s)
epoch  49/100 | loss 1.8345 ce 1.6443 reg 1.9016e-01 | test_acc 0.3741 | lam_1 0.0000 lam_N 0.8394 lam_N+1 0.9599 gap 0.1205 | t_epoch  12.3s eta 10m25s (total ~20m27s)
epoch  50/100 | loss 1.8246 ce 1.6301 reg 1.9451e-01 | test_acc 0.3811 | lam_1 -0.0000 lam_N 0.8394 lam_N+1 0.9568 gap 0.1173 | t_epoch  12.3s eta 10m13s (total ~20m27s)
epoch  51/100 | loss 1.8169 ce 1.6200 reg 1.9688e-01 | test_acc 0.3811 | lam_1 0.0000 lam_N 0.8361 lam_N+1 0.9551 gap 0.1190 | t_epoch  12.2s eta 10m01s (total ~20m27s)
epoch  52/100 | loss 1.8125 ce 1.6128 reg 1.9977e-01 | test_acc 0.3974 | lam_1 -0.0000 lam_N 0.8314 lam_N+1 0.9530 gap 0.1216 | t_epoch  12.3s eta 9m49s (total ~20m27s)
epoch  53/100 | loss 1.8041 ce 1.6008 reg 2.0327e-01 | test_acc 0.3938 | lam_1 0.0000 lam_N 0.8264 lam_N+1 0.9512 gap 0.1248 | t_epoch  12.3s eta 9m36s (total ~20m27s)
epoch  54/100 | loss 1.8048 ce 1.6018 reg 2.0302e-01 | test_acc 0.3998 | lam_1 0.0000 lam_N 0.8219 lam_N+1 0.9502 gap 0.1283 | t_epoch  12.3s eta 9m24s (total ~20m27s)
epoch  55/100 | loss 1.7919 ce 1.5841 reg 2.0786e-01 | test_acc 0.4089 | lam_1 -0.0000 lam_N 0.8166 lam_N+1 0.9500 gap 0.1335 | t_epoch  12.3s eta 9m12s (total ~20m27s)
epoch  56/100 | loss 1.7864 ce 1.5737 reg 2.1269e-01 | test_acc 0.4290 | lam_1 0.0000 lam_N 0.8087 lam_N+1 0.9497 gap 0.1411 | t_epoch  12.3s eta 8m59s (total ~20m27s)
epoch  57/100 | loss 1.7826 ce 1.5670 reg 2.1565e-01 | test_acc 0.4450 | lam_1 -0.0000 lam_N 0.8039 lam_N+1 0.9511 gap 0.1473 | t_epoch  12.3s eta 8m47s (total ~20m27s)
epoch  58/100 | loss 1.7757 ce 1.5553 reg 2.2041e-01 | test_acc 0.4735 | lam_1 -0.0000 lam_N 0.7978 lam_N+1 0.9544 gap 0.1566 | t_epoch  12.3s eta 8m35s (total ~20m27s)
epoch  59/100 | loss 1.7734 ce 1.5471 reg 2.2630e-01 | test_acc 0.5024 | lam_1 0.0000 lam_N 0.7964 lam_N+1 0.9556 gap 0.1593 | t_epoch  12.3s eta 8m23s (total ~20m27s)
epoch  60/100 | loss 1.7563 ce 1.5199 reg 2.3641e-01 | test_acc 0.4988 | lam_1 0.0000 lam_N 0.7959 lam_N+1 0.9555 gap 0.1596 | t_epoch  12.2s eta 8m10s (total ~20m27s)
epoch  61/100 | loss 1.7458 ce 1.5008 reg 2.4508e-01 | test_acc 0.4955 | lam_1 -0.0000 lam_N 0.7937 lam_N+1 0.9549 gap 0.1612 | t_epoch  12.3s eta 7m58s (total ~20m27s)
epoch  62/100 | loss 1.7387 ce 1.4871 reg 2.5158e-01 | test_acc 0.5357 | lam_1 -0.0000 lam_N 0.7909 lam_N+1 0.9529 gap 0.1620 | t_epoch  12.3s eta 7m46s (total ~20m27s)
epoch  63/100 | loss 1.7313 ce 1.4731 reg 2.5814e-01 | test_acc 0.5366 | lam_1 -0.0000 lam_N 0.7858 lam_N+1 0.9508 gap 0.1650 | t_epoch  12.3s eta 7m34s (total ~20m27s)
epoch  64/100 | loss 1.7199 ce 1.4543 reg 2.6566e-01 | test_acc 0.5437 | lam_1 0.0000 lam_N 0.7817 lam_N+1 0.9489 gap 0.1672 | t_epoch  12.3s eta 7m21s (total ~20m27s)
epoch  65/100 | loss 1.7088 ce 1.4341 reg 2.7470e-01 | test_acc 0.5617 | lam_1 0.0000 lam_N 0.7745 lam_N+1 0.9459 gap 0.1714 | t_epoch  12.3s eta 7m09s (total ~20m27s)
epoch  66/100 | loss 1.6992 ce 1.4163 reg 2.8280e-01 | test_acc 0.5569 | lam_1 -0.0000 lam_N 0.7685 lam_N+1 0.9423 gap 0.1738 | t_epoch  12.3s eta 6m57s (total ~20m27s)
epoch  67/100 | loss 1.6884 ce 1.3999 reg 2.8850e-01 | test_acc 0.5723 | lam_1 0.0000 lam_N 0.7643 lam_N+1 0.9402 gap 0.1759 | t_epoch  12.3s eta 6m45s (total ~20m27s)
epoch  68/100 | loss 1.6833 ce 1.3901 reg 2.9321e-01 | test_acc 0.5661 | lam_1 0.0000 lam_N 0.7566 lam_N+1 0.9379 gap 0.1813 | t_epoch  12.3s eta 6m32s (total ~20m27s)
epoch  69/100 | loss 1.6736 ce 1.3742 reg 2.9939e-01 | test_acc 0.5990 | lam_1 -0.0000 lam_N 0.7494 lam_N+1 0.9354 gap 0.1861 | t_epoch  12.3s eta 6m20s (total ~20m27s)
epoch  70/100 | loss 1.6672 ce 1.3628 reg 3.0440e-01 | test_acc 0.6218 | lam_1 0.0000 lam_N 0.7404 lam_N+1 0.9332 gap 0.1929 | t_epoch  12.3s eta 6m08s (total ~20m27s)
epoch  71/100 | loss 1.6574 ce 1.3454 reg 3.1197e-01 | test_acc 0.6247 | lam_1 -0.0000 lam_N 0.7341 lam_N+1 0.9313 gap 0.1972 | t_epoch  12.3s eta 5m56s (total ~20m27s)
epoch  72/100 | loss 1.6536 ce 1.3402 reg 3.1338e-01 | test_acc 0.6331 | lam_1 0.0000 lam_N 0.7286 lam_N+1 0.9290 gap 0.2003 | t_epoch  12.4s eta 5m43s (total ~20m27s)
epoch  73/100 | loss 1.6426 ce 1.3198 reg 3.2272e-01 | test_acc 0.6504 | lam_1 -0.0000 lam_N 0.7229 lam_N+1 0.9263 gap 0.2034 | t_epoch  12.3s eta 5m31s (total ~20m27s)
epoch  74/100 | loss 1.6331 ce 1.3044 reg 3.2871e-01 | test_acc 0.6648 | lam_1 -0.0000 lam_N 0.7172 lam_N+1 0.9245 gap 0.2073 | t_epoch  12.3s eta 5m19s (total ~20m27s)
epoch  75/100 | loss 1.6260 ce 1.2915 reg 3.3450e-01 | test_acc 0.6776 | lam_1 -0.0000 lam_N 0.7122 lam_N+1 0.9227 gap 0.2105 | t_epoch  12.4s eta 5m07s (total ~20m28s)
epoch  76/100 | loss 1.6214 ce 1.2814 reg 3.4000e-01 | test_acc 0.6791 | lam_1 0.0000 lam_N 0.7083 lam_N+1 0.9209 gap 0.2126 | t_epoch  12.3s eta 4m54s (total ~20m27s)
epoch  77/100 | loss 1.6160 ce 1.2711 reg 3.4489e-01 | test_acc 0.6761 | lam_1 -0.0000 lam_N 0.7032 lam_N+1 0.9190 gap 0.2158 | t_epoch  12.4s eta 4m42s (total ~20m28s)
epoch  78/100 | loss 1.6102 ce 1.2614 reg 3.4877e-01 | test_acc 0.6896 | lam_1 -0.0000 lam_N 0.6971 lam_N+1 0.9169 gap 0.2199 | t_epoch  12.3s eta 4m30s (total ~20m28s)
epoch  79/100 | loss 1.5990 ce 1.2420 reg 3.5708e-01 | test_acc 0.6793 | lam_1 0.0000 lam_N 0.6923 lam_N+1 0.9151 gap 0.2228 | t_epoch  12.3s eta 4m17s (total ~20m28s)
epoch  80/100 | loss 1.5955 ce 1.2369 reg 3.5859e-01 | test_acc 0.6991 | lam_1 0.0000 lam_N 0.6878 lam_N+1 0.9139 gap 0.2261 | t_epoch  12.3s eta 4m05s (total ~20m28s)
epoch  81/100 | loss 1.5975 ce 1.2365 reg 3.6102e-01 | test_acc 0.6919 | lam_1 0.0000 lam_N 0.6843 lam_N+1 0.9125 gap 0.2282 | t_epoch  12.4s eta 3m53s (total ~20m28s)
epoch  82/100 | loss 1.5900 ce 1.2250 reg 3.6507e-01 | test_acc 0.6946 | lam_1 -0.0000 lam_N 0.6812 lam_N+1 0.9117 gap 0.2305 | t_epoch  12.4s eta 3m41s (total ~20m28s)
epoch  83/100 | loss 1.5792 ce 1.2072 reg 3.7194e-01 | test_acc 0.7096 | lam_1 -0.0000 lam_N 0.6788 lam_N+1 0.9102 gap 0.2315 | t_epoch  12.4s eta 3m28s (total ~20m28s)
epoch  84/100 | loss 1.5789 ce 1.2062 reg 3.7274e-01 | test_acc 0.7006 | lam_1 -0.0000 lam_N 0.6744 lam_N+1 0.9090 gap 0.2347 | t_epoch  12.4s eta 3m16s (total ~20m28s)
epoch  85/100 | loss 1.5742 ce 1.1975 reg 3.7671e-01 | test_acc 0.6945 | lam_1 -0.0000 lam_N 0.6709 lam_N+1 0.9074 gap 0.2365 | t_epoch  12.9s eta 3m04s (total ~20m29s)
epoch  86/100 | loss 1.5718 ce 1.1934 reg 3.7836e-01 | test_acc 0.6928 | lam_1 -0.0000 lam_N 0.6669 lam_N+1 0.9062 gap 0.2393 | t_epoch  12.3s eta 2m52s (total ~20m29s)
epoch  87/100 | loss 1.5692 ce 1.1903 reg 3.7892e-01 | test_acc 0.7052 | lam_1 -0.0000 lam_N 0.6630 lam_N+1 0.9052 gap 0.2422 | t_epoch  12.3s eta 2m39s (total ~20m29s)
epoch  88/100 | loss 1.5658 ce 1.1830 reg 3.8285e-01 | test_acc 0.6954 | lam_1 0.0000 lam_N 0.6617 lam_N+1 0.9047 gap 0.2430 | t_epoch  12.3s eta 2m27s (total ~20m29s)
epoch  89/100 | loss 1.5626 ce 1.1786 reg 3.8401e-01 | test_acc 0.7066 | lam_1 -0.0000 lam_N 0.6593 lam_N+1 0.9040 gap 0.2447 | t_epoch  12.3s eta 2m15s (total ~20m29s)
epoch  90/100 | loss 1.5647 ce 1.1819 reg 3.8279e-01 | test_acc 0.7005 | lam_1 0.0000 lam_N 0.6575 lam_N+1 0.9033 gap 0.2458 | t_epoch  12.3s eta 2m02s (total ~20m29s)
epoch  91/100 | loss 1.5597 ce 1.1737 reg 3.8604e-01 | test_acc 0.7030 | lam_1 -0.0000 lam_N 0.6564 lam_N+1 0.9029 gap 0.2466 | t_epoch  12.3s eta 1m50s (total ~20m29s)
epoch  92/100 | loss 1.5562 ce 1.1689 reg 3.8726e-01 | test_acc 0.7123 | lam_1 -0.0000 lam_N 0.6551 lam_N+1 0.9024 gap 0.2473 | t_epoch  12.2s eta 1m38s (total ~20m29s)
epoch  93/100 | loss 1.5606 ce 1.1752 reg 3.8538e-01 | test_acc 0.7037 | lam_1 -0.0000 lam_N 0.6538 lam_N+1 0.9018 gap 0.2479 | t_epoch  12.4s eta 1m26s (total ~20m29s)
epoch  94/100 | loss 1.5559 ce 1.1681 reg 3.8776e-01 | test_acc 0.7096 | lam_1 0.0000 lam_N 0.6529 lam_N+1 0.9013 gap 0.2484 | t_epoch  12.3s eta 1m13s (total ~20m29s)
epoch  95/100 | loss 1.5562 ce 1.1678 reg 3.8838e-01 | test_acc 0.7139 | lam_1 0.0000 lam_N 0.6521 lam_N+1 0.9010 gap 0.2489 | t_epoch  12.3s eta 1m01s (total ~20m29s)
epoch  96/100 | loss 1.5566 ce 1.1684 reg 3.8812e-01 | test_acc 0.7075 | lam_1 0.0000 lam_N 0.6516 lam_N+1 0.9008 gap 0.2492 | t_epoch  12.3s eta 49s (total ~20m29s)
epoch  97/100 | loss 1.5544 ce 1.1651 reg 3.8931e-01 | test_acc 0.7089 | lam_1 -0.0000 lam_N 0.6512 lam_N+1 0.9007 gap 0.2494 | t_epoch  12.3s eta 36s (total ~20m29s)
epoch  98/100 | loss 1.5545 ce 1.1661 reg 3.8845e-01 | test_acc 0.7153 | lam_1 0.0000 lam_N 0.6511 lam_N+1 0.9006 gap 0.2496 | t_epoch  12.3s eta 24s (total ~20m29s)
epoch  99/100 | loss 1.5552 ce 1.1656 reg 3.8961e-01 | test_acc 0.7098 | lam_1 0.0000 lam_N 0.6510 lam_N+1 0.9006 gap 0.2496 | t_epoch  12.3s eta 12s (total ~20m29s)
epoch 100/100 | loss 1.5516 ce 1.1644 reg 3.8718e-01 | test_acc 0.7100 | lam_1 -0.0000 lam_N 0.6509 lam_N+1 0.9006 gap 0.2496 | t_epoch  12.4s eta 0s (total ~20m29s)
training complete in 20m29s (mean 12.3s/epoch over 100 epochs)
saved metrics + weights + plots to results/N8_reg1.0_h4096
