run_dir=results/N6_reg1.0_h3072 device=cuda N=6 hidden_dim=3072 reg_weight=1.0 alpha=2.0 epochs=100
epoch  0 (init)            | first 10 eigs = [0.0000, 0.9929, 0.9929, 0.9930, 0.9931, 0.9932, 0.9932, 0.9933, 0.9933, 0.9934]
epoch   1/100 | loss 2.7204 ce 2.3142 reg 4.0615e-01 | test_acc 0.1128 | lam_1 0.0000 lam_N 0.9883 lam_N+1 0.9884 gap 0.0001 | t_epoch   8.5s eta 13m57s (total ~14m06s)
epoch   2/100 | loss 2.3031 ce 2.2987 reg 4.3430e-03 | test_acc 0.1167 | lam_1 0.0000 lam_N 0.9856 lam_N+1 0.9867 gap 0.0011 | t_epoch   8.1s eta 13m29s (total ~13m45s)
epoch   3/100 | loss 2.2450 ce 2.2048 reg 4.0256e-02 | test_acc 0.1748 | lam_1 -0.0000 lam_N 0.9741 lam_N+1 0.9826 gap 0.0084 | t_epoch   8.0s eta 13m13s (total ~13m37s)
epoch   4/100 | loss 2.1797 ce 2.1092 reg 7.0486e-02 | test_acc 0.1929 | lam_1 -0.0000 lam_N 0.9634 lam_N+1 0.9814 gap 0.0179 | t_epoch   8.0s eta 13m01s (total ~13m33s)
epoch   5/100 | loss 2.1397 ce 2.0590 reg 8.0655e-02 | test_acc 0.1953 | lam_1 -0.0000 lam_N 0.9523 lam_N+1 0.9832 gap 0.0309 | t_epoch   8.0s eta 12m50s (total ~13m31s)
epoch   6/100 | loss 2.1048 ce 2.0155 reg 8.9357e-02 | test_acc 0.1927 | lam_1 -0.0000 lam_N 0.9394 lam_N+1 0.9827 gap 0.0432 | t_epoch   8.1s eta 12m42s (total ~13m31s)
epoch   7/100 | loss 2.1163 ce 2.0279 reg 8.8436e-02 | test_acc 0.1907 | lam_1 0.0000 lam_N 0.9318 lam_N+1 0.9858 gap 0.0540 | t_epoch   8.0s eta 12m33s (total ~13m30s)
epoch   8/100 | loss 2.0682 ce 1.9759 reg 9.2254e-02 | test_acc 0.1928 | lam_1 0.0000 lam_N 0.9203 lam_N+1 0.9871 gap 0.0668 | t_epoch   8.1s eta 12m25s (total ~13m30s)
epoch   9/100 | loss 2.0472 ce 1.9505 reg 9.6756e-02 | test_acc 0.1938 | lam_1 0.0000 lam_N 0.9105 lam_N+1 0.9861 gap 0.0757 | t_epoch   8.2s eta 12m18s (total ~13m31s)
epoch  10/100 | loss 2.0248 ce 1.9250 reg 9.9749e-02 | test_acc 0.1925 | lam_1 -0.0000 lam_N 0.9012 lam_N+1 0.9859 gap 0.0848 | t_epoch   8.1s eta 12m10s (total ~13m31s)
epoch  11/100 | loss 2.0251 ce 1.9233 reg 1.0179e-01 | test_acc 0.2312 | lam_1 -0.0000 lam_N 0.9069 lam_N+1 0.9831 gap 0.0761 | t_epoch   8.2s eta 12m02s (total ~13m31s)
epoch  12/100 | loss 1.9893 ce 1.8668 reg 1.2249e-01 | test_acc 0.2673 | lam_1 -0.0000 lam_N 0.9311 lam_N+1 0.9809 gap 0.0498 | t_epoch   8.0s eta 11m53s (total ~13m31s)
epoch  13/100 | loss 1.9572 ce 1.8182 reg 1.3903e-01 | test_acc 0.2764 | lam_1 -0.0000 lam_N 0.9327 lam_N+1 0.9791 gap 0.0465 | t_epoch   8.2s eta 11m45s (total ~13m31s)
epoch  14/100 | loss 1.9329 ce 1.7865 reg 1.4640e-01 | test_acc 0.2747 | lam_1 -0.0000 lam_N 0.9254 lam_N+1 0.9793 gap 0.0540 | t_epoch   8.2s eta 11m38s (total ~13m32s)
epoch  15/100 | loss 1.9159 ce 1.7675 reg 1.4840e-01 | test_acc 0.2834 | lam_1 0.0000 lam_N 0.9171 lam_N+1 0.9783 gap 0.0612 | t_epoch   8.1s eta 11m30s (total ~13m31s)
epoch  16/100 | loss 1.8978 ce 1.7458 reg 1.5201e-01 | test_acc 0.2892 | lam_1 -0.0000 lam_N 0.9114 lam_N+1 0.9785 gap 0.0671 | t_epoch   8.2s eta 11m22s (total ~13m32s)
epoch  17/100 | loss 1.8867 ce 1.7347 reg 1.5202e-01 | test_acc 0.2921 | lam_1 0.0000 lam_N 0.9022 lam_N+1 0.9782 gap 0.0760 | t_epoch   8.2s eta 11m14s (total ~13m32s)
epoch  18/100 | loss 1.8656 ce 1.7094 reg 1.5627e-01 | test_acc 0.3114 | lam_1 -0.0000 lam_N 0.8925 lam_N+1 0.9774 gap 0.0848 | t_epoch   8.2s eta 11m06s (total ~13m32s)
epoch  19/100 | loss 1.8459 ce 1.6848 reg 1.6116e-01 | test_acc 0.3080 | lam_1 0.0000 lam_N 0.8816 lam_N+1 0.9754 gap 0.0938 | t_epoch   8.1s eta 10m58s (total ~13m32s)
epoch  20/100 | loss 1.8377 ce 1.6752 reg 1.6247e-01 | test_acc 0.3274 | lam_1 -0.0000 lam_N 0.8695 lam_N+1 0.9731 gap 0.1037 | t_epoch   8.0s eta 10m49s (total ~13m32s)
epoch  21/100 | loss 1.8298 ce 1.6630 reg 1.6680e-01 | test_acc 0.3319 | lam_1 -0.0000 lam_N 0.8626 lam_N+1 0.9703 gap 0.1077 | t_epoch   8.2s eta 10m42s (total ~13m32s)
epoch  22/100 | loss 1.8132 ce 1.6368 reg 1.7633e-01 | test_acc 0.3674 | lam_1 0.0000 lam_N 0.8605 lam_N+1 0.9667 gap 0.1061 | t_epoch   8.2s eta 10m34s (total ~13m33s)
epoch  23/100 | loss 1.8030 ce 1.6167 reg 1.8623e-01 | test_acc 0.3996 | lam_1 0.0000 lam_N 0.8554 lam_N+1 0.9680 gap 0.1125 | t_epoch   8.2s eta 10m26s (total ~13m33s)
epoch  24/100 | loss 1.7821 ce 1.5816 reg 2.0053e-01 | test_acc 0.4061 | lam_1 -0.0000 lam_N 0.8529 lam_N+1 0.9688 gap 0.1159 | t_epoch   8.2s eta 10m18s (total ~13m33s)
epoch  25/100 | loss 1.7632 ce 1.5496 reg 2.1364e-01 | test_acc 0.4579 | lam_1 0.0000 lam_N 0.8465 lam_N+1 0.9679 gap 0.1214 | t_epoch   8.2s eta 10m10s (total ~13m33s)
epoch  26/100 | loss 1.7257 ce 1.4815 reg 2.4423e-01 | test_acc 0.3997 | lam_1 0.0000 lam_N 0.8416 lam_N+1 0.9648 gap 0.1232 | t_epoch   8.1s eta 10m01s (total ~13m33s)
epoch  27/100 | loss 1.7037 ce 1.4431 reg 2.6067e-01 | test_acc 0.5622 | lam_1 0.0000 lam_N 0.8303 lam_N+1 0.9604 gap 0.1301 | t_epoch   8.2s eta 9m53s (total ~13m33s)
epoch  28/100 | loss 1.6625 ce 1.3785 reg 2.8398e-01 | test_acc 0.6025 | lam_1 -0.0000 lam_N 0.8164 lam_N+1 0.9542 gap 0.1378 | t_epoch   8.2s eta 9m45s (total ~13m33s)
epoch  29/100 | loss 1.6207 ce 1.3103 reg 3.1039e-01 | test_acc 0.6389 | lam_1 0.0000 lam_N 0.7894 lam_N+1 0.9449 gap 0.1555 | t_epoch   8.1s eta 9m37s (total ~13m33s)
epoch  30/100 | loss 1.5872 ce 1.2554 reg 3.3172e-01 | test_acc 0.6482 | lam_1 -0.0000 lam_N 0.7722 lam_N+1 0.9344 gap 0.1621 | t_epoch   8.1s eta 9m29s (total ~13m33s)
epoch  31/100 | loss 1.5723 ce 1.2304 reg 3.4188e-01 | test_acc 0.6689 | lam_1 -0.0000 lam_N 0.7461 lam_N+1 0.9247 gap 0.1786 | t_epoch   8.1s eta 9m21s (total ~13m33s)
epoch  32/100 | loss 1.5397 ce 1.1836 reg 3.5612e-01 | test_acc 0.6783 | lam_1 -0.0000 lam_N 0.7229 lam_N+1 0.9123 gap 0.1895 | t_epoch   8.1s eta 9m12s (total ~13m33s)
epoch  33/100 | loss 1.5201 ce 1.1558 reg 3.6434e-01 | test_acc 0.6987 | lam_1 0.0000 lam_N 0.6990 lam_N+1 0.9024 gap 0.2034 | t_epoch   8.1s eta 9m04s (total ~13m33s)
epoch  34/100 | loss 1.4976 ce 1.1232 reg 3.7435e-01 | test_acc 0.7264 | lam_1 0.0000 lam_N 0.6779 lam_N+1 0.8954 gap 0.2175 | t_epoch   8.1s eta 8m56s (total ~13m33s)
epoch  35/100 | loss 1.4859 ce 1.1059 reg 3.8010e-01 | test_acc 0.7278 | lam_1 0.0000 lam_N 0.6616 lam_N+1 0.8887 gap 0.2271 | t_epoch   8.0s eta 8m48s (total ~13m32s)
epoch  36/100 | loss 1.4641 ce 1.0725 reg 3.9166e-01 | test_acc 0.7212 | lam_1 0.0000 lam_N 0.6394 lam_N+1 0.8818 gap 0.2424 | t_epoch   8.3s eta 8m40s (total ~13m33s)
epoch  37/100 | loss 1.4520 ce 1.0514 reg 4.0065e-01 | test_acc 0.7521 | lam_1 0.0000 lam_N 0.6232 lam_N+1 0.8808 gap 0.2576 | t_epoch   8.2s eta 8m32s (total ~13m33s)
epoch  38/100 | loss 1.4315 ce 1.0205 reg 4.1104e-01 | test_acc 0.7788 | lam_1 0.0000 lam_N 0.6132 lam_N+1 0.8748 gap 0.2616 | t_epoch   8.2s eta 8m24s (total ~13m33s)
epoch  39/100 | loss 1.4112 ce 0.9901 reg 4.2116e-01 | test_acc 0.7819 | lam_1 0.0000 lam_N 0.6008 lam_N+1 0.8700 gap 0.2692 | t_epoch   8.2s eta 8m16s (total ~13m33s)
epoch  40/100 | loss 1.4037 ce 0.9784 reg 4.2525e-01 | test_acc 0.7674 | lam_1 -0.0000 lam_N 0.5895 lam_N+1 0.8679 gap 0.2784 | t_epoch   8.1s eta 8m08s (total ~13m33s)
epoch  41/100 | loss 1.3900 ce 0.9598 reg 4.3023e-01 | test_acc 0.7964 | lam_1 -0.0000 lam_N 0.5705 lam_N+1 0.8645 gap 0.2940 | t_epoch   8.1s eta 7m59s (total ~13m33s)
epoch  42/100 | loss 1.3795 ce 0.9446 reg 4.3486e-01 | test_acc 0.7647 | lam_1 -0.0000 lam_N 0.5645 lam_N+1 0.8598 gap 0.2953 | t_epoch   8.3s eta 7m52s (total ~13m33s)
epoch  43/100 | loss 1.3723 ce 0.9361 reg 4.3630e-01 | test_acc 0.8001 | lam_1 0.0000 lam_N 0.5468 lam_N+1 0.8584 gap 0.3116 | t_epoch   8.2s eta 7m44s (total ~13m34s)
epoch  44/100 | loss 1.3573 ce 0.9148 reg 4.4251e-01 | test_acc 0.8030 | lam_1 -0.0000 lam_N 0.5382 lam_N+1 0.8538 gap 0.3155 | t_epoch   8.1s eta 7m35s (total ~13m33s)
epoch  45/100 | loss 1.3557 ce 0.9119 reg 4.4383e-01 | test_acc 0.7974 | lam_1 0.0000 lam_N 0.5317 lam_N+1 0.8491 gap 0.3174 | t_epoch   8.1s eta 7m27s (total ~13m33s)
epoch  46/100 | loss 1.3446 ce 0.8979 reg 4.4677e-01 | test_acc 0.7917 | lam_1 -0.0000 lam_N 0.5228 lam_N+1 0.8494 gap 0.3266 | t_epoch   8.1s eta 7m19s (total ~13m33s)
epoch  47/100 | loss 1.3419 ce 0.8937 reg 4.4829e-01 | test_acc 0.7934 | lam_1 0.0000 lam_N 0.5239 lam_N+1 0.8476 gap 0.3237 | t_epoch   8.1s eta 7m11s (total ~13m33s)
epoch  48/100 | loss 1.3304 ce 0.8772 reg 4.5322e-01 | test_acc 0.8104 | lam_1 -0.0000 lam_N 0.5100 lam_N+1 0.8449 gap 0.3348 | t_epoch   8.2s eta 7m03s (total ~13m33s)
epoch  49/100 | loss 1.3243 ce 0.8702 reg 4.5415e-01 | test_acc 0.8061 | lam_1 0.0000 lam_N 0.5203 lam_N+1 0.8450 gap 0.3247 | t_epoch   8.2s eta 6m55s (total ~13m33s)
epoch  50/100 | loss 1.3185 ce 0.8609 reg 4.5761e-01 | test_acc 0.8184 | lam_1 -0.0000 lam_N 0.4969 lam_N+1 0.8430 gap 0.3462 | t_epoch   8.1s eta 6m46s (total ~13m33s)
epoch  51/100 | loss 1.3123 ce 0.8519 reg 4.6031e-01 | test_acc 0.8090 | lam_1 -0.0000 lam_N 0.4993 lam_N+1 0.8398 gap 0.3405 | t_epoch   8.1s eta 6m38s (total ~13m33s)
epoch  52/100 | loss 1.3017 ce 0.8395 reg 4.6224e-01 | test_acc 0.8092 | lam_1 0.0000 lam_N 0.4905 lam_N+1 0.8367 gap 0.3463 | t_epoch   8.2s eta 6m30s (total ~13m33s)
epoch  53/100 | loss 1.3036 ce 0.8404 reg 4.6323e-01 | test_acc 0.8159 | lam_1 -0.0000 lam_N 0.4849 lam_N+1 0.8356 gap 0.3507 | t_epoch   8.2s eta 6m22s (total ~13m33s)
epoch  54/100 | loss 1.2957 ce 0.8304 reg 4.6526e-01 | test_acc 0.8245 | lam_1 0.0000 lam_N 0.4855 lam_N+1 0.8310 gap 0.3455 | t_epoch   8.3s eta 6m14s (total ~13m34s)
epoch  55/100 | loss 1.2918 ce 0.8247 reg 4.6712e-01 | test_acc 0.7949 | lam_1 0.0000 lam_N 0.4760 lam_N+1 0.8311 gap 0.3551 | t_epoch   8.1s eta 6m06s (total ~13m33s)
epoch  56/100 | loss 1.2901 ce 0.8242 reg 4.6599e-01 | test_acc 0.8227 | lam_1 0.0000 lam_N 0.4707 lam_N+1 0.8259 gap 0.3551 | t_epoch   8.1s eta 5m58s (total ~13m33s)
epoch  57/100 | loss 1.2840 ce 0.8127 reg 4.7131e-01 | test_acc 0.8219 | lam_1 -0.0000 lam_N 0.4654 lam_N+1 0.8265 gap 0.3611 | t_epoch   8.1s eta 5m49s (total ~13m33s)
epoch  58/100 | loss 1.2781 ce 0.8064 reg 4.7165e-01 | test_acc 0.8243 | lam_1 -0.0000 lam_N 0.4620 lam_N+1 0.8204 gap 0.3584 | t_epoch   8.2s eta 5m41s (total ~13m33s)
epoch  59/100 | loss 1.2700 ce 0.7947 reg 4.7534e-01 | test_acc 0.8370 | lam_1 0.0000 lam_N 0.4663 lam_N+1 0.8241 gap 0.3578 | t_epoch   8.0s eta 5m33s (total ~13m33s)
epoch  60/100 | loss 1.2692 ce 0.7934 reg 4.7578e-01 | test_acc 0.8311 | lam_1 -0.0000 lam_N 0.4546 lam_N+1 0.8157 gap 0.3610 | t_epoch   8.2s eta 5m25s (total ~13m33s)
epoch  61/100 | loss 1.2680 ce 0.7921 reg 4.7596e-01 | test_acc 0.8402 | lam_1 0.0000 lam_N 0.4548 lam_N+1 0.8140 gap 0.3593 | t_epoch   8.1s eta 5m17s (total ~13m33s)
epoch  62/100 | loss 1.2657 ce 0.7889 reg 4.7676e-01 | test_acc 0.8386 | lam_1 -0.0000 lam_N 0.4533 lam_N+1 0.8158 gap 0.3625 | t_epoch   8.1s eta 5m09s (total ~13m33s)
epoch  63/100 | loss 1.2597 ce 0.7800 reg 4.7970e-01 | test_acc 0.8431 | lam_1 0.0000 lam_N 0.4384 lam_N+1 0.8103 gap 0.3719 | t_epoch   8.2s eta 5m01s (total ~13m33s)
epoch  64/100 | loss 1.2587 ce 0.7791 reg 4.7960e-01 | test_acc 0.8543 | lam_1 -0.0000 lam_N 0.4340 lam_N+1 0.8092 gap 0.3752 | t_epoch   8.1s eta 4m52s (total ~13m33s)
epoch  65/100 | loss 1.2571 ce 0.7766 reg 4.8050e-01 | test_acc 0.8524 | lam_1 -0.0000 lam_N 0.4319 lam_N+1 0.8040 gap 0.3721 | t_epoch   8.1s eta 4m44s (total ~13m33s)
epoch  66/100 | loss 1.2524 ce 0.7690 reg 4.8338e-01 | test_acc 0.8628 | lam_1 -0.0000 lam_N 0.4373 lam_N+1 0.8031 gap 0.3658 | t_epoch   8.2s eta 4m36s (total ~13m33s)
epoch  67/100 | loss 1.2463 ce 0.7601 reg 4.8624e-01 | test_acc 0.8702 | lam_1 0.0000 lam_N 0.4302 lam_N+1 0.7998 gap 0.3696 | t_epoch   8.2s eta 4m28s (total ~13m34s)
epoch  68/100 | loss 1.2467 ce 0.7602 reg 4.8647e-01 | test_acc 0.8709 | lam_1 -0.0000 lam_N 0.4285 lam_N+1 0.7974 gap 0.3690 | t_epoch   8.1s eta 4m20s (total ~13m33s)
epoch  69/100 | loss 1.2438 ce 0.7557 reg 4.8811e-01 | test_acc 0.8650 | lam_1 0.0000 lam_N 0.4225 lam_N+1 0.7989 gap 0.3765 | t_epoch   8.1s eta 4m12s (total ~13m33s)
epoch  70/100 | loss 1.2399 ce 0.7491 reg 4.9071e-01 | test_acc 0.8733 | lam_1 0.0000 lam_N 0.4204 lam_N+1 0.7935 gap 0.3731 | t_epoch   8.1s eta 4m04s (total ~13m33s)
epoch  71/100 | loss 1.2372 ce 0.7446 reg 4.9266e-01 | test_acc 0.8765 | lam_1 -0.0000 lam_N 0.4188 lam_N+1 0.7911 gap 0.3723 | t_epoch   8.2s eta 3m56s (total ~13m34s)
epoch  72/100 | loss 1.2362 ce 0.7419 reg 4.9435e-01 | test_acc 0.8823 | lam_1 0.0000 lam_N 0.4133 lam_N+1 0.7868 gap 0.3735 | t_epoch   8.1s eta 3m47s (total ~13m33s)
epoch  73/100 | loss 1.2327 ce 0.7368 reg 4.9593e-01 | test_acc 0.8817 | lam_1 0.0000 lam_N 0.4093 lam_N+1 0.7887 gap 0.3793 | t_epoch   8.2s eta 3m39s (total ~13m33s)
epoch  74/100 | loss 1.2304 ce 0.7318 reg 4.9861e-01 | test_acc 0.8806 | lam_1 0.0000 lam_N 0.4045 lam_N+1 0.7837 gap 0.3792 | t_epoch   8.2s eta 3m31s (total ~13m34s)
epoch  75/100 | loss 1.2241 ce 0.7220 reg 5.0215e-01 | test_acc 0.8870 | lam_1 -0.0000 lam_N 0.3978 lam_N+1 0.7819 gap 0.3842 | t_epoch   8.1s eta 3m23s (total ~13m34s)
epoch  76/100 | loss 1.2244 ce 0.7218 reg 5.0255e-01 | test_acc 0.8899 | lam_1 -0.0000 lam_N 0.3968 lam_N+1 0.7785 gap 0.3817 | t_epoch   8.2s eta 3m15s (total ~13m34s)
epoch  77/100 | loss 1.2223 ce 0.7182 reg 5.0408e-01 | test_acc 0.8897 | lam_1 0.0000 lam_N 0.3890 lam_N+1 0.7754 gap 0.3864 | t_epoch   8.1s eta 3m07s (total ~13m34s)
epoch  78/100 | loss 1.2218 ce 0.7168 reg 5.0508e-01 | test_acc 0.8886 | lam_1 0.0000 lam_N 0.3919 lam_N+1 0.7746 gap 0.3827 | t_epoch   8.1s eta 2m59s (total ~13m34s)
epoch  79/100 | loss 1.2169 ce 0.7092 reg 5.0764e-01 | test_acc 0.8922 | lam_1 0.0000 lam_N 0.3893 lam_N+1 0.7754 gap 0.3861 | t_epoch   8.1s eta 2m50s (total ~13m34s)
epoch  80/100 | loss 1.2169 ce 0.7089 reg 5.0804e-01 | test_acc 0.8912 | lam_1 0.0000 lam_N 0.3845 lam_N+1 0.7718 gap 0.3873 | t_epoch   8.2s eta 2m42s (total ~13m34s)
epoch  81/100 | loss 1.2150 ce 0.7060 reg 5.0898e-01 | test_acc 0.8901 | lam_1 0.0000 lam_N 0.3780 lam_N+1 0.7697 gap 0.3917 | t_epoch   8.1s eta 2m34s (total ~13m34s)
epoch  82/100 | loss 1.2128 ce 0.7019 reg 5.1086e-01 | test_acc 0.8936 | lam_1 0.0000 lam_N 0.3750 lam_N+1 0.7693 gap 0.3943 | t_epoch   8.3s eta 2m26s (total ~13m34s)
epoch  83/100 | loss 1.2103 ce 0.6987 reg 5.1161e-01 | test_acc 0.8935 | lam_1 0.0000 lam_N 0.3690 lam_N+1 0.7684 gap 0.3994 | t_epoch   8.3s eta 2m18s (total ~13m34s)
epoch  84/100 | loss 1.2095 ce 0.6966 reg 5.1293e-01 | test_acc 0.8885 | lam_1 -0.0000 lam_N 0.3647 lam_N+1 0.7664 gap 0.4017 | t_epoch   8.2s eta 2m10s (total ~13m34s)
epoch  85/100 | loss 1.2071 ce 0.6934 reg 5.1373e-01 | test_acc 0.8979 | lam_1 -0.0000 lam_N 0.3632 lam_N+1 0.7650 gap 0.4019 | t_epoch   8.1s eta 2m02s (total ~13m34s)
epoch  86/100 | loss 1.2080 ce 0.6947 reg 5.1326e-01 | test_acc 0.8881 | lam_1 -0.0000 lam_N 0.3626 lam_N+1 0.7632 gap 0.4006 | t_epoch   8.2s eta 1m54s (total ~13m34s)
epoch  87/100 | loss 1.2050 ce 0.6901 reg 5.1497e-01 | test_acc 0.8912 | lam_1 -0.0000 lam_N 0.3597 lam_N+1 0.7612 gap 0.4015 | t_epoch   8.2s eta 1m45s (total ~13m34s)
epoch  88/100 | loss 1.2036 ce 0.6879 reg 5.1567e-01 | test_acc 0.8893 | lam_1 0.0000 lam_N 0.3571 lam_N+1 0.7600 gap 0.4029 | t_epoch   8.2s eta 1m37s (total ~13m34s)
epoch  89/100 | loss 1.2033 ce 0.6875 reg 5.1587e-01 | test_acc 0.8993 | lam_1 -0.0000 lam_N 0.3548 lam_N+1 0.7588 gap 0.4040 | t_epoch   8.2s eta 1m29s (total ~13m34s)
epoch  90/100 | loss 1.2039 ce 0.6882 reg 5.1568e-01 | test_acc 0.9002 | lam_1 -0.0000 lam_N 0.3510 lam_N+1 0.7576 gap 0.4066 | t_epoch   8.2s eta 1m21s (total ~13m34s)
epoch  91/100 | loss 1.2019 ce 0.6851 reg 5.1678e-01 | test_acc 0.8976 | lam_1 -0.0000 lam_N 0.3476 lam_N+1 0.7566 gap 0.4090 | t_epoch   8.2s eta 1m13s (total ~13m34s)
epoch  92/100 | loss 1.2030 ce 0.6866 reg 5.1637e-01 | test_acc 0.8943 | lam_1 -0.0000 lam_N 0.3462 lam_N+1 0.7558 gap 0.4096 | t_epoch   8.3s eta 1m05s (total ~13m34s)
epoch  93/100 | loss 1.2007 ce 0.6832 reg 5.1750e-01 | test_acc 0.8946 | lam_1 0.0000 lam_N 0.3438 lam_N+1 0.7549 gap 0.4111 | t_epoch   8.2s eta 57s (total ~13m34s)
epoch  94/100 | loss 1.2002 ce 0.6829 reg 5.1737e-01 | test_acc 0.8949 | lam_1 -0.0000 lam_N 0.3428 lam_N+1 0.7545 gap 0.4117 | t_epoch   8.2s eta 48s (total ~13m34s)
epoch  95/100 | loss 1.2018 ce 0.6845 reg 5.1732e-01 | test_acc 0.8984 | lam_1 -0.0000 lam_N 0.3420 lam_N+1 0.7539 gap 0.4119 | t_epoch   8.3s eta 40s (total ~13m34s)
epoch  96/100 | loss 1.2005 ce 0.6827 reg 5.1781e-01 | test_acc 0.8972 | lam_1 -0.0000 lam_N 0.3412 lam_N+1 0.7537 gap 0.4124 | t_epoch   8.1s eta 32s (total ~13m34s)
epoch  97/100 | loss 1.2000 ce 0.6831 reg 5.1689e-01 | test_acc 0.8967 | lam_1 0.0000 lam_N 0.3407 lam_N+1 0.7535 gap 0.4129 | t_epoch   8.1s eta 24s (total ~13m34s)
epoch  98/100 | loss 1.2007 ce 0.6841 reg 5.1659e-01 | test_acc 0.8997 | lam_1 0.0000 lam_N 0.3404 lam_N+1 0.7534 gap 0.4130 | t_epoch   8.2s eta 16s (total ~13m35s)
epoch  99/100 | loss 1.1993 ce 0.6804 reg 5.1889e-01 | test_acc 0.9011 | lam_1 0.0000 lam_N 0.3403 lam_N+1 0.7534 gap 0.4131 | t_epoch   8.2s eta 8s (total ~13m35s)
epoch 100/100 | loss 1.2008 ce 0.6834 reg 5.1748e-01 | test_acc 0.8931 | lam_1 0.0000 lam_N 0.3402 lam_N+1 0.7534 gap 0.4131 | t_epoch   8.3s eta 0s (total ~13m35s)
training complete in 13m35s (mean 8.2s/epoch over 100 epochs)
saved metrics + weights + plots to results/N6_reg1.0_h3072
