run_dir=results/N3_reg1.0_h1536 device=cuda N=3 hidden_dim=1536 reg_weight=1.0 alpha=2.0 epochs=100
epoch  0 (init)            | first 10 eigs = [-0.0000, 0.9854, 0.9859, 0.9861, 0.9868, 0.9868, 0.9870, 0.9872, 0.9874, 0.9876]
epoch   1/100 | loss 2.2554 ce 2.1819 reg 7.3475e-02 | test_acc 0.1918 | lam_1 -0.0000 lam_N 0.9133 lam_N+1 0.9811 gap 0.0679 | t_epoch   8.6s eta 14m08s (total ~14m16s)
epoch   2/100 | loss 1.9891 ce 1.9054 reg 8.3696e-02 | test_acc 0.2751 | lam_1 -0.0000 lam_N 0.9210 lam_N+1 0.9775 gap 0.0565 | t_epoch   8.0s eta 13m33s (total ~13m50s)
epoch   3/100 | loss 1.8618 ce 1.7490 reg 1.1279e-01 | test_acc 0.3046 | lam_1 -0.0000 lam_N 0.9179 lam_N+1 0.9657 gap 0.0478 | t_epoch   8.1s eta 13m19s (total ~13m43s)
epoch   4/100 | loss 1.7935 ce 1.6579 reg 1.3564e-01 | test_acc 0.3678 | lam_1 -0.0000 lam_N 0.8890 lam_N+1 0.9552 gap 0.0662 | t_epoch   8.0s eta 13m05s (total ~13m37s)
epoch   5/100 | loss 1.6743 ce 1.4775 reg 1.9680e-01 | test_acc 0.5389 | lam_1 -0.0000 lam_N 0.8367 lam_N+1 0.9473 gap 0.1106 | t_epoch   8.0s eta 12m53s (total ~13m34s)
epoch   6/100 | loss 1.5449 ce 1.2916 reg 2.5328e-01 | test_acc 0.5948 | lam_1 0.0000 lam_N 0.7768 lam_N+1 0.9224 gap 0.1456 | t_epoch   8.0s eta 12m43s (total ~13m32s)
epoch   7/100 | loss 1.4431 ce 1.1621 reg 2.8097e-01 | test_acc 0.6435 | lam_1 -0.0000 lam_N 0.7147 lam_N+1 0.9037 gap 0.1890 | t_epoch   8.0s eta 12m33s (total ~13m30s)
epoch   8/100 | loss 1.4032 ce 1.1098 reg 2.9345e-01 | test_acc 0.6722 | lam_1 -0.0000 lam_N 0.6444 lam_N+1 0.8795 gap 0.2350 | t_epoch   8.0s eta 12m24s (total ~13m29s)
epoch   9/100 | loss 1.3243 ce 1.0091 reg 3.1515e-01 | test_acc 0.7341 | lam_1 -0.0000 lam_N 0.5786 lam_N+1 0.8616 gap 0.2830 | t_epoch   8.1s eta 12m16s (total ~13m29s)
epoch  10/100 | loss 1.2642 ce 0.9334 reg 3.3076e-01 | test_acc 0.7405 | lam_1 0.0000 lam_N 0.5271 lam_N+1 0.8401 gap 0.3130 | t_epoch   8.0s eta 12m07s (total ~13m28s)
epoch  11/100 | loss 1.2278 ce 0.8890 reg 3.3878e-01 | test_acc 0.7687 | lam_1 -0.0000 lam_N 0.5053 lam_N+1 0.8343 gap 0.3290 | t_epoch   8.0s eta 11m58s (total ~13m27s)
epoch  12/100 | loss 1.1885 ce 0.8395 reg 3.4902e-01 | test_acc 0.7771 | lam_1 0.0000 lam_N 0.4566 lam_N+1 0.8287 gap 0.3722 | t_epoch   8.0s eta 11m50s (total ~13m26s)
epoch  13/100 | loss 1.1591 ce 0.7978 reg 3.6135e-01 | test_acc 0.8078 | lam_1 -0.0000 lam_N 0.4276 lam_N+1 0.8223 gap 0.3947 | t_epoch   8.0s eta 11m41s (total ~13m26s)
epoch  14/100 | loss 1.1363 ce 0.7673 reg 3.6904e-01 | test_acc 0.8075 | lam_1 0.0000 lam_N 0.4196 lam_N+1 0.8209 gap 0.4013 | t_epoch   8.0s eta 11m32s (total ~13m25s)
epoch  15/100 | loss 1.1157 ce 0.7412 reg 3.7453e-01 | test_acc 0.8200 | lam_1 -0.0000 lam_N 0.4157 lam_N+1 0.8204 gap 0.4047 | t_epoch   8.0s eta 11m24s (total ~13m25s)
epoch  16/100 | loss 1.0900 ce 0.7080 reg 3.8199e-01 | test_acc 0.8291 | lam_1 -0.0000 lam_N 0.3768 lam_N+1 0.8163 gap 0.4395 | t_epoch   8.0s eta 11m15s (total ~13m24s)
epoch  17/100 | loss 1.0696 ce 0.6830 reg 3.8653e-01 | test_acc 0.8405 | lam_1 -0.0000 lam_N 0.3903 lam_N+1 0.8174 gap 0.4271 | t_epoch   8.0s eta 11m07s (total ~13m24s)
epoch  18/100 | loss 1.0532 ce 0.6619 reg 3.9125e-01 | test_acc 0.8484 | lam_1 0.0000 lam_N 0.3674 lam_N+1 0.8088 gap 0.4414 | t_epoch   8.0s eta 10m59s (total ~13m23s)
epoch  19/100 | loss 1.0364 ce 0.6408 reg 3.9559e-01 | test_acc 0.8207 | lam_1 0.0000 lam_N 0.3708 lam_N+1 0.8113 gap 0.4405 | t_epoch   8.0s eta 10m50s (total ~13m23s)
epoch  20/100 | loss 1.0267 ce 0.6293 reg 3.9746e-01 | test_acc 0.8514 | lam_1 -0.0000 lam_N 0.3518 lam_N+1 0.8117 gap 0.4599 | t_epoch   8.0s eta 10m42s (total ~13m23s)
epoch  21/100 | loss 1.0070 ce 0.6038 reg 4.0321e-01 | test_acc 0.8603 | lam_1 -0.0000 lam_N 0.3472 lam_N+1 0.8076 gap 0.4604 | t_epoch   8.0s eta 10m34s (total ~13m23s)
epoch  22/100 | loss 1.0006 ce 0.5960 reg 4.0452e-01 | test_acc 0.8675 | lam_1 -0.0000 lam_N 0.3401 lam_N+1 0.8053 gap 0.4651 | t_epoch   8.0s eta 10m26s (total ~13m23s)
epoch  23/100 | loss 0.9927 ce 0.5870 reg 4.0575e-01 | test_acc 0.8593 | lam_1 -0.0000 lam_N 0.3321 lam_N+1 0.7999 gap 0.4678 | t_epoch   8.1s eta 10m18s (total ~13m23s)
epoch  24/100 | loss 0.9770 ce 0.5669 reg 4.1012e-01 | test_acc 0.8753 | lam_1 0.0000 lam_N 0.3245 lam_N+1 0.8089 gap 0.4844 | t_epoch   8.1s eta 10m10s (total ~13m23s)
epoch  25/100 | loss 0.9728 ce 0.5620 reg 4.1083e-01 | test_acc 0.8752 | lam_1 -0.0000 lam_N 0.3251 lam_N+1 0.8040 gap 0.4789 | t_epoch   8.2s eta 10m03s (total ~13m24s)
epoch  26/100 | loss 0.9569 ce 0.5419 reg 4.1510e-01 | test_acc 0.8760 | lam_1 0.0000 lam_N 0.3029 lam_N+1 0.8021 gap 0.4993 | t_epoch   8.1s eta 9m55s (total ~13m24s)
epoch  27/100 | loss 0.9525 ce 0.5365 reg 4.1600e-01 | test_acc 0.8837 | lam_1 -0.0000 lam_N 0.2990 lam_N+1 0.8022 gap 0.5033 | t_epoch   8.1s eta 9m47s (total ~13m24s)
epoch  28/100 | loss 0.9440 ce 0.5265 reg 4.1752e-01 | test_acc 0.8679 | lam_1 -0.0000 lam_N 0.2938 lam_N+1 0.8001 gap 0.5063 | t_epoch   8.1s eta 9m39s (total ~13m24s)
epoch  29/100 | loss 0.9397 ce 0.5205 reg 4.1915e-01 | test_acc 0.8913 | lam_1 -0.0000 lam_N 0.2999 lam_N+1 0.7989 gap 0.4989 | t_epoch   8.1s eta 9m31s (total ~13m24s)
epoch  30/100 | loss 0.9293 ce 0.5072 reg 4.2206e-01 | test_acc 0.8926 | lam_1 0.0000 lam_N 0.2919 lam_N+1 0.8010 gap 0.5091 | t_epoch   8.2s eta 9m23s (total ~13m25s)
epoch  31/100 | loss 0.9231 ce 0.5006 reg 4.2255e-01 | test_acc 0.8834 | lam_1 0.0000 lam_N 0.3010 lam_N+1 0.7999 gap 0.4989 | t_epoch   8.1s eta 9m15s (total ~13m25s)
epoch  32/100 | loss 0.9193 ce 0.4949 reg 4.2440e-01 | test_acc 0.8803 | lam_1 -0.0000 lam_N 0.2793 lam_N+1 0.8004 gap 0.5212 | t_epoch   8.1s eta 9m07s (total ~13m25s)
epoch  33/100 | loss 0.9106 ce 0.4846 reg 4.2601e-01 | test_acc 0.8933 | lam_1 -0.0000 lam_N 0.2756 lam_N+1 0.8020 gap 0.5264 | t_epoch   8.0s eta 8m59s (total ~13m25s)
epoch  34/100 | loss 0.9077 ce 0.4810 reg 4.2674e-01 | test_acc 0.9058 | lam_1 -0.0000 lam_N 0.2648 lam_N+1 0.7908 gap 0.5260 | t_epoch   8.1s eta 8m51s (total ~13m25s)
epoch  35/100 | loss 0.9004 ce 0.4726 reg 4.2778e-01 | test_acc 0.8929 | lam_1 -0.0000 lam_N 0.2836 lam_N+1 0.7996 gap 0.5160 | t_epoch   8.1s eta 8m43s (total ~13m25s)
epoch  36/100 | loss 0.8931 ce 0.4624 reg 4.3076e-01 | test_acc 0.9003 | lam_1 0.0000 lam_N 0.2651 lam_N+1 0.7988 gap 0.5336 | t_epoch   8.1s eta 8m35s (total ~13m25s)
epoch  37/100 | loss 0.8937 ce 0.4638 reg 4.2990e-01 | test_acc 0.9018 | lam_1 0.0000 lam_N 0.2516 lam_N+1 0.7936 gap 0.5420 | t_epoch   8.1s eta 8m27s (total ~13m25s)
epoch  38/100 | loss 0.8882 ce 0.4570 reg 4.3120e-01 | test_acc 0.8959 | lam_1 -0.0000 lam_N 0.2585 lam_N+1 0.7910 gap 0.5325 | t_epoch   8.1s eta 8m19s (total ~13m25s)
epoch  39/100 | loss 0.8839 ce 0.4520 reg 4.3188e-01 | test_acc 0.8973 | lam_1 -0.0000 lam_N 0.2591 lam_N+1 0.7987 gap 0.5396 | t_epoch   8.1s eta 8m11s (total ~13m25s)
epoch  40/100 | loss 0.8791 ce 0.4457 reg 4.3339e-01 | test_acc 0.8870 | lam_1 0.0000 lam_N 0.2578 lam_N+1 0.7954 gap 0.5376 | t_epoch   8.1s eta 8m03s (total ~13m25s)
epoch  41/100 | loss 0.8742 ce 0.4401 reg 4.3405e-01 | test_acc 0.9028 | lam_1 0.0000 lam_N 0.2453 lam_N+1 0.7965 gap 0.5513 | t_epoch   8.1s eta 7m55s (total ~13m25s)
epoch  42/100 | loss 0.8714 ce 0.4360 reg 4.3546e-01 | test_acc 0.8971 | lam_1 0.0000 lam_N 0.2319 lam_N+1 0.7922 gap 0.5603 | t_epoch   8.1s eta 7m47s (total ~13m26s)
epoch  43/100 | loss 0.8648 ce 0.4284 reg 4.3638e-01 | test_acc 0.9017 | lam_1 -0.0000 lam_N 0.2264 lam_N+1 0.7921 gap 0.5657 | t_epoch   8.1s eta 7m39s (total ~13m26s)
epoch  44/100 | loss 0.8649 ce 0.4287 reg 4.3616e-01 | test_acc 0.9075 | lam_1 -0.0000 lam_N 0.2281 lam_N+1 0.7926 gap 0.5645 | t_epoch   8.1s eta 7m31s (total ~13m26s)
epoch  45/100 | loss 0.8580 ce 0.4200 reg 4.3806e-01 | test_acc 0.9021 | lam_1 -0.0000 lam_N 0.2150 lam_N+1 0.7895 gap 0.5745 | t_epoch   8.1s eta 7m23s (total ~13m26s)
epoch  46/100 | loss 0.8582 ce 0.4206 reg 4.3759e-01 | test_acc 0.9084 | lam_1 -0.0000 lam_N 0.2286 lam_N+1 0.7953 gap 0.5667 | t_epoch   8.1s eta 7m15s (total ~13m26s)
epoch  47/100 | loss 0.8541 ce 0.4153 reg 4.3874e-01 | test_acc 0.9014 | lam_1 -0.0000 lam_N 0.2277 lam_N+1 0.7892 gap 0.5616 | t_epoch   8.1s eta 7m07s (total ~13m26s)
epoch  48/100 | loss 0.8538 ce 0.4148 reg 4.3893e-01 | test_acc 0.9047 | lam_1 -0.0000 lam_N 0.2185 lam_N+1 0.7923 gap 0.5738 | t_epoch   8.1s eta 6m59s (total ~13m26s)
epoch  49/100 | loss 0.8483 ce 0.4081 reg 4.4016e-01 | test_acc 0.9107 | lam_1 -0.0000 lam_N 0.2171 lam_N+1 0.7896 gap 0.5725 | t_epoch   8.1s eta 6m51s (total ~13m26s)
epoch  50/100 | loss 0.8423 ce 0.4012 reg 4.4107e-01 | test_acc 0.9137 | lam_1 0.0000 lam_N 0.2127 lam_N+1 0.7891 gap 0.5764 | t_epoch   8.1s eta 6m43s (total ~13m26s)
epoch  51/100 | loss 0.8439 ce 0.4027 reg 4.4114e-01 | test_acc 0.9050 | lam_1 -0.0000 lam_N 0.2009 lam_N+1 0.7884 gap 0.5875 | t_epoch   8.1s eta 6m35s (total ~13m26s)
epoch  52/100 | loss 0.8418 ce 0.4004 reg 4.4135e-01 | test_acc 0.9108 | lam_1 -0.0000 lam_N 0.2076 lam_N+1 0.7885 gap 0.5809 | t_epoch   8.1s eta 6m27s (total ~13m26s)
epoch  53/100 | loss 0.8392 ce 0.3972 reg 4.4201e-01 | test_acc 0.9112 | lam_1 0.0000 lam_N 0.2070 lam_N+1 0.7887 gap 0.5817 | t_epoch   8.2s eta 6m19s (total ~13m27s)
epoch  54/100 | loss 0.8343 ce 0.3911 reg 4.4323e-01 | test_acc 0.9174 | lam_1 -0.0000 lam_N 0.1945 lam_N+1 0.7895 gap 0.5949 | t_epoch   8.1s eta 6m11s (total ~13m27s)
epoch  55/100 | loss 0.8348 ce 0.3920 reg 4.4281e-01 | test_acc 0.9034 | lam_1 0.0000 lam_N 0.1998 lam_N+1 0.7881 gap 0.5883 | t_epoch   8.1s eta 6m03s (total ~13m27s)
epoch  56/100 | loss 0.8343 ce 0.3916 reg 4.4273e-01 | test_acc 0.9078 | lam_1 0.0000 lam_N 0.2006 lam_N+1 0.7871 gap 0.5865 | t_epoch   8.1s eta 5m55s (total ~13m27s)
epoch  57/100 | loss 0.8312 ce 0.3877 reg 4.4352e-01 | test_acc 0.9097 | lam_1 0.0000 lam_N 0.1868 lam_N+1 0.7840 gap 0.5972 | t_epoch   8.1s eta 5m47s (total ~13m27s)
epoch  58/100 | loss 0.8287 ce 0.3846 reg 4.4410e-01 | test_acc 0.9110 | lam_1 -0.0000 lam_N 0.1926 lam_N+1 0.7836 gap 0.5910 | t_epoch   8.1s eta 5m39s (total ~13m27s)
epoch  59/100 | loss 0.8275 ce 0.3831 reg 4.4445e-01 | test_acc 0.9100 | lam_1 0.0000 lam_N 0.1933 lam_N+1 0.7849 gap 0.5916 | t_epoch   8.1s eta 5m31s (total ~13m27s)
epoch  60/100 | loss 0.8255 ce 0.3807 reg 4.4479e-01 | test_acc 0.9123 | lam_1 -0.0000 lam_N 0.1869 lam_N+1 0.7824 gap 0.5954 | t_epoch   8.1s eta 5m23s (total ~13m27s)
epoch  61/100 | loss 0.8244 ce 0.3793 reg 4.4501e-01 | test_acc 0.9137 | lam_1 -0.0000 lam_N 0.1760 lam_N+1 0.7808 gap 0.6047 | t_epoch   8.1s eta 5m14s (total ~13m27s)
epoch  62/100 | loss 0.8211 ce 0.3754 reg 4.4576e-01 | test_acc 0.9132 | lam_1 0.0000 lam_N 0.1705 lam_N+1 0.7803 gap 0.6098 | t_epoch   8.1s eta 5m06s (total ~13m27s)
epoch  63/100 | loss 0.8224 ce 0.3772 reg 4.4523e-01 | test_acc 0.9160 | lam_1 0.0000 lam_N 0.1769 lam_N+1 0.7772 gap 0.6003 | t_epoch   8.1s eta 4m58s (total ~13m27s)
epoch  64/100 | loss 0.8204 ce 0.3746 reg 4.4580e-01 | test_acc 0.9177 | lam_1 -0.0000 lam_N 0.1600 lam_N+1 0.7789 gap 0.6189 | t_epoch   8.1s eta 4m50s (total ~13m27s)
epoch  65/100 | loss 0.8170 ce 0.3704 reg 4.4662e-01 | test_acc 0.9180 | lam_1 -0.0000 lam_N 0.1741 lam_N+1 0.7772 gap 0.6031 | t_epoch   8.1s eta 4m42s (total ~13m27s)
epoch  66/100 | loss 0.8179 ce 0.3716 reg 4.4628e-01 | test_acc 0.9178 | lam_1 -0.0000 lam_N 0.1620 lam_N+1 0.7745 gap 0.6125 | t_epoch   8.1s eta 4m34s (total ~13m27s)
epoch  67/100 | loss 0.8155 ce 0.3688 reg 4.4669e-01 | test_acc 0.9121 | lam_1 -0.0000 lam_N 0.1530 lam_N+1 0.7746 gap 0.6217 | t_epoch   8.1s eta 4m26s (total ~13m27s)
epoch  68/100 | loss 0.8138 ce 0.3663 reg 4.4755e-01 | test_acc 0.9134 | lam_1 -0.0000 lam_N 0.1506 lam_N+1 0.7751 gap 0.6245 | t_epoch   8.2s eta 4m18s (total ~13m27s)
epoch  69/100 | loss 0.8141 ce 0.3672 reg 4.4688e-01 | test_acc 0.9168 | lam_1 0.0000 lam_N 0.1497 lam_N+1 0.7718 gap 0.6221 | t_epoch   8.2s eta 4m10s (total ~13m28s)
epoch  70/100 | loss 0.8124 ce 0.3650 reg 4.4735e-01 | test_acc 0.9158 | lam_1 -0.0000 lam_N 0.1501 lam_N+1 0.7732 gap 0.6231 | t_epoch   8.1s eta 4m02s (total ~13m28s)
epoch  71/100 | loss 0.8117 ce 0.3641 reg 4.4769e-01 | test_acc 0.9182 | lam_1 0.0000 lam_N 0.1413 lam_N+1 0.7716 gap 0.6303 | t_epoch   8.1s eta 3m54s (total ~13m28s)
epoch  72/100 | loss 0.8117 ce 0.3643 reg 4.4743e-01 | test_acc 0.9207 | lam_1 0.0000 lam_N 0.1415 lam_N+1 0.7726 gap 0.6311 | t_epoch   8.4s eta 3m46s (total ~13m28s)
epoch  73/100 | loss 0.8118 ce 0.3641 reg 4.4767e-01 | test_acc 0.9189 | lam_1 0.0000 lam_N 0.1342 lam_N+1 0.7707 gap 0.6365 | t_epoch   8.1s eta 3m38s (total ~13m28s)
epoch  74/100 | loss 0.8103 ce 0.3624 reg 4.4790e-01 | test_acc 0.9170 | lam_1 0.0000 lam_N 0.1354 lam_N+1 0.7700 gap 0.6346 | t_epoch   8.2s eta 3m30s (total ~13m28s)
epoch  75/100 | loss 0.8094 ce 0.3617 reg 4.4770e-01 | test_acc 0.9192 | lam_1 -0.0000 lam_N 0.1295 lam_N+1 0.7728 gap 0.6433 | t_epoch   8.1s eta 3m22s (total ~13m28s)
epoch  76/100 | loss 0.8085 ce 0.3602 reg 4.4824e-01 | test_acc 0.9133 | lam_1 -0.0000 lam_N 0.1268 lam_N+1 0.7679 gap 0.6412 | t_epoch   8.1s eta 3m14s (total ~13m28s)
epoch  77/100 | loss 0.8081 ce 0.3599 reg 4.4819e-01 | test_acc 0.9125 | lam_1 -0.0000 lam_N 0.1241 lam_N+1 0.7665 gap 0.6423 | t_epoch   8.2s eta 3m06s (total ~13m28s)
epoch  78/100 | loss 0.8075 ce 0.3591 reg 4.4836e-01 | test_acc 0.9134 | lam_1 0.0000 lam_N 0.1138 lam_N+1 0.7680 gap 0.6542 | t_epoch   8.1s eta 2m57s (total ~13m28s)
epoch  79/100 | loss 0.8080 ce 0.3598 reg 4.4819e-01 | test_acc 0.9220 | lam_1 -0.0000 lam_N 0.1160 lam_N+1 0.7667 gap 0.6507 | t_epoch   8.1s eta 2m49s (total ~13m28s)
epoch  80/100 | loss 0.8065 ce 0.3581 reg 4.4836e-01 | test_acc 0.9192 | lam_1 -0.0000 lam_N 0.1091 lam_N+1 0.7658 gap 0.6567 | t_epoch   8.1s eta 2m41s (total ~13m29s)
epoch  81/100 | loss 0.8066 ce 0.3583 reg 4.4839e-01 | test_acc 0.9215 | lam_1 0.0000 lam_N 0.1080 lam_N+1 0.7649 gap 0.6569 | t_epoch   8.1s eta 2m33s (total ~13m29s)
epoch  82/100 | loss 0.8063 ce 0.3578 reg 4.4852e-01 | test_acc 0.9166 | lam_1 -0.0000 lam_N 0.1013 lam_N+1 0.7641 gap 0.6627 | t_epoch   8.1s eta 2m25s (total ~13m29s)
epoch  83/100 | loss 0.8054 ce 0.3565 reg 4.4884e-01 | test_acc 0.9230 | lam_1 0.0000 lam_N 0.0996 lam_N+1 0.7647 gap 0.6650 | t_epoch   8.1s eta 2m17s (total ~13m29s)
epoch  84/100 | loss 0.8040 ce 0.3551 reg 4.4892e-01 | test_acc 0.9225 | lam_1 0.0000 lam_N 0.0947 lam_N+1 0.7631 gap 0.6683 | t_epoch   8.1s eta 2m09s (total ~13m29s)
epoch  85/100 | loss 0.8054 ce 0.3567 reg 4.4876e-01 | test_acc 0.9185 | lam_1 -0.0000 lam_N 0.0892 lam_N+1 0.7635 gap 0.6743 | t_epoch   8.1s eta 2m01s (total ~13m29s)
epoch  86/100 | loss 0.8041 ce 0.3551 reg 4.4898e-01 | test_acc 0.9211 | lam_1 -0.0000 lam_N 0.0881 lam_N+1 0.7612 gap 0.6731 | t_epoch   8.1s eta 1m53s (total ~13m29s)
epoch  87/100 | loss 0.8041 ce 0.3552 reg 4.4897e-01 | test_acc 0.9208 | lam_1 -0.0000 lam_N 0.0833 lam_N+1 0.7595 gap 0.6762 | t_epoch   8.1s eta 1m45s (total ~13m29s)
epoch  88/100 | loss 0.8043 ce 0.3556 reg 4.4869e-01 | test_acc 0.9189 | lam_1 -0.0000 lam_N 0.0861 lam_N+1 0.7614 gap 0.6753 | t_epoch   8.1s eta 1m37s (total ~13m29s)
epoch  89/100 | loss 0.8040 ce 0.3549 reg 4.4910e-01 | test_acc 0.9213 | lam_1 -0.0000 lam_N 0.0825 lam_N+1 0.7611 gap 0.6786 | t_epoch   8.1s eta 1m29s (total ~13m29s)
epoch  90/100 | loss 0.8031 ce 0.3539 reg 4.4921e-01 | test_acc 0.9259 | lam_1 0.0000 lam_N 0.0791 lam_N+1 0.7599 gap 0.6808 | t_epoch   8.0s eta 1m20s (total ~13m29s)
epoch  91/100 | loss 0.8031 ce 0.3540 reg 4.4908e-01 | test_acc 0.9188 | lam_1 -0.0000 lam_N 0.0764 lam_N+1 0.7600 gap 0.6837 | t_epoch   8.1s eta 1m12s (total ~13m29s)
epoch  92/100 | loss 0.8036 ce 0.3543 reg 4.4928e-01 | test_acc 0.9187 | lam_1 0.0000 lam_N 0.0697 lam_N+1 0.7588 gap 0.6891 | t_epoch   8.1s eta 1m04s (total ~13m29s)
epoch  93/100 | loss 0.8031 ce 0.3541 reg 4.4897e-01 | test_acc 0.9224 | lam_1 0.0000 lam_N 0.0667 lam_N+1 0.7578 gap 0.6912 | t_epoch   8.1s eta 56s (total ~13m29s)
epoch  94/100 | loss 0.8032 ce 0.3539 reg 4.4931e-01 | test_acc 0.9194 | lam_1 0.0000 lam_N 0.0667 lam_N+1 0.7570 gap 0.6904 | t_epoch   8.1s eta 48s (total ~13m29s)
epoch  95/100 | loss 0.8042 ce 0.3551 reg 4.4903e-01 | test_acc 0.9200 | lam_1 0.0000 lam_N 0.0669 lam_N+1 0.7581 gap 0.6912 | t_epoch   8.0s eta 40s (total ~13m29s)
epoch  96/100 | loss 0.8038 ce 0.3549 reg 4.4890e-01 | test_acc 0.9269 | lam_1 -0.0000 lam_N 0.0650 lam_N+1 0.7580 gap 0.6930 | t_epoch   8.1s eta 32s (total ~13m29s)
epoch  97/100 | loss 0.8022 ce 0.3530 reg 4.4924e-01 | test_acc 0.9195 | lam_1 0.0000 lam_N 0.0644 lam_N+1 0.7581 gap 0.6937 | t_epoch   8.1s eta 24s (total ~13m29s)
epoch  98/100 | loss 0.8037 ce 0.3548 reg 4.4897e-01 | test_acc 0.9215 | lam_1 0.0000 lam_N 0.0643 lam_N+1 0.7580 gap 0.6937 | t_epoch   8.1s eta 16s (total ~13m29s)
epoch  99/100 | loss 0.8028 ce 0.3539 reg 4.4891e-01 | test_acc 0.9178 | lam_1 0.0000 lam_N 0.0639 lam_N+1 0.7579 gap 0.6940 | t_epoch   8.2s eta 8s (total ~13m29s)
epoch 100/100 | loss 0.8035 ce 0.3544 reg 4.4915e-01 | test_acc 0.9188 | lam_1 0.0000 lam_N 0.0639 lam_N+1 0.7579 gap 0.6941 | t_epoch   8.1s eta 0s (total ~13m29s)
training complete in 13m29s (mean 8.1s/epoch over 100 epochs)
saved metrics + weights + plots to results/N3_reg1.0_h1536
