run_dir=results/N4_reg1.0_h2048 device=cuda N=4 hidden_dim=2048 reg_weight=1.0 alpha=2.0 epochs=100
epoch  0 (init)            | first 10 eigs = [-0.0000, 0.9891, 0.9894, 0.9897, 0.9898, 0.9900, 0.9901, 0.9902, 0.9903, 0.9904]
epoch   1/100 | loss 2.3965 ce 2.3052 reg 9.1327e-02 | test_acc 0.1008 | lam_1 -0.0000 lam_N 0.9763 lam_N+1 0.9804 gap 0.0040 | t_epoch   7.6s eta 12m28s (total ~12m35s)
epoch   2/100 | loss 2.1825 ce 2.1277 reg 5.4768e-02 | test_acc 0.1854 | lam_1 -0.0000 lam_N 0.9482 lam_N+1 0.9853 gap 0.0371 | t_epoch   7.1s eta 11m59s (total ~12m14s)
epoch   3/100 | loss 2.0653 ce 1.9836 reg 8.1680e-02 | test_acc 0.1969 | lam_1 0.0000 lam_N 0.9136 lam_N+1 0.9857 gap 0.0721 | t_epoch   7.1s eta 11m43s (total ~12m05s)
epoch   4/100 | loss 2.0096 ce 1.9248 reg 8.4810e-02 | test_acc 0.2325 | lam_1 0.0000 lam_N 0.8921 lam_N+1 0.9822 gap 0.0901 | t_epoch   7.2s eta 11m35s (total ~12m04s)
epoch   5/100 | loss 1.9410 ce 1.8298 reg 1.1127e-01 | test_acc 0.2548 | lam_1 -0.0000 lam_N 0.9217 lam_N+1 0.9755 gap 0.0538 | t_epoch   7.1s eta 11m25s (total ~12m01s)
epoch   6/100 | loss 1.8899 ce 1.7668 reg 1.2311e-01 | test_acc 0.2861 | lam_1 -0.0000 lam_N 0.9201 lam_N+1 0.9734 gap 0.0533 | t_epoch   7.0s eta 11m15s (total ~11m58s)
epoch   7/100 | loss 1.8389 ce 1.7052 reg 1.3367e-01 | test_acc 0.3166 | lam_1 0.0000 lam_N 0.9082 lam_N+1 0.9688 gap 0.0606 | t_epoch   7.0s eta 11m05s (total ~11m55s)
epoch   8/100 | loss 1.8026 ce 1.6569 reg 1.4569e-01 | test_acc 0.3437 | lam_1 0.0000 lam_N 0.8939 lam_N+1 0.9623 gap 0.0684 | t_epoch   7.1s eta 10m57s (total ~11m54s)
epoch   9/100 | loss 1.7730 ce 1.6096 reg 1.6339e-01 | test_acc 0.3326 | lam_1 0.0000 lam_N 0.8779 lam_N+1 0.9600 gap 0.0820 | t_epoch   7.0s eta 10m48s (total ~11m52s)
epoch  10/100 | loss 1.7263 ce 1.5377 reg 1.8860e-01 | test_acc 0.3367 | lam_1 -0.0000 lam_N 0.8525 lam_N+1 0.9483 gap 0.0957 | t_epoch   7.2s eta 10m42s (total ~11m53s)
epoch  11/100 | loss 1.6871 ce 1.4799 reg 2.0717e-01 | test_acc 0.4559 | lam_1 -0.0000 lam_N 0.8232 lam_N+1 0.9488 gap 0.1256 | t_epoch   7.1s eta 10m34s (total ~11m52s)
epoch  12/100 | loss 1.6283 ce 1.3952 reg 2.3314e-01 | test_acc 0.5004 | lam_1 0.0000 lam_N 0.7897 lam_N+1 0.9433 gap 0.1536 | t_epoch   7.0s eta 10m26s (total ~11m51s)
epoch  13/100 | loss 1.5710 ce 1.3094 reg 2.6169e-01 | test_acc 0.5869 | lam_1 -0.0000 lam_N 0.7672 lam_N+1 0.9178 gap 0.1506 | t_epoch   7.0s eta 10m18s (total ~11m51s)
epoch  14/100 | loss 1.5062 ce 1.2089 reg 2.9730e-01 | test_acc 0.6483 | lam_1 0.0000 lam_N 0.7411 lam_N+1 0.9063 gap 0.1652 | t_epoch   7.1s eta 10m11s (total ~11m50s)
epoch  15/100 | loss 1.4565 ce 1.1378 reg 3.1868e-01 | test_acc 0.6603 | lam_1 -0.0000 lam_N 0.7138 lam_N+1 0.8871 gap 0.1733 | t_epoch   7.2s eta 10m04s (total ~11m51s)
epoch  16/100 | loss 1.4146 ce 1.0834 reg 3.3119e-01 | test_acc 0.6775 | lam_1 0.0000 lam_N 0.6778 lam_N+1 0.8715 gap 0.1938 | t_epoch   7.0s eta 9m57s (total ~11m50s)
epoch  17/100 | loss 1.3834 ce 1.0413 reg 3.4205e-01 | test_acc 0.7091 | lam_1 -0.0000 lam_N 0.6547 lam_N+1 0.8615 gap 0.2068 | t_epoch   7.0s eta 9m49s (total ~11m50s)
epoch  18/100 | loss 1.3469 ce 0.9886 reg 3.5835e-01 | test_acc 0.7476 | lam_1 0.0000 lam_N 0.6323 lam_N+1 0.8613 gap 0.2291 | t_epoch   7.0s eta 9m42s (total ~11m49s)
epoch  19/100 | loss 1.3174 ce 0.9464 reg 3.7097e-01 | test_acc 0.7356 | lam_1 0.0000 lam_N 0.6169 lam_N+1 0.8484 gap 0.2316 | t_epoch   7.2s eta 9m35s (total ~11m50s)
epoch  20/100 | loss 1.2866 ce 0.9042 reg 3.8241e-01 | test_acc 0.7748 | lam_1 0.0000 lam_N 0.5854 lam_N+1 0.8466 gap 0.2612 | t_epoch   7.1s eta 9m28s (total ~11m50s)
epoch  21/100 | loss 1.2644 ce 0.8779 reg 3.8658e-01 | test_acc 0.7455 | lam_1 0.0000 lam_N 0.5761 lam_N+1 0.8415 gap 0.2654 | t_epoch   7.1s eta 9m21s (total ~11m50s)
epoch  22/100 | loss 1.2587 ce 0.8686 reg 3.9003e-01 | test_acc 0.7732 | lam_1 -0.0000 lam_N 0.5703 lam_N+1 0.8355 gap 0.2652 | t_epoch   7.2s eta 9m14s (total ~11m50s)
epoch  23/100 | loss 1.2342 ce 0.8383 reg 3.9597e-01 | test_acc 0.7657 | lam_1 -0.0000 lam_N 0.5564 lam_N+1 0.8387 gap 0.2823 | t_epoch   7.1s eta 9m07s (total ~11m50s)
epoch  24/100 | loss 1.2217 ce 0.8226 reg 3.9915e-01 | test_acc 0.8103 | lam_1 0.0000 lam_N 0.5299 lam_N+1 0.8316 gap 0.3017 | t_epoch   7.1s eta 8m59s (total ~11m50s)
epoch  25/100 | loss 1.2063 ce 0.8013 reg 4.0504e-01 | test_acc 0.8000 | lam_1 0.0000 lam_N 0.5396 lam_N+1 0.8336 gap 0.2941 | t_epoch   7.2s eta 8m53s (total ~11m50s)
epoch  26/100 | loss 1.2033 ce 0.7966 reg 4.0675e-01 | test_acc 0.8092 | lam_1 0.0000 lam_N 0.5123 lam_N+1 0.8251 gap 0.3128 | t_epoch   7.1s eta 8m46s (total ~11m50s)
epoch  27/100 | loss 1.1801 ce 0.7646 reg 4.1552e-01 | test_acc 0.8462 | lam_1 -0.0000 lam_N 0.5190 lam_N+1 0.8281 gap 0.3091 | t_epoch   7.2s eta 8m39s (total ~11m51s)
epoch  28/100 | loss 1.1679 ce 0.7449 reg 4.2304e-01 | test_acc 0.8370 | lam_1 0.0000 lam_N 0.5057 lam_N+1 0.8270 gap 0.3213 | t_epoch   7.1s eta 8m32s (total ~11m51s)
epoch  29/100 | loss 1.1595 ce 0.7315 reg 4.2800e-01 | test_acc 0.8368 | lam_1 -0.0000 lam_N 0.5007 lam_N+1 0.8231 gap 0.3224 | t_epoch   7.1s eta 8m24s (total ~11m51s)
epoch  30/100 | loss 1.1513 ce 0.7197 reg 4.3159e-01 | test_acc 0.8536 | lam_1 0.0000 lam_N 0.5046 lam_N+1 0.8296 gap 0.3250 | t_epoch   7.1s eta 8m17s (total ~11m51s)
epoch  31/100 | loss 1.1373 ce 0.7000 reg 4.3728e-01 | test_acc 0.8556 | lam_1 -0.0000 lam_N 0.4801 lam_N+1 0.8208 gap 0.3407 | t_epoch   7.2s eta 8m10s (total ~11m51s)
epoch  32/100 | loss 1.1269 ce 0.6857 reg 4.4118e-01 | test_acc 0.8467 | lam_1 0.0000 lam_N 0.4829 lam_N+1 0.8224 gap 0.3395 | t_epoch   7.0s eta 8m03s (total ~11m51s)
epoch  33/100 | loss 1.1154 ce 0.6704 reg 4.4503e-01 | test_acc 0.8585 | lam_1 -0.0000 lam_N 0.4778 lam_N+1 0.8199 gap 0.3421 | t_epoch   7.2s eta 7m56s (total ~11m51s)
epoch  34/100 | loss 1.1100 ce 0.6630 reg 4.4699e-01 | test_acc 0.8788 | lam_1 -0.0000 lam_N 0.4615 lam_N+1 0.8133 gap 0.3519 | t_epoch   7.2s eta 7m49s (total ~11m51s)
epoch  35/100 | loss 1.0953 ce 0.6442 reg 4.5109e-01 | test_acc 0.8799 | lam_1 -0.0000 lam_N 0.4634 lam_N+1 0.8230 gap 0.3597 | t_epoch   7.1s eta 7m42s (total ~11m51s)
epoch  36/100 | loss 1.0909 ce 0.6393 reg 4.5161e-01 | test_acc 0.8760 | lam_1 0.0000 lam_N 0.4557 lam_N+1 0.8179 gap 0.3622 | t_epoch   7.0s eta 7m35s (total ~11m51s)
epoch  37/100 | loss 1.0830 ce 0.6272 reg 4.5579e-01 | test_acc 0.8705 | lam_1 0.0000 lam_N 0.4564 lam_N+1 0.8192 gap 0.3627 | t_epoch   7.1s eta 7m28s (total ~11m51s)
epoch  38/100 | loss 1.0810 ce 0.6260 reg 4.5502e-01 | test_acc 0.8720 | lam_1 0.0000 lam_N 0.4614 lam_N+1 0.8169 gap 0.3556 | t_epoch   7.2s eta 7m21s (total ~11m51s)
epoch  39/100 | loss 1.0715 ce 0.6130 reg 4.5846e-01 | test_acc 0.8645 | lam_1 -0.0000 lam_N 0.4409 lam_N+1 0.8074 gap 0.3665 | t_epoch   7.1s eta 7m14s (total ~11m51s)
epoch  40/100 | loss 1.0676 ce 0.6074 reg 4.6016e-01 | test_acc 0.8799 | lam_1 -0.0000 lam_N 0.4360 lam_N+1 0.8132 gap 0.3772 | t_epoch   7.1s eta 7m06s (total ~11m51s)
epoch  41/100 | loss 1.0593 ce 0.5968 reg 4.6252e-01 | test_acc 0.8763 | lam_1 0.0000 lam_N 0.4404 lam_N+1 0.8139 gap 0.3735 | t_epoch   7.1s eta 6m59s (total ~11m51s)
epoch  42/100 | loss 1.0562 ce 0.5933 reg 4.6284e-01 | test_acc 0.8885 | lam_1 -0.0000 lam_N 0.4296 lam_N+1 0.8134 gap 0.3838 | t_epoch   7.1s eta 6m52s (total ~11m51s)
epoch  43/100 | loss 1.0484 ce 0.5833 reg 4.6509e-01 | test_acc 0.8863 | lam_1 0.0000 lam_N 0.4348 lam_N+1 0.8118 gap 0.3770 | t_epoch   7.1s eta 6m45s (total ~11m51s)
epoch  44/100 | loss 1.0436 ce 0.5762 reg 4.6735e-01 | test_acc 0.8875 | lam_1 -0.0000 lam_N 0.4330 lam_N+1 0.8075 gap 0.3745 | t_epoch   7.0s eta 6m38s (total ~11m51s)
epoch  45/100 | loss 1.0402 ce 0.5731 reg 4.6712e-01 | test_acc 0.8918 | lam_1 -0.0000 lam_N 0.4254 lam_N+1 0.8069 gap 0.3815 | t_epoch   7.2s eta 6m31s (total ~11m51s)
epoch  46/100 | loss 1.0313 ce 0.5604 reg 4.7092e-01 | test_acc 0.8912 | lam_1 0.0000 lam_N 0.4179 lam_N+1 0.8047 gap 0.3868 | t_epoch   7.1s eta 6m24s (total ~11m51s)
epoch  47/100 | loss 1.0309 ce 0.5604 reg 4.7058e-01 | test_acc 0.8928 | lam_1 -0.0000 lam_N 0.4127 lam_N+1 0.8048 gap 0.3921 | t_epoch   7.0s eta 6m16s (total ~11m51s)
epoch  48/100 | loss 1.0239 ce 0.5510 reg 4.7284e-01 | test_acc 0.8834 | lam_1 -0.0000 lam_N 0.4097 lam_N+1 0.8061 gap 0.3964 | t_epoch   7.2s eta 6m09s (total ~11m51s)
epoch  49/100 | loss 1.0217 ce 0.5487 reg 4.7297e-01 | test_acc 0.8869 | lam_1 0.0000 lam_N 0.4083 lam_N+1 0.8054 gap 0.3971 | t_epoch   7.1s eta 6m02s (total ~11m51s)
epoch  50/100 | loss 1.0246 ce 0.5511 reg 4.7344e-01 | test_acc 0.8916 | lam_1 -0.0000 lam_N 0.3909 lam_N+1 0.8021 gap 0.4113 | t_epoch   7.0s eta 5m55s (total ~11m50s)
epoch  51/100 | loss 1.0169 ce 0.5423 reg 4.7458e-01 | test_acc 0.9002 | lam_1 -0.0000 lam_N 0.4058 lam_N+1 0.8040 gap 0.3982 | t_epoch   7.0s eta 5m48s (total ~11m50s)
epoch  52/100 | loss 1.0102 ce 0.5338 reg 4.7641e-01 | test_acc 0.8909 | lam_1 0.0000 lam_N 0.3940 lam_N+1 0.8001 gap 0.4061 | t_epoch   7.0s eta 5m41s (total ~11m50s)
epoch  53/100 | loss 1.0049 ce 0.5264 reg 4.7851e-01 | test_acc 0.8882 | lam_1 0.0000 lam_N 0.3796 lam_N+1 0.7973 gap 0.4176 | t_epoch   7.2s eta 5m34s (total ~11m50s)
epoch  54/100 | loss 0.9997 ce 0.5212 reg 4.7855e-01 | test_acc 0.9084 | lam_1 -0.0000 lam_N 0.3830 lam_N+1 0.8007 gap 0.4177 | t_epoch   7.2s eta 5m26s (total ~11m50s)
epoch  55/100 | loss 0.9985 ce 0.5186 reg 4.7991e-01 | test_acc 0.9009 | lam_1 -0.0000 lam_N 0.3746 lam_N+1 0.7973 gap 0.4227 | t_epoch   7.1s eta 5m19s (total ~11m50s)
epoch  56/100 | loss 0.9955 ce 0.5144 reg 4.8110e-01 | test_acc 0.8988 | lam_1 0.0000 lam_N 0.3738 lam_N+1 0.7971 gap 0.4233 | t_epoch   7.2s eta 5m12s (total ~11m50s)
epoch  57/100 | loss 0.9918 ce 0.5107 reg 4.8110e-01 | test_acc 0.9096 | lam_1 0.0000 lam_N 0.3731 lam_N+1 0.7970 gap 0.4239 | t_epoch   7.0s eta 5m05s (total ~11m50s)
epoch  58/100 | loss 0.9863 ce 0.5029 reg 4.8349e-01 | test_acc 0.9049 | lam_1 0.0000 lam_N 0.3719 lam_N+1 0.7945 gap 0.4226 | t_epoch   7.1s eta 4m58s (total ~11m50s)
epoch  59/100 | loss 0.9868 ce 0.5034 reg 4.8335e-01 | test_acc 0.9066 | lam_1 -0.0000 lam_N 0.3677 lam_N+1 0.7955 gap 0.4278 | t_epoch   7.2s eta 4m51s (total ~11m50s)
epoch  60/100 | loss 0.9851 ce 0.5015 reg 4.8352e-01 | test_acc 0.9008 | lam_1 0.0000 lam_N 0.3623 lam_N+1 0.7940 gap 0.4317 | t_epoch   7.2s eta 4m44s (total ~11m50s)
epoch  61/100 | loss 0.9806 ce 0.4962 reg 4.8441e-01 | test_acc 0.9082 | lam_1 -0.0000 lam_N 0.3652 lam_N+1 0.7943 gap 0.4292 | t_epoch   7.1s eta 4m37s (total ~11m50s)
epoch  62/100 | loss 0.9790 ce 0.4941 reg 4.8498e-01 | test_acc 0.9038 | lam_1 -0.0000 lam_N 0.3549 lam_N+1 0.7911 gap 0.4362 | t_epoch   7.2s eta 4m30s (total ~11m51s)
epoch  63/100 | loss 0.9777 ce 0.4924 reg 4.8535e-01 | test_acc 0.9082 | lam_1 -0.0000 lam_N 0.3569 lam_N+1 0.7913 gap 0.4344 | t_epoch   7.2s eta 4m23s (total ~11m51s)
epoch  64/100 | loss 0.9737 ce 0.4870 reg 4.8669e-01 | test_acc 0.9119 | lam_1 -0.0000 lam_N 0.3488 lam_N+1 0.7877 gap 0.4389 | t_epoch   7.1s eta 4m15s (total ~11m51s)
epoch  65/100 | loss 0.9710 ce 0.4833 reg 4.8771e-01 | test_acc 0.9043 | lam_1 0.0000 lam_N 0.3390 lam_N+1 0.7862 gap 0.4472 | t_epoch   7.1s eta 4m08s (total ~11m51s)
epoch  66/100 | loss 0.9717 ce 0.4852 reg 4.8650e-01 | test_acc 0.9105 | lam_1 0.0000 lam_N 0.3365 lam_N+1 0.7859 gap 0.4494 | t_epoch   7.1s eta 4m01s (total ~11m50s)
epoch  67/100 | loss 0.9695 ce 0.4817 reg 4.8786e-01 | test_acc 0.9066 | lam_1 0.0000 lam_N 0.3322 lam_N+1 0.7831 gap 0.4508 | t_epoch   7.0s eta 3m54s (total ~11m50s)
epoch  68/100 | loss 0.9679 ce 0.4801 reg 4.8784e-01 | test_acc 0.9091 | lam_1 -0.0000 lam_N 0.3324 lam_N+1 0.7841 gap 0.4517 | t_epoch   7.1s eta 3m47s (total ~11m50s)
epoch  69/100 | loss 0.9689 ce 0.4817 reg 4.8726e-01 | test_acc 0.9047 | lam_1 0.0000 lam_N 0.3235 lam_N+1 0.7845 gap 0.4611 | t_epoch   7.2s eta 3m40s (total ~11m51s)
epoch  70/100 | loss 0.9643 ce 0.4752 reg 4.8907e-01 | test_acc 0.9042 | lam_1 -0.0000 lam_N 0.3290 lam_N+1 0.7858 gap 0.4568 | t_epoch   7.1s eta 3m33s (total ~11m51s)
epoch  71/100 | loss 0.9627 ce 0.4733 reg 4.8939e-01 | test_acc 0.9073 | lam_1 -0.0000 lam_N 0.3301 lam_N+1 0.7825 gap 0.4524 | t_epoch   7.2s eta 3m26s (total ~11m51s)
epoch  72/100 | loss 0.9625 ce 0.4731 reg 4.8939e-01 | test_acc 0.9056 | lam_1 -0.0000 lam_N 0.3192 lam_N+1 0.7796 gap 0.4604 | t_epoch   7.1s eta 3m19s (total ~11m51s)
epoch  73/100 | loss 0.9600 ce 0.4699 reg 4.9003e-01 | test_acc 0.9122 | lam_1 0.0000 lam_N 0.3146 lam_N+1 0.7782 gap 0.4637 | t_epoch   7.1s eta 3m12s (total ~11m51s)
epoch  74/100 | loss 0.9603 ce 0.4706 reg 4.8975e-01 | test_acc 0.9137 | lam_1 0.0000 lam_N 0.3183 lam_N+1 0.7793 gap 0.4610 | t_epoch   7.0s eta 3m04s (total ~11m51s)
epoch  75/100 | loss 0.9575 ce 0.4669 reg 4.9061e-01 | test_acc 0.9084 | lam_1 -0.0000 lam_N 0.3113 lam_N+1 0.7801 gap 0.4688 | t_epoch   7.1s eta 2m57s (total ~11m51s)
epoch  76/100 | loss 0.9572 ce 0.4663 reg 4.9085e-01 | test_acc 0.9109 | lam_1 0.0000 lam_N 0.3095 lam_N+1 0.7777 gap 0.4682 | t_epoch   7.2s eta 2m50s (total ~11m51s)
epoch  77/100 | loss 0.9553 ce 0.4643 reg 4.9105e-01 | test_acc 0.9141 | lam_1 -0.0000 lam_N 0.3050 lam_N+1 0.7745 gap 0.4696 | t_epoch   7.2s eta 2m43s (total ~11m51s)
epoch  78/100 | loss 0.9553 ce 0.4641 reg 4.9126e-01 | test_acc 0.9066 | lam_1 0.0000 lam_N 0.3032 lam_N+1 0.7780 gap 0.4748 | t_epoch   7.1s eta 2m36s (total ~11m51s)
epoch  79/100 | loss 0.9537 ce 0.4620 reg 4.9171e-01 | test_acc 0.9154 | lam_1 0.0000 lam_N 0.2949 lam_N+1 0.7763 gap 0.4814 | t_epoch   7.0s eta 2m29s (total ~11m51s)
epoch  80/100 | loss 0.9540 ce 0.4628 reg 4.9123e-01 | test_acc 0.9132 | lam_1 -0.0000 lam_N 0.2984 lam_N+1 0.7764 gap 0.4780 | t_epoch   7.2s eta 2m22s (total ~11m51s)
epoch  81/100 | loss 0.9519 ce 0.4596 reg 4.9228e-01 | test_acc 0.9067 | lam_1 0.0000 lam_N 0.2913 lam_N+1 0.7743 gap 0.4830 | t_epoch   7.0s eta 2m15s (total ~11m51s)
epoch  82/100 | loss 0.9518 ce 0.4598 reg 4.9199e-01 | test_acc 0.9145 | lam_1 0.0000 lam_N 0.2920 lam_N+1 0.7739 gap 0.4819 | t_epoch   7.1s eta 2m07s (total ~11m51s)
epoch  83/100 | loss 0.9512 ce 0.4589 reg 4.9226e-01 | test_acc 0.9133 | lam_1 0.0000 lam_N 0.2867 lam_N+1 0.7736 gap 0.4869 | t_epoch   7.1s eta 2m00s (total ~11m51s)
epoch  84/100 | loss 0.9511 ce 0.4590 reg 4.9212e-01 | test_acc 0.9127 | lam_1 -0.0000 lam_N 0.2778 lam_N+1 0.7704 gap 0.4926 | t_epoch   7.0s eta 1m53s (total ~11m50s)
epoch  85/100 | loss 0.9504 ce 0.4581 reg 4.9232e-01 | test_acc 0.9143 | lam_1 -0.0000 lam_N 0.2760 lam_N+1 0.7692 gap 0.4932 | t_epoch   7.0s eta 1m46s (total ~11m50s)
epoch  86/100 | loss 0.9501 ce 0.4575 reg 4.9259e-01 | test_acc 0.9133 | lam_1 -0.0000 lam_N 0.2762 lam_N+1 0.7700 gap 0.4938 | t_epoch   7.0s eta 1m39s (total ~11m50s)
epoch  87/100 | loss 0.9505 ce 0.4583 reg 4.9221e-01 | test_acc 0.9107 | lam_1 -0.0000 lam_N 0.2729 lam_N+1 0.7692 gap 0.4963 | t_epoch   7.0s eta 1m32s (total ~11m50s)
epoch  88/100 | loss 0.9477 ce 0.4545 reg 4.9313e-01 | test_acc 0.9140 | lam_1 0.0000 lam_N 0.2682 lam_N+1 0.7676 gap 0.4994 | t_epoch   7.0s eta 1m25s (total ~11m50s)
epoch  89/100 | loss 0.9496 ce 0.4567 reg 4.9289e-01 | test_acc 0.9179 | lam_1 -0.0000 lam_N 0.2644 lam_N+1 0.7665 gap 0.5021 | t_epoch   7.1s eta 1m18s (total ~11m50s)
epoch  90/100 | loss 0.9480 ce 0.4550 reg 4.9297e-01 | test_acc 0.9115 | lam_1 -0.0000 lam_N 0.2638 lam_N+1 0.7667 gap 0.5029 | t_epoch   7.0s eta 1m11s (total ~11m50s)
epoch  91/100 | loss 0.9476 ce 0.4544 reg 4.9323e-01 | test_acc 0.9097 | lam_1 0.0000 lam_N 0.2629 lam_N+1 0.7671 gap 0.5043 | t_epoch   7.1s eta 1m03s (total ~11m50s)
epoch  92/100 | loss 0.9483 ce 0.4556 reg 4.9266e-01 | test_acc 0.9165 | lam_1 0.0000 lam_N 0.2625 lam_N+1 0.7667 gap 0.5043 | t_epoch   7.0s eta 56s (total ~11m50s)
epoch  93/100 | loss 0.9487 ce 0.4559 reg 4.9285e-01 | test_acc 0.9159 | lam_1 -0.0000 lam_N 0.2604 lam_N+1 0.7664 gap 0.5059 | t_epoch   7.1s eta 49s (total ~11m50s)
epoch  94/100 | loss 0.9472 ce 0.4539 reg 4.9329e-01 | test_acc 0.9161 | lam_1 0.0000 lam_N 0.2603 lam_N+1 0.7659 gap 0.5057 | t_epoch   7.0s eta 42s (total ~11m50s)
epoch  95/100 | loss 0.9476 ce 0.4544 reg 4.9314e-01 | test_acc 0.9162 | lam_1 0.0000 lam_N 0.2588 lam_N+1 0.7657 gap 0.5070 | t_epoch   7.1s eta 35s (total ~11m50s)
epoch  96/100 | loss 0.9473 ce 0.4546 reg 4.9273e-01 | test_acc 0.9104 | lam_1 -0.0000 lam_N 0.2581 lam_N+1 0.7657 gap 0.5077 | t_epoch   7.1s eta 28s (total ~11m50s)
epoch  97/100 | loss 0.9467 ce 0.4535 reg 4.9329e-01 | test_acc 0.9084 | lam_1 -0.0000 lam_N 0.2577 lam_N+1 0.7657 gap 0.5080 | t_epoch   7.1s eta 21s (total ~11m50s)
epoch  98/100 | loss 0.9480 ce 0.4544 reg 4.9354e-01 | test_acc 0.9229 | lam_1 0.0000 lam_N 0.2576 lam_N+1 0.7656 gap 0.5080 | t_epoch   7.1s eta 14s (total ~11m50s)
epoch  99/100 | loss 0.9474 ce 0.4549 reg 4.9253e-01 | test_acc 0.9167 | lam_1 0.0000 lam_N 0.2575 lam_N+1 0.7655 gap 0.5080 | t_epoch   7.0s eta 7s (total ~11m50s)
epoch 100/100 | loss 0.9475 ce 0.4546 reg 4.9297e-01 | test_acc 0.9129 | lam_1 0.0000 lam_N 0.2575 lam_N+1 0.7655 gap 0.5081 | t_epoch   7.0s eta 0s (total ~11m50s)
training complete in 11m50s (mean 7.1s/epoch over 100 epochs)
saved metrics + weights + plots to results/N4_reg1.0_h2048
